Archive member included to satisfy reference by file (symbol)

C:/Renesas/RA/e2studio_v2025-01_fsp_v5.8.0/toolchains/gcc_arm/13.2.rel1/bin/../lib/gcc/arm-none-eabi/13.2.1/thumb/v8-m.main+dp/hard\libg_nano.a(libc_a-exit.o)
                              C:/Renesas/RA/e2studio_v2025-01_fsp_v5.8.0/toolchains/gcc_arm/13.2.rel1/bin/../lib/gcc/arm-none-eabi/13.2.1/thumb/v8-m.main+dp/hard/crt0.o (exit)
C:/Renesas/RA/e2studio_v2025-01_fsp_v5.8.0/toolchains/gcc_arm/13.2.rel1/bin/../lib/gcc/arm-none-eabi/13.2.1/thumb/v8-m.main+dp/hard\libg_nano.a(libc_a-findfp.o)
                              C:/Renesas/RA/e2studio_v2025-01_fsp_v5.8.0/toolchains/gcc_arm/13.2.rel1/bin/../lib/gcc/arm-none-eabi/13.2.1/thumb/v8-m.main+dp/hard\libg_nano.a(libc_a-exit.o) (__stdio_exit_handler)
C:/Renesas/RA/e2studio_v2025-01_fsp_v5.8.0/toolchains/gcc_arm/13.2.rel1/bin/../lib/gcc/arm-none-eabi/13.2.1/thumb/v8-m.main+dp/hard\libg_nano.a(libc_a-fwalk.o)
                              C:/Renesas/RA/e2studio_v2025-01_fsp_v5.8.0/toolchains/gcc_arm/13.2.rel1/bin/../lib/gcc/arm-none-eabi/13.2.1/thumb/v8-m.main+dp/hard\libg_nano.a(libc_a-findfp.o) (_fwalk_sglue)
C:/Renesas/RA/e2studio_v2025-01_fsp_v5.8.0/toolchains/gcc_arm/13.2.rel1/bin/../lib/gcc/arm-none-eabi/13.2.1/thumb/v8-m.main+dp/hard\libg_nano.a(libc_a-stdio.o)
                              C:/Renesas/RA/e2studio_v2025-01_fsp_v5.8.0/toolchains/gcc_arm/13.2.rel1/bin/../lib/gcc/arm-none-eabi/13.2.1/thumb/v8-m.main+dp/hard\libg_nano.a(libc_a-findfp.o) (__sread)
C:/Renesas/RA/e2studio_v2025-01_fsp_v5.8.0/toolchains/gcc_arm/13.2.rel1/bin/../lib/gcc/arm-none-eabi/13.2.1/thumb/v8-m.main+dp/hard\libg_nano.a(libc_a-memset.o)
                              C:/Renesas/RA/e2studio_v2025-01_fsp_v5.8.0/toolchains/gcc_arm/13.2.rel1/bin/../lib/gcc/arm-none-eabi/13.2.1/thumb/v8-m.main+dp/hard/crt0.o (memset)
C:/Renesas/RA/e2studio_v2025-01_fsp_v5.8.0/toolchains/gcc_arm/13.2.rel1/bin/../lib/gcc/arm-none-eabi/13.2.1/thumb/v8-m.main+dp/hard\libg_nano.a(libc_a-closer.o)
                              C:/Renesas/RA/e2studio_v2025-01_fsp_v5.8.0/toolchains/gcc_arm/13.2.rel1/bin/../lib/gcc/arm-none-eabi/13.2.1/thumb/v8-m.main+dp/hard\libg_nano.a(libc_a-stdio.o) (_close_r)
C:/Renesas/RA/e2studio_v2025-01_fsp_v5.8.0/toolchains/gcc_arm/13.2.rel1/bin/../lib/gcc/arm-none-eabi/13.2.1/thumb/v8-m.main+dp/hard\libg_nano.a(libc_a-reent.o)
                              C:/Renesas/RA/e2studio_v2025-01_fsp_v5.8.0/toolchains/gcc_arm/13.2.rel1/bin/../lib/gcc/arm-none-eabi/13.2.1/thumb/v8-m.main+dp/hard\libg_nano.a(libc_a-closer.o) (errno)
C:/Renesas/RA/e2studio_v2025-01_fsp_v5.8.0/toolchains/gcc_arm/13.2.rel1/bin/../lib/gcc/arm-none-eabi/13.2.1/thumb/v8-m.main+dp/hard\libg_nano.a(libc_a-impure.o)
                              C:/Renesas/RA/e2studio_v2025-01_fsp_v5.8.0/toolchains/gcc_arm/13.2.rel1/bin/../lib/gcc/arm-none-eabi/13.2.1/thumb/v8-m.main+dp/hard\libg_nano.a(libc_a-reent.o) (_impure_ptr)
C:/Renesas/RA/e2studio_v2025-01_fsp_v5.8.0/toolchains/gcc_arm/13.2.rel1/bin/../lib/gcc/arm-none-eabi/13.2.1/thumb/v8-m.main+dp/hard\libg_nano.a(libc_a-lseekr.o)
                              C:/Renesas/RA/e2studio_v2025-01_fsp_v5.8.0/toolchains/gcc_arm/13.2.rel1/bin/../lib/gcc/arm-none-eabi/13.2.1/thumb/v8-m.main+dp/hard\libg_nano.a(libc_a-stdio.o) (_lseek_r)
C:/Renesas/RA/e2studio_v2025-01_fsp_v5.8.0/toolchains/gcc_arm/13.2.rel1/bin/../lib/gcc/arm-none-eabi/13.2.1/thumb/v8-m.main+dp/hard\libg_nano.a(libc_a-readr.o)
                              C:/Renesas/RA/e2studio_v2025-01_fsp_v5.8.0/toolchains/gcc_arm/13.2.rel1/bin/../lib/gcc/arm-none-eabi/13.2.1/thumb/v8-m.main+dp/hard\libg_nano.a(libc_a-stdio.o) (_read_r)
C:/Renesas/RA/e2studio_v2025-01_fsp_v5.8.0/toolchains/gcc_arm/13.2.rel1/bin/../lib/gcc/arm-none-eabi/13.2.1/thumb/v8-m.main+dp/hard\libg_nano.a(libc_a-writer.o)
                              C:/Renesas/RA/e2studio_v2025-01_fsp_v5.8.0/toolchains/gcc_arm/13.2.rel1/bin/../lib/gcc/arm-none-eabi/13.2.1/thumb/v8-m.main+dp/hard\libg_nano.a(libc_a-stdio.o) (_write_r)
C:/Renesas/RA/e2studio_v2025-01_fsp_v5.8.0/toolchains/gcc_arm/13.2.rel1/bin/../lib/gcc/arm-none-eabi/13.2.1/thumb/v8-m.main+dp/hard\libg_nano.a(libc_a-errno.o)
                              ./ra/fsp/src/bsp/mcu/all/bsp_sbrk.o (__errno)
C:/Renesas/RA/e2studio_v2025-01_fsp_v5.8.0/toolchains/gcc_arm/13.2.rel1/bin/../lib/gcc/arm-none-eabi/13.2.1/thumb/v8-m.main+dp/hard\libg_nano.a(libc_a-init.o)
                              C:/Renesas/RA/e2studio_v2025-01_fsp_v5.8.0/toolchains/gcc_arm/13.2.rel1/bin/../lib/gcc/arm-none-eabi/13.2.1/thumb/v8-m.main+dp/hard/crt0.o (__libc_init_array)
C:/Renesas/RA/e2studio_v2025-01_fsp_v5.8.0/toolchains/gcc_arm/13.2.rel1/bin/../lib/gcc/arm-none-eabi/13.2.1/thumb/v8-m.main+dp/hard\libg_nano.a(libc_a-lock.o)
                              C:/Renesas/RA/e2studio_v2025-01_fsp_v5.8.0/toolchains/gcc_arm/13.2.rel1/bin/../lib/gcc/arm-none-eabi/13.2.1/thumb/v8-m.main+dp/hard\libg_nano.a(libc_a-findfp.o) (__retarget_lock_init_recursive)
[...]
Memory Configuration

Name             Origin             Length             Attributes
RAM              0x22060000         0x00080000         xrw
FLASH            0x02000000         0x00100000         xr
DATA_FLASH       0x27000000         0x00003000         xr
OSPI0_CS0        0x80000000         0x10000000         xrw
OSPI0_CS1        0x90000000         0x10000000         xr
OPTION_SETTING_OFS0 0x0300a100         0x00000004         r
OPTION_SETTING_OFS2 0x0300a104         0x00000004         r
OPTION_SETTING_DUALSEL 0x0300a110         0x00000004         r
OPTION_SETTING_OFS1 0x1300a180         0x00000004         r
OPTION_SETTING_BANKSEL 0x1300a190         0x00000004         r
OPTION_SETTING_BPS 0x1300a1c0         0x00000010         r
OPTION_SETTING_PBPS 0x1300a1e0         0x00000010         r
OPTION_SETTING_OFS1_SEC 0x0300a200         0x00000004         r
OPTION_SETTING_BANKSEL_SEC 0x0300a210         0x00000004         r
OPTION_SETTING_BPS_SEC 0x0300a240         0x00000010         r
OPTION_SETTING_PBPS_SEC 0x0300a260         0x00000010         r
OPTION_SETTING_OFS1_SEL 0x0300a280         0x00000004         r
OPTION_SETTING_BANKSEL_SEL 0x0300a290         0x00000004         r
OPTION_SETTING_BPS_SEL 0x0300a2c0         0x00000010         r
ITCM             0x00000000         0x00004000         xrw
DTCM             0x20000000         0x00004000         xrw
*default*        0x00000000         0xffffffff

Linker script and memory map

LOAD C:/Renesas/RA/e2studio_v2025-01_fsp_v5.8.0/toolchains/gcc_arm/13.2.rel1/bin/../lib/gcc/arm-none-eabi/13.2.1/thumb/v8-m.main+dp/hard/crti.o
LOAD C:/Renesas/RA/e2studio_v2025-01_fsp_v5.8.0/toolchains/gcc_arm/13.2.rel1/bin/../lib/gcc/arm-none-eabi/13.2.1/thumb/v8-m.main+dp/hard/crtbegin.o
LOAD C:/Renesas/RA/e2studio_v2025-01_fsp_v5.8.0/toolchains/gcc_arm/13.2.rel1/bin/../lib/gcc/arm-none-eabi/13.2.1/thumb/v8-m.main+dp/hard/crt0.o
START GROUP
LOAD ./src/graph/stream_src/stream_graph_interpreter.o
LOAD ./src/graph/stream_src/stream_io.o
LOAD ./src/graph/stream_src/stream_scheduler.o
LOAD ./src/graph/stream_platform/ra8e1/stream_libraries/CMSIS-DSP/Source/FilteringFunctions/ra8e1_arm_biquad_cascade_df1_fast_q15.o
LOAD ./src/graph/stream_platform/ra8e1/stream_libraries/CMSIS-DSP/Source/FilteringFunctions/ra8e1_arm_biquad_cascade_df1_init_q15.o
LOAD ./src/graph/stream_platform/ra8e1/stream_libraries/CMSIS-DSP/Source/CommonTables/arm_common_tables.o
LOAD ./src/graph/stream_platform/ra8e1/stream_libraries/CMSIS-DSP/Source/CommonTables/arm_const_structs.o
LOAD ./src/graph/stream_platform/ra8e1/stream_libraries/CMSIS-DSP/Source/CommonTables/arm_mve_tables.o
LOAD ./src/graph/stream_platform/ra8e1/graph_test_scheduler.o
LOAD ./src/graph/stream_platform/ra8e1/ra8e1_io_services.o
LOAD ./src/graph/stream_platform/ra8e1/top_manifest_ra8e1.o
LOAD ./src/graph/stream_platform/platform_services/stream_libraries/standard_library/floating_point.o
LOAD ./src/graph/stream_platform/platform_services/stream_libraries/CMSIS-DSP/Source/FilteringFunctions/generic_biquad_cascade_df1_f32.o
LOAD ./src/graph/stream_platform/platform_services/stream_libraries/CMSIS-DSP/Source/FilteringFunctions/generic_biquad_cascade_df1_fast_q15.o
LOAD ./src/graph/stream_platform/platform_services/stream_libraries/CMSIS-DSP/Source/FilteringFunctions/generic_biquad_cascade_df1_init_f32.o
LOAD ./src/graph/stream_platform/platform_services/stream_libraries/CMSIS-DSP/Source/FilteringFunctions/generic_biquad_cascade_df1_init_q15.o
LOAD ./src/graph/stream_platform/platform_services/all_services.o
LOAD ./src/graph/stream_platform/platform_services/platform_init.o
LOAD ./src/graph/stream_nodes/signal-processingFR/resampler/sigp_stream_resampler.o
LOAD ./src/graph/stream_nodes/signal-processingFR/resampler/sigp_stream_resampler_process.o
LOAD ./src/graph/stream_nodes/signal-processingFR/kws/sigp_stream_kws.o
LOAD ./src/graph/stream_nodes/signal-processingFR/detector2D/sigp_stream_detector2D.o
LOAD ./src/graph/stream_nodes/signal-processingFR/detector2D/sigp_stream_detector2D_process.o
LOAD ./src/graph/stream_nodes/signal-processingFR/detector/sigp_stream_detector.o
LOAD ./src/graph/stream_nodes/signal-processingFR/detector/sigp_stream_detector_process.o
LOAD ./src/graph/stream_nodes/signal-processingFR/decompressor/sigp_stream_decompressor.o
LOAD ./src/graph/stream_nodes/signal-processingFR/decompressor/sigp_stream_decompressor_imadpcm.o
LOAD ./src/graph/stream_nodes/signal-processingFR/compressor/sigp_stream_compressor.o
LOAD ./src/graph/stream_nodes/signal-processingFR/compressor/sigp_stream_compressor_imadpcm.o
LOAD ./src/graph/stream_nodes/signal-processingFR/compressor/sigp_stream_compressor_process.o
LOAD ./src/graph/stream_nodes/elm-lang/TJpgDec/TjpgDec.o
LOAD ./src/graph/stream_nodes/bitbank/JPEGENC/bitbank_JPEGENC.o
LOAD ./src/graph/stream_nodes/arm/script/arm_stream_script.o
LOAD ./src/graph/stream_nodes/arm/script/arm_stream_script_process.o
LOAD ./src/graph/stream_nodes/arm/router/arm_stream_router.o
LOAD ./src/graph/stream_nodes/arm/router/arm_stream_router_process.o
LOAD ./src/graph/stream_nodes/arm/modulator/arm_stream_modulator.o
LOAD ./src/graph/stream_nodes/arm/modulator/arm_stream_modulator_process.o
LOAD ./src/graph/stream_nodes/arm/fixedbf/arm_stream_fixedbf.o
LOAD ./src/graph/stream_nodes/arm/filter2D/arm_stream_filter2D.o
LOAD ./src/graph/stream_nodes/arm/filter/arm_stream_filter.o
LOAD ./src/graph/stream_nodes/arm/demodulator/arm_stream_demodulator.o
LOAD ./src/graph/stream_nodes/arm/demodulator/arm_stream_demodulator_process.o
LOAD ./src/graph/stream_nodes/arm/anr/arm_stream_anr.o
LOAD ./src/graph/stream_nodes/arm/amplifier/arm_stream_amplifier.o
LOAD ./src/graph/stream_nodes/arm/amplifier/arm_stream_amplifier_process.o
LOAD ./src/graph_time.o
LOAD ./src/hal_warmstart.o
LOAD ./src/new_thread0_entry.o
LOAD ./src/new_thread1_entry.o
LOAD ./src/new_thread2_entry.o
LOAD ./ra_gen/common_data.o
LOAD ./ra_gen/hal_data.o
LOAD ./ra_gen/main.o
LOAD ./ra_gen/new_thread0.o
LOAD ./ra_gen/new_thread1.o
LOAD ./ra_gen/new_thread2.o
LOAD ./ra_gen/pin_data.o
LOAD ./ra_gen/vector_data.o
LOAD ./ra/fsp/src/rm_freertos_port/port.o
LOAD ./ra/fsp/src/r_ioport/r_ioport.o
LOAD ./ra/fsp/src/bsp/mcu/ra8e1/bsp_linker.o
LOAD ./ra/fsp/src/bsp/mcu/all/bsp_clocks.o
LOAD ./ra/fsp/src/bsp/mcu/all/bsp_common.o
LOAD ./ra/fsp/src/bsp/mcu/all/bsp_delay.o
LOAD ./ra/fsp/src/bsp/mcu/all/bsp_group_irq.o
LOAD ./ra/fsp/src/bsp/mcu/all/bsp_guard.o
LOAD ./ra/fsp/src/bsp/mcu/all/bsp_io.o
LOAD ./ra/fsp/src/bsp/mcu/all/bsp_ipc.o
LOAD ./ra/fsp/src/bsp/mcu/all/bsp_irq.o
LOAD ./ra/fsp/src/bsp/mcu/all/bsp_macl.o
LOAD ./ra/fsp/src/bsp/mcu/all/bsp_ospi_b.o
LOAD ./ra/fsp/src/bsp/mcu/all/bsp_register_protection.o
LOAD ./ra/fsp/src/bsp/mcu/all/bsp_sbrk.o
LOAD ./ra/fsp/src/bsp/mcu/all/bsp_sdram.o
LOAD ./ra/fsp/src/bsp/mcu/all/bsp_security.o
LOAD ./ra/fsp/src/bsp/cmsis/Device/RENESAS/Source/startup.o
LOAD ./ra/fsp/src/bsp/cmsis/Device/RENESAS/Source/system.o
LOAD ./ra/board/ra8e1_fpb/board_init.o
LOAD ./ra/board/ra8e1_fpb/board_leds.o
LOAD ./ra/aws/FreeRTOS/FreeRTOS/Source/event_groups.o
LOAD ./ra/aws/FreeRTOS/FreeRTOS/Source/list.o
LOAD ./ra/aws/FreeRTOS/FreeRTOS/Source/queue.o
LOAD ./ra/aws/FreeRTOS/FreeRTOS/Source/stream_buffer.o
LOAD ./ra/aws/FreeRTOS/FreeRTOS/Source/tasks.o
LOAD ./ra/aws/FreeRTOS/FreeRTOS/Source/timers.o
END GROUP
START GROUP
LOAD C:/Renesas/RA/e2studio_v2025-01_fsp_v5.8.0/toolchains/gcc_arm/13.2.rel1/bin/../lib/gcc/arm-none-eabi/13.2.1/thumb/v8-m.main+dp/hard\libgcc.a
LOAD C:/Renesas/RA/e2studio_v2025-01_fsp_v5.8.0/toolchains/gcc_arm/13.2.rel1/bin/../lib/gcc/arm-none-eabi/13.2.1/thumb/v8-m.main+dp/hard\libg_nano.a
LOAD C:/Renesas/RA/e2studio_v2025-01_fsp_v5.8.0/toolchains/gcc_arm/13.2.rel1/bin/../lib/gcc/arm-none-eabi/13.2.1/thumb/v8-m.main+dp/hard\libc_nano.a
END GROUP
START GROUP
LOAD C:/Renesas/RA/e2studio_v2025-01_fsp_v5.8.0/toolchains/gcc_arm/13.2.rel1/bin/../lib/gcc/arm-none-eabi/13.2.1/thumb/v8-m.main+dp/hard\libgcc.a
LOAD C:/Renesas/RA/e2studio_v2025-01_fsp_v5.8.0/toolchains/gcc_arm/13.2.rel1/bin/../lib/gcc/arm-none-eabi/13.2.1/thumb/v8-m.main+dp/hard\libc_nano.a
END GROUP
LOAD C:/Renesas/RA/e2studio_v2025-01_fsp_v5.8.0/toolchains/gcc_arm/13.2.rel1/bin/../lib/gcc/arm-none-eabi/13.2.1/thumb/v8-m.main+dp/hard/crtend.o
LOAD C:/Renesas/RA/e2studio_v2025-01_fsp_v5.8.0/toolchains/gcc_arm/13.2.rel1/bin/../lib/gcc/arm-none-eabi/13.2.1/thumb/v8-m.main+dp/hard/crtn.o
                0x22060000                        RAM_START = 0x22060000
                0x00080000                        RAM_LENGTH = 0x80000
                0x02000000                        FLASH_START = 0x2000000
                0x00100000                        FLASH_LENGTH = 0x100000
                0x27000000                        DATA_FLASH_START = 0x27000000
                0x00003000                        DATA_FLASH_LENGTH = 0x3000
                0x80000000                        OSPI0_CS0_START = 0x80000000
                0x10000000                        OSPI0_CS0_LENGTH = 0x10000000
                0x90000000                        OSPI0_CS1_START = 0x90000000
                0x10000000                        OSPI0_CS1_LENGTH = 0x10000000
                0x0300a100                        OPTION_SETTING_OFS0_START = 0x300a100
                0x00000004                        OPTION_SETTING_OFS0_LENGTH = 0x4
                0x0300a104                        OPTION_SETTING_OFS2_START = 0x300a104
                0x00000004                        OPTION_SETTING_OFS2_LENGTH = 0x4
                0x0300a110                        OPTION_SETTING_DUALSEL_START = 0x300a110
                0x00000004                        OPTION_SETTING_DUALSEL_LENGTH = 0x4
                0x1300a180                        OPTION_SETTING_OFS1_START = 0x1300a180
                0x00000004                        OPTION_SETTING_OFS1_LENGTH = 0x4
                0x1300a190                        OPTION_SETTING_BANKSEL_START = 0x1300a190
                0x00000004                        OPTION_SETTING_BANKSEL_LENGTH = 0x4
                0x1300a1c0                        OPTION_SETTING_BPS_START = 0x1300a1c0
                0x00000010                        OPTION_SETTING_BPS_LENGTH = 0x10
                0x1300a1e0                        OPTION_SETTING_PBPS_START = 0x1300a1e0
                0x00000010                        OPTION_SETTING_PBPS_LENGTH = 0x10
                0x0300a200                        OPTION_SETTING_OFS1_SEC_START = 0x300a200
                0x00000004                        OPTION_SETTING_OFS1_SEC_LENGTH = 0x4
                0x0300a210                        OPTION_SETTING_BANKSEL_SEC_START = 0x300a210
                0x00000004                        OPTION_SETTING_BANKSEL_SEC_LENGTH = 0x4
                0x0300a240                        OPTION_SETTING_BPS_SEC_START = 0x300a240
                0x00000010                        OPTION_SETTING_BPS_SEC_LENGTH = 0x10
                0x0300a260                        OPTION_SETTING_PBPS_SEC_START = 0x300a260
                0x00000010                        OPTION_SETTING_PBPS_SEC_LENGTH = 0x10
                0x0300a280                        OPTION_SETTING_OFS1_SEL_START = 0x300a280
                0x00000004                        OPTION_SETTING_OFS1_SEL_LENGTH = 0x4
                0x0300a290                        OPTION_SETTING_BANKSEL_SEL_START = 0x300a290
                0x00000004                        OPTION_SETTING_BANKSEL_SEL_LENGTH = 0x4
                0x0300a2c0                        OPTION_SETTING_BPS_SEL_START = 0x300a2c0
                0x00000010                        OPTION_SETTING_BPS_SEL_LENGTH = 0x10
                0x00000000                        ITCM_START = 0x0
                0x00004000                        ITCM_LENGTH = 0x4000
                0x20000000                        DTCM_START = 0x20000000
                0x00004000                        DTCM_LENGTH = 0x4000
START GROUP
LOAD C:/Renesas/RA/e2studio_v2025-01_fsp_v5.8.0/toolchains/gcc_arm/13.2.rel1/bin/../lib/gcc/arm-none-eabi/13.2.1/thumb/v8-m.main+dp/hard\libgcc.a
LOAD C:/Renesas/RA/e2studio_v2025-01_fsp_v5.8.0/toolchains/gcc_arm/13.2.rel1/bin/../lib/gcc/arm-none-eabi/13.2.1/thumb/v8-m.main+dp/hard\libc.a
LOAD C:/Renesas/RA/e2studio_v2025-01_fsp_v5.8.0/toolchains/gcc_arm/13.2.rel1/bin/../lib/gcc/arm-none-eabi/13.2.1/thumb/v8-m.main+dp/hard\libm.a
END GROUP

.ospi0_cs1.startof
                0x90000000        0x0
                0x90000000                        __ddsc_OSPI0_CS1_START = .

.ospi0_cs0.startof
                0x80000000        0x0
                0x80000000                        __ddsc_OSPI0_CS0_START = .

__ospi0_cs0_from_ospi0_cs1$$
                0x80000000        0x0 load address 0x90000000
                0x80000000                        __ospi0_cs0_from_ospi0_cs1$$Base = .
                0x90000000                        __ospi0_cs0_from_ospi0_cs1$$Load = LOADADDR (__ospi0_cs0_from_ospi0_cs1$$)
 *(.ospi0_cs0_from_ospi0_cs1)
 *(.ospi0_cs0_code_from_ospi0_cs1)
                0x80000000                        __ospi0_cs0_from_ospi0_cs1$$Limit = .

.itcm.startof   0x00000000        0x0
                0x00000000                        __ddsc_ITCM_START = .

__itcm_from_ospi0_cs1$$
                0x00000000        0x0 load address 0x90000000
                0x00000000                        __itcm_from_ospi0_cs1$$Base = .
                0x90000000                        __itcm_from_ospi0_cs1$$Load = LOADADDR (__itcm_from_ospi0_cs1$$)
 *(.itcm_from_ospi0_cs1)
 *(.itcm_code_from_ospi0_cs1)
                0x00000000                        __itcm_from_ospi0_cs1$$Limit = .

.dtcm.startof   0x20000000        0x0
                0x20000000                        __ddsc_DTCM_START = .

__dtcm_from_ospi0_cs1$$
                0x20000000        0x0 load address 0x90000000
                0x20000000                        __dtcm_from_ospi0_cs1$$Base = .
                0x90000000                        __dtcm_from_ospi0_cs1$$Load = LOADADDR (__dtcm_from_ospi0_cs1$$)
 *(.dtcm_from_ospi0_cs1)
 *(.dtcm_code_from_ospi0_cs1)
                0x20000000                        __dtcm_from_ospi0_cs1$$Limit = .

.ram.startof    0x22060000        0x0
                0x22060000                        __ddsc_RAM_START = .

__ram_dtc_vector$$
                0x22060000        0x0
                0x22060000                        __ram_dtc_vector$$Base = .
 *(.fsp_dtc_vector_table)
                0x22060000                        __ram_dtc_vector$$Limit = .

__ram_from_ospi0_cs1$$
                0x22060000        0x0 load address 0x90000000
                0x22060000                        __ram_from_ospi0_cs1$$Base = .
                0x90000000                        __ram_from_ospi0_cs1$$Load = LOADADDR (__ram_from_ospi0_cs1$$)
 *(.ram_from_ospi0_cs1)
 *(.ram_code_from_ospi0_cs1)
                0x22060000                        __ram_from_ospi0_cs1$$Limit = .

__ospi0_cs1_readonly$$
                0x90000000        0x0
                0x90000000                        __ospi0_cs1_readonly$$Base = .
 *(.ospi0_cs1)
 *(.ospi0_cs1_code)
                0x90000000                        __ospi0_cs1_readonly$$Limit = .

__ospi0_cs1_noinit$$
                0x90000000        0x0
                0x90000000                        __ospi0_cs1_noinit$$Base = .
 *(.ospi0_cs1_noinit)
                0x90000000                        __ospi0_cs1_noinit$$Limit = .

.ospi0_cs1.endof
                0x90000000        0x0
                0x90000000                        __ddsc_OSPI0_CS1_END = .

.data_flash.startof
                0x27000000        0x0
                0x27000000                        __ddsc_DATA_FLASH_START = .

__ospi0_cs0_from_data_flash$$
                0x80000000        0x0 load address 0x27000000
                0x80000000                        __ospi0_cs0_from_data_flash$$Base = .
                0x27000000                        __ospi0_cs0_from_data_flash$$Load = LOADADDR (__ospi0_cs0_from_data_flash$$)
 *(.ospi0_cs0_from_data_flash)
 *(.ospi0_cs0_code_from_data_flash)
                0x80000000                        __ospi0_cs0_from_data_flash$$Limit = .

__itcm_from_data_flash$$
                0x00000000        0x0 load address 0x27000000
                0x00000000                        __itcm_from_data_flash$$Base = .
                0x27000000                        __itcm_from_data_flash$$Load = LOADADDR (__itcm_from_data_flash$$)
 *(.itcm_from_data_flash)
 *(.itcm_code_from_data_flash)
                0x00000000                        __itcm_from_data_flash$$Limit = .

__dtcm_from_data_flash$$
                0x20000000        0x0 load address 0x27000000
                0x20000000                        __dtcm_from_data_flash$$Base = .
                0x27000000                        __dtcm_from_data_flash$$Load = LOADADDR (__dtcm_from_data_flash$$)
 *(.dtcm_from_data_flash)
 *(.dtcm_code_from_data_flash)
                0x20000000                        __dtcm_from_data_flash$$Limit = .

__ram_from_data_flash$$
                0x22060000        0x0 load address 0x27000000
                0x22060000                        __ram_from_data_flash$$Base = .
                0x27000000                        __ram_from_data_flash$$Load = LOADADDR (__ram_from_data_flash$$)
 *(.ram_from_data_flash)
 *(.ram_code_from_data_flash)
                0x22060000                        __ram_from_data_flash$$Limit = .

__data_flash_readonly$$
                0x27000000        0x0
                0x27000000                        __data_flash_readonly$$Base = .
 *(.data_flash)
 *(.data_flash_code)
                0x27000000                        __data_flash_readonly$$Limit = .

__data_flash_noinit$$
                0x27000000        0x0
                0x27000000                        __data_flash_noinit$$Base = .
 *(.data_flash_noinit)
                0x27000000                        __data_flash_noinit$$Limit = .

.data_flash.endof
                0x27000000        0x0
                0x27000000                        __ddsc_DATA_FLASH_END = .

.flash.startof  0x02000000        0x0
                0x02000000                        __ddsc_FLASH_START = .

__flash_vectors$$
                0x02000000       0x40
                0x02000000                        __flash_vectors$$Base = .
                0x02000000                        _VECTORS = .
 *(.fixed_vectors)
 .fixed_vectors
                0x02000000       0x40 ./ra/fsp/src/bsp/cmsis/Device/RENESAS/Source/startup.o
                0x02000000                __Vectors
 *(.application_vectors)
                0x02000040                        __flash_vectors$$Limit = .

__flash_noinit$$
                0x02000040        0x0
                0x02000040                        __flash_noinit$$Base = .
 *(.flash_noinit)
                0x02000040                        __flash_noinit$$Limit = .

__ospi0_cs0_from_flash$$
                0x80000000        0x0 load address 0x02000040
                0x80000000                        __ospi0_cs0_from_flash$$Base = .
                0x02000040                        __ospi0_cs0_from_flash$$Load = LOADADDR (__ospi0_cs0_from_flash$$)
 *(.ospi0_cs0_from_flash)
 *(.ospi0_cs0_code_from_flash)
                0x80000000                        __ospi0_cs0_from_flash$$Limit = .

__ospi0_cs0_noinit_nocache$$
                0x80000000        0x0 load address 0x02000040
                0x80000000                        __ospi0_cs0_noinit_nocache$$Base = .
 *(.ospi0_cs0_noinit_nocache)
                0x80000000                        __ospi0_cs0_noinit_nocache$$Limit = .

__ospi0_cs0_zero_nocache$$
                0x80000000        0x0 load address 0x02000040
                0x80000000                        __ospi0_cs0_zero_nocache$$Base = .
 *(.ospi0_cs0_nocache)
                0x80000000                        . = ALIGN (0x20)
                0x80000000                        __ospi0_cs0_zero_nocache$$Limit = .

__ospi0_cs0_noinit$$
                0x80000000        0x0 load address 0x02000040
                0x80000000                        __ospi0_cs0_noinit$$Base = .
 *(.ospi0_cs0_noinit)
                0x80000000                        __ospi0_cs0_noinit$$Limit = .

__ospi0_cs0_zero$$
                0x80000000        0x0 load address 0x02000040
                0x80000000                        __ospi0_cs0_zero$$Base = .
 *(.ospi0_cs0)
                0x80000000                        __ospi0_cs0_zero$$Limit = .

.ospi0_cs0.endof
                0x80000000        0x0
                0x80000000                        __ddsc_OSPI0_CS0_END = .

__itcm_from_flash$$
                0x00000000        0x0 load address 0x02000040
                0x00000000                        __itcm_from_flash$$Base = .
                0x02000040                        __itcm_from_flash$$Load = LOADADDR (__itcm_from_flash$$)
 *(.itcm_from_flash)
 *(.itcm_code_from_flash)
                0x00000000                        __itcm_from_flash$$Limit = .

__itcm_noinit$$
                0x00000000        0x0 load address 0x02000040
                0x00000000                        __itcm_noinit$$Base = .
 *(.itcm_noinit)
                0x00000000                        __itcm_noinit$$Limit = .

__itcm_zero$$   0x00000000        0x0 load address 0x02000040
                0x00000000                        __itcm_zero$$Base = .
 *(.itcm)
                0x00000000                        __itcm_zero$$Limit = .

.itcm.endof     0x00000000        0x0
                0x00000000                        __ddsc_ITCM_END = .

__dtcm_from_flash$$
                0x20000000        0x0 load address 0x02000040
                0x20000000                        __dtcm_from_flash$$Base = .
                0x02000040                        __dtcm_from_flash$$Load = LOADADDR (__dtcm_from_flash$$)
 *(.dtcm_from_flash)
 *(.dtcm_code_from_flash)
                0x20000000                        __dtcm_from_flash$$Limit = .

__dtcm_noinit$$
                0x20000000        0x0 load address 0x02000040
                0x20000000                        __dtcm_noinit$$Base = .
 *(.dtcm_noinit)
                0x20000000                        __dtcm_noinit$$Limit = .

__dtcm_zero$$   0x20000000        0x0 load address 0x02000040
                0x20000000                        __dtcm_zero$$Base = .
 *(.dtcm)
                0x20000000                        __dtcm_zero$$Limit = .

.dtcm.endof     0x20000000        0x0
                0x20000000                        __ddsc_DTCM_END = .

__ram_from_flash$$
                0x22060000       0x7c load address 0x02000040
                0x22060000                        __ram_from_flash$$Base = .
                0x02000040                        __ram_from_flash$$Load = LOADADDR (__ram_from_flash$$)
 *(.ram_from_flash)
 *(.ram_code_from_flash)
 *(.data*)
 .data.long_offset
                0x22060000       0x7c ./src/graph/stream_platform/ra8e1/top_manifest_ra8e1.o
                0x22060000                long_offset
 *(vtable)
                0x2206007c                        __ram_from_flash$$Limit = .

.tm_clone_table
                0x2206007c        0x0 load address 0x020000bc
 .tm_clone_table
                0x2206007c        0x0 C:/Renesas/RA/e2studio_v2025-01_fsp_v5.8.0/toolchains/gcc_arm/13.2.rel1/bin/../lib/gcc/arm-none-eabi/13.2.1/thumb/v8-m.main+dp/hard/crtbegin.o
 .tm_clone_table
                0x2206007c        0x0 C:/Renesas/RA/e2studio_v2025-01_fsp_v5.8.0/toolchains/gcc_arm/13.2.rel1/bin/../lib/gcc/arm-none-eabi/13.2.1/thumb/v8-m.main+dp/hard/crtend.o

.igot.plt       0x2206007c        0x0 load address 0x020000bc
 .igot.plt      0x2206007c        0x0 C:/Renesas/RA/e2studio_v2025-01_fsp_v5.8.0/toolchains/gcc_arm/13.2.rel1/bin/../lib/gcc/arm-none-eabi/13.2.1/thumb/v8-m.main+dp/hard/crtbegin.o

__ram_noinit_nocache$$
                0x22060080        0x0 load address 0x020000c0
                0x22060080                        __ram_noinit_nocache$$Base = .
 *(.ram_noinit_nocache)
                0x22060080                        __ram_noinit_nocache$$Limit = .

__ram_zero_nocache$$
                0x2206007c        0x4 load address 0x020000bc
                0x2206007c                        __ram_zero_nocache$$Base = .
 *(.ram_nocache)
                0x22060080                        . = ALIGN (0x20)
 *fill*         0x2206007c        0x4 
                0x22060080                        __ram_zero_nocache$$Limit = .

__ram_noinit$$  0x22060080      0x42c load address 0x020000bc
                0x22060080                        __ram_noinit$$Base = .
 *(.bss.g_heap)
 *(.bss.g_main_stack)
 .bss.g_main_stack
                0x22060080      0x400 ./ra/fsp/src/bsp/cmsis/Device/RENESAS/Source/startup.o
                0x22060080                g_main_stack
 *(.ram_noinit)
 .ram_noinit    0x22060480       0x2c ./ra/fsp/src/bsp/mcu/all/bsp_clocks.o
 *(.noinit)
                0x220604ac                        __ram_noinit$$Limit = .

__ram_zero$$    0x220604b0    0x6273c load address 0x020000bc
                0x220604b0                        __ram_zero$$Base = .
 *(.ram)
 *(.bss*)
 .bss.completed.1
                0x220604b0        0x1 C:/Renesas/RA/e2studio_v2025-01_fsp_v5.8.0/toolchains/gcc_arm/13.2.rel1/bin/../lib/gcc/arm-none-eabi/13.2.1/thumb/v8-m.main+dp/hard/crtbegin.o
 *fill*         0x220604b1        0x3 
 .bss.object.0  0x220604b4       0x18 C:/Renesas/RA/e2studio_v2025-01_fsp_v5.8.0/toolchains/gcc_arm/13.2.rel1/bin/../lib/gcc/arm-none-eabi/13.2.1/thumb/v8-m.main+dp/hard/crtbegin.o
 .bss.initialization.2
                0x220604cc        0x1 ./src/graph/stream_platform/ra8e1/graph_test_scheduler.o
 *fill*         0x220604cd        0x3 
 .bss.io_counter.1
                0x220604d0       0x50 ./src/graph/stream_platform/ra8e1/graph_test_scheduler.o
 .bss.read_index.0
                0x22060520       0x28 ./src/graph/stream_platform/ra8e1/graph_test_scheduler.o
 .bss.buffer_analog_0
                0x22060548       0x10 ./src/graph/stream_platform/ra8e1/ra8e1_io_services.o
 .bss.buffer_line_out_0
                0x22060558      0x140 ./src/graph/stream_platform/ra8e1/ra8e1_io_services.o
 .bss.buffer_gpio_out_1
                0x22060698        0x4 ./src/graph/stream_platform/ra8e1/ra8e1_io_services.o
 .bss.buffer_data_out_0
                0x2206069c       0x10 ./src/graph/stream_platform/ra8e1/ra8e1_io_services.o
 .bss.platform_io_callback_parameter
                0x220606ac        0x4 ./src/graph/stream_platform/ra8e1/top_manifest_ra8e1.o
                0x220606ac                platform_io_callback_parameter
 .bss.MEXT      0x220606b0    0x61a80 ./src/graph/stream_platform/ra8e1/top_manifest_ra8e1.o
                0x220606b0                MEXT
 .bss.new_node_parameters
                0x220c2130       0x48 ./src/graph/stream_platform/ra8e1/top_manifest_ra8e1.o
                0x220c2130                new_node_parameters
 .bss.instance  0x220c2178      0x168 ./src/new_thread0_entry.o
                0x220c2178                instance
 .bss.f_init_made.0
                0x220c22e0        0x4 ./src/new_thread0_entry.o
 .bss.f_init_made.0
                0x220c22e4        0x4 ./src/new_thread1_entry.o
 .bss.f_init_made.0
                0x220c22e8        0x4 ./src/new_thread2_entry.o
 .bss.g_ioport_ctrl
                0x220c22ec        0x8 ./ra_gen/common_data.o
                0x220c22ec                g_ioport_ctrl
 .bss.g_fsp_common_thread_count
                0x220c22f4        0x4 ./ra_gen/main.o
                0x220c22f4                g_fsp_common_thread_count
 .bss.g_fsp_common_initialized
                0x220c22f8        0x1 ./ra_gen/main.o
                0x220c22f8                g_fsp_common_initialized
 *fill*         0x220c22f9        0x3 
 .bss.g_fsp_common_initialized_semaphore
                0x220c22fc        0x4 ./ra_gen/main.o
                0x220c22fc                g_fsp_common_initialized_semaphore
 .bss.g_fsp_common_initialized_semaphore_memory
                0x220c2300       0x48 ./ra_gen/main.o
                0x220c2300                g_fsp_common_initialized_semaphore_memory
 .bss.xIdleTaskTCB.0
                0x220c2348       0x60 ./ra_gen/main.o
 .bss.uxIdleTaskStack.1
                0x220c23a8      0x200 ./ra_gen/main.o
 .bss.xTimerTaskTCB.2
                0x220c25a8       0x60 ./ra_gen/main.o
 .bss.uxTimerTaskStack.3
                0x220c2608      0x200 ./ra_gen/main.o
 .bss.new_thread0_memory
                0x220c2808       0x60 ./ra_gen/new_thread0.o
 .bss.new_thread0
                0x220c2868        0x4 ./ra_gen/new_thread0.o
                0x220c2868                new_thread0
 .bss.new_thread1_memory
                0x220c286c       0x60 ./ra_gen/new_thread1.o
 .bss.new_thread1
                0x220c28cc        0x4 ./ra_gen/new_thread1.o
                0x220c28cc                new_thread1
 .bss.new_thread2_memory
                0x220c28d0       0x60 ./ra_gen/new_thread2.o
 .bss.new_thread2
                0x220c2930        0x4 ./ra_gen/new_thread2.o
                0x220c2930                new_thread2
 .bss.uxCriticalNesting
                0x220c2934        0x4 ./ra/fsp/src/rm_freertos_port/port.o
 .bss.g_mask_level_before_disable
                0x220c2938        0x4 ./ra/fsp/src/rm_freertos_port/port.o
 .bss.g_bsp_group_irq_sources
                0x220c293c       0x40 ./ra/fsp/src/bsp/mcu/all/bsp_group_irq.o
                0x220c293c                g_bsp_group_irq_sources
 .bss.g_protect_pfswe_counter
                0x220c297c        0x4 ./ra/fsp/src/bsp/mcu/all/bsp_io.o
                0x220c297c                g_protect_pfswe_counter
 .bss.g_protect_counters
                0x220c2980        0xa ./ra/fsp/src/bsp/mcu/all/bsp_register_protection.o
                0x220c2980                g_protect_counters
 *fill*         0x220c298a        0x6 
 .bss.graph_interpreter_time64
                0x220c2990        0x8 ./ra/fsp/src/bsp/cmsis/Device/RENESAS/Source/startup.o
 .bss.SystemCoreClock
                0x220c2998        0x4 ./ra/fsp/src/bsp/cmsis/Device/RENESAS/Source/system.o
                0x220c2998                SystemCoreClock
 .bss.xQueueRegistry
                0x220c299c       0x50 ./ra/aws/FreeRTOS/FreeRTOS/Source/queue.o
                0x220c299c                xQueueRegistry
 .bss.pxCurrentTCB
                0x220c29ec        0x4 ./ra/aws/FreeRTOS/FreeRTOS/Source/tasks.o
                0x220c29ec                pxCurrentTCB
 .bss.pxReadyTasksLists
                0x220c29f0       0x64 ./ra/aws/FreeRTOS/FreeRTOS/Source/tasks.o
 .bss.xDelayedTaskList1
                0x220c2a54       0x14 ./ra/aws/FreeRTOS/FreeRTOS/Source/tasks.o
 .bss.xDelayedTaskList2
                0x220c2a68       0x14 ./ra/aws/FreeRTOS/FreeRTOS/Source/tasks.o
 .bss.pxDelayedTaskList
                0x220c2a7c        0x4 ./ra/aws/FreeRTOS/FreeRTOS/Source/tasks.o
 .bss.pxOverflowDelayedTaskList
                0x220c2a80        0x4 ./ra/aws/FreeRTOS/FreeRTOS/Source/tasks.o
 .bss.xPendingReadyList
                0x220c2a84       0x14 ./ra/aws/FreeRTOS/FreeRTOS/Source/tasks.o
 .bss.xTasksWaitingTermination
                0x220c2a98       0x14 ./ra/aws/FreeRTOS/FreeRTOS/Source/tasks.o
 .bss.uxDeletedTasksWaitingCleanUp
                0x220c2aac        0x4 ./ra/aws/FreeRTOS/FreeRTOS/Source/tasks.o
 .bss.xSuspendedTaskList
                0x220c2ab0       0x14 ./ra/aws/FreeRTOS/FreeRTOS/Source/tasks.o
 .bss.uxCurrentNumberOfTasks
                0x220c2ac4        0x4 ./ra/aws/FreeRTOS/FreeRTOS/Source/tasks.o
 .bss.xTickCount
                0x220c2ac8        0x4 ./ra/aws/FreeRTOS/FreeRTOS/Source/tasks.o
 .bss.uxTopReadyPriority
                0x220c2acc        0x4 ./ra/aws/FreeRTOS/FreeRTOS/Source/tasks.o
 .bss.xSchedulerRunning
                0x220c2ad0        0x4 ./ra/aws/FreeRTOS/FreeRTOS/Source/tasks.o
 .bss.xPendedTicks
                0x220c2ad4        0x4 ./ra/aws/FreeRTOS/FreeRTOS/Source/tasks.o
 .bss.xYieldPendings
                0x220c2ad8        0x4 ./ra/aws/FreeRTOS/FreeRTOS/Source/tasks.o
 .bss.xNumOfOverflows
                0x220c2adc        0x4 ./ra/aws/FreeRTOS/FreeRTOS/Source/tasks.o
 .bss.uxTaskNumber
                0x220c2ae0        0x4 ./ra/aws/FreeRTOS/FreeRTOS/Source/tasks.o
 .bss.xNextTaskUnblockTime
                0x220c2ae4        0x4 ./ra/aws/FreeRTOS/FreeRTOS/Source/tasks.o
 .bss.xIdleTaskHandles
                0x220c2ae8        0x4 ./ra/aws/FreeRTOS/FreeRTOS/Source/tasks.o
 .bss.uxSchedulerSuspended
                0x220c2aec        0x4 ./ra/aws/FreeRTOS/FreeRTOS/Source/tasks.o
 .bss.xActiveTimerList1
                0x220c2af0       0x14 ./ra/aws/FreeRTOS/FreeRTOS/Source/timers.o
 .bss.xActiveTimerList2
                0x220c2b04       0x14 ./ra/aws/FreeRTOS/FreeRTOS/Source/timers.o
 .bss.pxCurrentTimerList
                0x220c2b18        0x4 ./ra/aws/FreeRTOS/FreeRTOS/Source/timers.o
 .bss.pxOverflowTimerList
                0x220c2b1c        0x4 ./ra/aws/FreeRTOS/FreeRTOS/Source/timers.o
 .bss.xTimerQueue
                0x220c2b20        0x4 ./ra/aws/FreeRTOS/FreeRTOS/Source/timers.o
 .bss.xTimerTaskHandle
                0x220c2b24        0x4 ./ra/aws/FreeRTOS/FreeRTOS/Source/timers.o
 .bss.xLastTime.6
                0x220c2b28        0x4 ./ra/aws/FreeRTOS/FreeRTOS/Source/timers.o
 .bss.ucStaticTimerQueueStorage.4
                0x220c2b2c       0x78 ./ra/aws/FreeRTOS/FreeRTOS/Source/timers.o
 .bss.xStaticTimerQueue.3
                0x220c2ba4       0x48 ./ra/aws/FreeRTOS/FreeRTOS/Source/timers.o
                0x220c2bec                        __ram_zero$$Limit = .

__ram_thread_stack$$
                0x220c2bf0      0xc00 load address 0x020000c0
                0x220c2bf0                        __ram_thread_stack$$Base = .
 *(.stack?*)
 .stack.new_thread0
                0x220c2bf0      0x400 ./ra_gen/new_thread0.o
 .stack.new_thread1
                0x220c2ff0      0x400 ./ra_gen/new_thread1.o
 .stack.new_thread2
                0x220c33f0      0x400 ./ra_gen/new_thread2.o
                0x220c37f0                        __ram_thread_stack$$Limit = .

.ram.endof      0x220c4000        0x0
                0x220c4000                        __ddsc_RAM_END = .

.ram.flat_nsc   0x220c4000        0x0
                0x220c4000                        __sau_ddsc_RAM_NSC = .

__flash_readonly$$
                0x020000c0    0x57060
                0x020000c0                        __flash_readonly$$Base = .
 *(.flash)
 *(.flash_code)
 *(.text*)
 .text.deregister_tm_clones
                0x020000c0       0x1c C:/Renesas/RA/e2studio_v2025-01_fsp_v5.8.0/toolchains/gcc_arm/13.2.rel1/bin/../lib/gcc/arm-none-eabi/13.2.1/thumb/v8-m.main+dp/hard/crtbegin.o
 .text.register_tm_clones
                0x020000dc       0x28 C:/Renesas/RA/e2studio_v2025-01_fsp_v5.8.0/toolchains/gcc_arm/13.2.rel1/bin/../lib/gcc/arm-none-eabi/13.2.1/thumb/v8-m.main+dp/hard/crtbegin.o
 .text.__do_global_dtors_aux
                0x02000104       0x28 C:/Renesas/RA/e2studio_v2025-01_fsp_v5.8.0/toolchains/gcc_arm/13.2.rel1/bin/../lib/gcc/arm-none-eabi/13.2.1/thumb/v8-m.main+dp/hard/crtbegin.o
 .text.frame_dummy
                0x0200012c       0x24 C:/Renesas/RA/e2studio_v2025-01_fsp_v5.8.0/toolchains/gcc_arm/13.2.rel1/bin/../lib/gcc/arm-none-eabi/13.2.1/thumb/v8-m.main+dp/hard/crtbegin.o
 .text.arm_graph_interpreter
                0x02000150       0x78 ./src/graph/stream_src/stream_graph_interpreter.o
                0x02000150                arm_graph_interpreter
 .text.lin2pack
                0x020001c8       0x84 ./src/graph/stream_src/stream_io.o
 .text.arm_stream_io_ack
                0x0200024c      0x3e8 ./src/graph/stream_src/stream_io.o
                0x0200024c                arm_stream_io_ack
 .text.stream_calls_node
                0x02000634       0x3e ./src/graph/stream_src/stream_scheduler.o
 .text.script_processing
                0x02000672       0x1c ./src/graph/stream_src/stream_scheduler.o
 .text.arc_extract_info_int
                0x0200068e       0x70 ./src/graph/stream_src/stream_scheduler.o
 .text.arc_extract_info_pt
                0x020006fe       0x6a ./src/graph/stream_src/stream_scheduler.o
 .text.set_alignment_bit
                0x02000768       0x7e ./src/graph/stream_src/stream_scheduler.o
 .text.arc_ready_for_write
                0x020007e6       0x7a ./src/graph/stream_src/stream_scheduler.o
 .text.arc_ready_for_read
                0x02000860       0x78 ./src/graph/stream_src/stream_scheduler.o
 .text.arc_data_operations
                0x020008d8      0x1d4 ./src/graph/stream_src/stream_scheduler.o
 .text.arc_index_update
                0x02000aac      0x2be ./src/graph/stream_src/stream_scheduler.o
 .text.load_clear_memory_segments
                0x02000d6a      0x100 ./src/graph/stream_src/stream_scheduler.o
 .text.check_graph_boundaries
                0x02000e6a      0x180 ./src/graph/stream_src/stream_scheduler.o
 .text.check_hwsw_compatibility
                0x02000fea       0x98 ./src/graph/stream_src/stream_scheduler.o
 .text.graph_interpreter_process
                0x02001082      0x17e ./src/graph/stream_src/stream_scheduler.o
                0x02001082                graph_interpreter_process
 .text.read_header
                0x02001200      0x274 ./src/graph/stream_src/stream_scheduler.o
 .text.upload_new_parameters
                0x02001474       0x6c ./src/graph/stream_src/stream_scheduler.o
 .text.lock_this_component
                0x020014e0       0x48 ./src/graph/stream_src/stream_scheduler.o
 .text.unlock_this_component
                0x02001528       0x34 ./src/graph/stream_src/stream_scheduler.o
 .text.reset_component
                0x0200155c      0x388 ./src/graph/stream_src/stream_scheduler.o
 .text.set_reset_parameters
                0x020018e4       0x6e ./src/graph/stream_src/stream_scheduler.o
 .text.run_node
                0x02001952      0x106 ./src/graph/stream_src/stream_scheduler.o
 .text.platform_biquad_cascade_df1_q15
                0x02001a58      0x232 ./src/graph/stream_platform/ra8e1/stream_libraries/CMSIS-DSP/Source/FilteringFunctions/ra8e1_arm_biquad_cascade_df1_fast_q15.o
                0x02001a58                platform_biquad_cascade_df1_q15
 .text.platform_biquad_cascade_df1_init_q15
                0x02001c8a       0x40 ./src/graph/stream_platform/ra8e1/stream_libraries/CMSIS-DSP/Source/FilteringFunctions/ra8e1_arm_biquad_cascade_df1_init_q15.o
                0x02001c8a                platform_biquad_cascade_df1_init_q15
 *fill*         0x02001cca        0x2 
 .text.graph_test_scheduler
                0x02001ccc      0x1d4 ./src/graph/stream_platform/ra8e1/graph_test_scheduler.o
                0x02001ccc                graph_test_scheduler
 .text.arm_stream_null_task
                0x02001ea0       0x1a ./src/graph/stream_platform/ra8e1/ra8e1_io_services.o
                0x02001ea0                arm_stream_null_task
 .text.data_sink
                0x02001eba       0x16 ./src/graph/stream_platform/ra8e1/ra8e1_io_services.o
                0x02001eba                data_sink
 .text.data_in_1
                0x02001ed0       0x18 ./src/graph/stream_platform/ra8e1/ra8e1_io_services.o
                0x02001ed0                data_in_1
 .text.analog_in_0
                0x02001ee8       0x50 ./src/graph/stream_platform/ra8e1/ra8e1_io_services.o
                0x02001ee8                analog_in_0
 .text.motion_in_0
                0x02001f38       0x18 ./src/graph/stream_platform/ra8e1/ra8e1_io_services.o
                0x02001f38                motion_in_0
 .text.audio_in_0
                0x02001f50       0x44 ./src/graph/stream_platform/ra8e1/ra8e1_io_services.o
                0x02001f50                audio_in_0
 .text.line_out_0
                0x02001f94       0x50 ./src/graph/stream_platform/ra8e1/ra8e1_io_services.o
                0x02001f94                line_out_0
 .text.gpio_out_0
                0x02001fe4       0x18 ./src/graph/stream_platform/ra8e1/ra8e1_io_services.o
                0x02001fe4                gpio_out_0
 .text.gpio_out_1
                0x02001ffc       0x80 ./src/graph/stream_platform/ra8e1/ra8e1_io_services.o
                0x02001ffc                gpio_out_1
 .text.data_out_0
                0x0200207c       0x60 ./src/graph/stream_platform/ra8e1/ra8e1_io_services.o
                0x0200207c                data_out_0
 .text.get_graph_address
                0x020020dc       0x24 ./src/graph/stream_platform/ra8e1/top_manifest_ra8e1.o
                0x020020dc                get_graph_address
 .text.platform_init_specific
                0x02002100       0x5c ./src/graph/stream_platform/ra8e1/top_manifest_ra8e1.o
                0x02002100                platform_init_specific
 .text.generic_biquad_cascade_df1_f32
                0x0200215c      0x144 ./src/graph/stream_platform/platform_services/stream_libraries/CMSIS-DSP/Source/FilteringFunctions/generic_biquad_cascade_df1_f32.o
                0x0200215c                generic_biquad_cascade_df1_f32
 .text.generic_biquad_cascade_df1_init_f32
                0x020022a0       0x38 ./src/graph/stream_platform/platform_services/stream_libraries/CMSIS-DSP/Source/FilteringFunctions/generic_biquad_cascade_df1_init_f32.o
                0x020022a0                generic_biquad_cascade_df1_init_f32
 .text.arm_stream_services_internal
                0x020022d8       0xf4 ./src/graph/stream_platform/platform_services/all_services.o
 .text.arm_stream_services_script
                0x020023cc       0x54 ./src/graph/stream_platform/platform_services/all_services.o
 .text.arm_stream_services_stdlib
                0x02002420       0x28 ./src/graph/stream_platform/platform_services/all_services.o
                0x02002420                arm_stream_services_stdlib
 .text.arm_stream_services_math
                0x02002448       0x1a ./src/graph/stream_platform/platform_services/all_services.o
                0x02002448                arm_stream_services_math
 .text.arm_stream_services_mm_audio
                0x02002462       0x1a ./src/graph/stream_platform/platform_services/all_services.o
                0x02002462                arm_stream_services_mm_audio
 .text.arm_stream_services_mm_image
                0x0200247c       0x1a ./src/graph/stream_platform/platform_services/all_services.o
                0x0200247c                arm_stream_services_mm_image
 *fill*         0x02002496        0x2 
 .text.arm_stream_services
                0x02002498      0x144 ./src/graph/stream_platform/platform_services/all_services.o
                0x02002498                arm_stream_services
 .text.pack2lin
                0x020025dc       0x62 ./src/graph/stream_platform/platform_services/platform_init.o
                0x020025dc                pack2lin
 .text.read_graph_and_copy
                0x0200263e       0xc6 ./src/graph/stream_platform/platform_services/platform_init.o
                0x0200263e                read_graph_and_copy
 .text.platform_init_stream_instance
                0x02002704      0x138 ./src/graph/stream_platform/platform_services/platform_init.o
                0x02002704                platform_init_stream_instance
 .text.lin2pack
                0x0200283c       0x84 ./src/graph/stream_platform/platform_services/platform_init.o
 .text.check_affinity
                0x020028c0       0x8c ./src/graph/stream_platform/platform_services/platform_init.o
 .text.platform_init_io
                0x0200294c      0x1a4 ./src/graph/stream_platform/platform_services/platform_init.o
                0x0200294c                platform_init_io
 .text.sigp_stream_resampler
                0x02002af0       0x32 ./src/graph/stream_nodes/signal-processingFR/resampler/sigp_stream_resampler.o
                0x02002af0                sigp_stream_resampler
 *fill*         0x02002b22        0x2 
 .text.sigp_kws
                0x02002b24      0x230 ./src/graph/stream_nodes/signal-processingFR/kws/sigp_stream_kws.o
                0x02002b24                sigp_kws
 .text.sigp_stream_detector
                0x02002d54      0x1a4 ./src/graph/stream_nodes/signal-processingFR/detector/sigp_stream_detector.o
                0x02002d54                sigp_stream_detector
 .text.sigp_stream_detector_process
                0x02002ef8      0x310 ./src/graph/stream_nodes/signal-processingFR/detector/sigp_stream_detector_process.o
                0x02002ef8                sigp_stream_detector_process
 .text.sigp_stream_decompressor
                0x02003208       0x32 ./src/graph/stream_nodes/signal-processingFR/decompressor/sigp_stream_decompressor.o
                0x02003208                sigp_stream_decompressor
 .text.sigp_stream_compressor
                0x0200323a       0x32 ./src/graph/stream_nodes/signal-processingFR/compressor/sigp_stream_compressor.o
                0x0200323a                sigp_stream_compressor
 .text.TjpgDec  0x0200326c       0x32 ./src/graph/stream_nodes/elm-lang/TJpgDec/TjpgDec.o
                0x0200326c                TjpgDec
 .text.bitbank_JPEGENC
                0x0200329e       0x32 ./src/graph/stream_nodes/bitbank/JPEGENC/bitbank_JPEGENC.o
                0x0200329e                bitbank_JPEGENC
 .text.arm_stream_script
                0x020032d0       0xfc ./src/graph/stream_nodes/arm/script/arm_stream_script.o
                0x020032d0                arm_stream_script
 .text.readreg  0x020033cc       0x1c ./src/graph/stream_nodes/arm/script/arm_stream_script_process.o
 .text.jmov_operation
                0x020033e8       0x14 ./src/graph/stream_nodes/arm/script/arm_stream_script_process.o
 .text.test_and_arithmetic_and_save
                0x020033fc       0x26 ./src/graph/stream_nodes/arm/script/arm_stream_script_process.o
 *fill*         0x02003422        0x2 
 .text.arm_stream_script_interpreter
                0x02003424      0x168 ./src/graph/stream_nodes/arm/script/arm_stream_script_process.o
                0x02003424                arm_stream_script_interpreter
 .text.arm_stream_router
                0x0200358c       0x56 ./src/graph/stream_nodes/arm/router/arm_stream_router.o
                0x0200358c                arm_stream_router
 .text.arm_stream_router_process
                0x020035e2       0x16 ./src/graph/stream_nodes/arm/router/arm_stream_router_process.o
                0x020035e2                arm_stream_router_process
 .text.arm_stream_modulator
                0x020035f8       0x1a ./src/graph/stream_nodes/arm/modulator/arm_stream_modulator.o
                0x020035f8                arm_stream_modulator
 *fill*         0x02003612        0x2 
 .text.arm_stream_fixedbf
                0x02003614      0x1e4 ./src/graph/stream_nodes/arm/fixedbf/arm_stream_fixedbf.o
                0x02003614                arm_stream_fixedbf
 .text.arm_stream_filter
                0x020037f8      0x230 ./src/graph/stream_nodes/arm/filter/arm_stream_filter.o
                0x020037f8                arm_stream_filter
 .text.arm_stream_demodulator
                0x02003a28       0x32 ./src/graph/stream_nodes/arm/demodulator/arm_stream_demodulator.o
                0x02003a28                arm_stream_demodulator
 .text.arm_stream_anr
                0x02003a5a       0x1a ./src/graph/stream_nodes/arm/anr/arm_stream_anr.o
                0x02003a5a                arm_stream_anr
 .text.arm_stream_amplifier
                0x02003a74       0x32 ./src/graph/stream_nodes/arm/amplifier/arm_stream_amplifier.o
                0x02003a74                arm_stream_amplifier
 *fill*         0x02003aa6        0x2 
 .text.R_BSP_WarmStart
                0x02003aa8       0x28 ./src/hal_warmstart.o
                0x02003aa8                R_BSP_WarmStart
 .text.new_thread0_entry
                0x02003ad0       0x64 ./src/new_thread0_entry.o
                0x02003ad0                new_thread0_entry
 .text.new_thread1_entry
                0x02003b34       0x68 ./src/new_thread1_entry.o
                0x02003b34                new_thread1_entry
 .text.new_thread2_entry
                0x02003b9c       0x68 ./src/new_thread2_entry.o
                0x02003b9c                new_thread2_entry
 .text.g_common_init
                0x02003c04        0xe ./ra_gen/common_data.o
                0x02003c04                g_common_init
 .text.g_hal_init
                0x02003c12        0xc ./ra_gen/hal_data.o
                0x02003c12                g_hal_init
 .text.rtos_startup_err_callback_internal
                0x02003c1e       0x18 ./ra_gen/main.o
                0x02003c1e                rtos_startup_err_callback
                0x02003c1e                rtos_startup_err_callback_internal
 *fill*         0x02003c36        0x2 
 .text.rtos_startup_common_init
                0x02003c38       0x94 ./ra_gen/main.o
                0x02003c38                rtos_startup_common_init
 .text.main     0x02003ccc       0x5c ./ra_gen/main.o
                0x02003ccc                main
 .text.vApplicationGetIdleTaskMemory
                0x02003d28       0x34 ./ra_gen/main.o
                0x02003d28                vApplicationGetIdleTaskMemory
 .text.vApplicationGetTimerTaskMemory
                0x02003d5c       0x34 ./ra_gen/main.o
                0x02003d5c                vApplicationGetTimerTaskMemory
 .text.new_thread0_create
                0x02003d90       0x68 ./ra_gen/new_thread0.o
                0x02003d90                new_thread0_create
 .text.new_thread0_func
                0x02003df8       0x1a ./ra_gen/new_thread0.o
 *fill*         0x02003e12        0x2 
 .text.new_thread1_create
                0x02003e14       0x68 ./ra_gen/new_thread1.o
                0x02003e14                new_thread1_create
 .text.new_thread1_func
                0x02003e7c       0x1a ./ra_gen/new_thread1.o
 *fill*         0x02003e96        0x2 
 .text.new_thread2_create
                0x02003e98       0x68 ./ra_gen/new_thread2.o
                0x02003e98                new_thread2_create
 .text.new_thread2_func
                0x02003f00       0x1a ./ra_gen/new_thread2.o
 *fill*         0x02003f1a        0x2 
 .text.__NVIC_GetPriorityGrouping
                0x02003f1c       0x1c ./ra/fsp/src/rm_freertos_port/port.o
 .text.__NVIC_SetPriority
                0x02003f38       0x54 ./ra/fsp/src/rm_freertos_port/port.o
 .text.__NVIC_GetPriority
                0x02003f8c       0x50 ./ra/fsp/src/rm_freertos_port/port.o
 .text.SysTick_Config
                0x02003fdc       0x44 ./ra/fsp/src/rm_freertos_port/port.o
 .text.R_FSP_CurrentIrqGet
                0x02004020       0x2c ./ra/fsp/src/rm_freertos_port/port.o
 .text.SVC_Handler
                0x0200404c       0x18 ./ra/fsp/src/rm_freertos_port/port.o
                0x0200404c                SVC_Handler
 .text.prvPortStartFirstTask
                0x02004064       0x24 ./ra/fsp/src/rm_freertos_port/port.o
 .text.PendSV_Handler
                0x02004088       0x48 ./ra/fsp/src/rm_freertos_port/port.o
                0x02004088                PendSV_Handler
 .text.rm_freertos_port_restore_task_stackless
                0x020040d0       0x28 ./ra/fsp/src/rm_freertos_port/port.o
                0x020040d0                rm_freertos_port_restore_task_stackless
 .text.vPortSVCHandler_C
                0x020040f8       0x4c ./ra/fsp/src/rm_freertos_port/port.o
                0x020040f8                vPortSVCHandler_C
 .text.pxPortInitialiseStack
                0x02004144       0x7c ./ra/fsp/src/rm_freertos_port/port.o
                0x02004144                pxPortInitialiseStack
 .text.prvTaskExitError
                0x020041c0        0x8 ./ra/fsp/src/rm_freertos_port/port.o
 .text.xPortStartScheduler
                0x020041c8       0x30 ./ra/fsp/src/rm_freertos_port/port.o
                0x020041c8                xPortStartScheduler
 .text.vPortEnterCritical
                0x020041f8       0x70 ./ra/fsp/src/rm_freertos_port/port.o
                0x020041f8                vPortEnterCritical
 .text.vPortExitCritical
                0x02004268       0x58 ./ra/fsp/src/rm_freertos_port/port.o
                0x02004268                vPortExitCritical
 .text.rm_freertos_port_sleep_preserving_lpm
                0x020042c0       0x44 ./ra/fsp/src/rm_freertos_port/port.o
                0x020042c0                rm_freertos_port_sleep_preserving_lpm
 .text.vApplicationIdleHook
                0x02004304       0x1e ./ra/fsp/src/rm_freertos_port/port.o
                0x02004304                vApplicationIdleHook
 *fill*         0x02004322        0x2 
 .text.vPortSetupTimerInterrupt
                0x02004324       0x24 ./ra/fsp/src/rm_freertos_port/port.o
                0x02004324                vPortSetupTimerInterrupt
 .text.vPortValidateInterruptPriority
                0x02004348       0x68 ./ra/fsp/src/rm_freertos_port/port.o
                0x02004348                vPortValidateInterruptPriority
 .text.R_BSP_PinAccessEnable
                0x020043b0       0x60 ./ra/fsp/src/r_ioport/r_ioport.o
 .text.R_BSP_PinAccessDisable
                0x02004410       0x68 ./ra/fsp/src/r_ioport/r_ioport.o
 .text.R_IOPORT_Open
                0x02004478       0x28 ./ra/fsp/src/r_ioport/r_ioport.o
                0x02004478                R_IOPORT_Open
 .text.r_ioport_pins_config
                0x020044a0       0x56 ./ra/fsp/src/r_ioport/r_ioport.o
 *fill*         0x020044f6        0x2 
 .text.r_ioport_pfs_write
                0x020044f8       0x78 ./ra/fsp/src/r_ioport/r_ioport.o
 .text.bsp_vbatt_init
                0x02004570      0x17c ./ra/fsp/src/r_ioport/r_ioport.o
 .text.R_BSP_FlashCacheEnable
                0x020046ec       0x28 ./ra/fsp/src/bsp/mcu/all/bsp_clocks.o
 .text.SystemCoreClockUpdate
                0x02004714       0xc0 ./ra/fsp/src/bsp/mcu/all/bsp_clocks.o
                0x02004714                SystemCoreClockUpdate
 .text.bsp_prv_clock_set_hard_reset
                0x020047d4       0x88 ./ra/fsp/src/bsp/mcu/all/bsp_clocks.o
 .text.bsp_clock_freq_var_init
                0x0200485c       0x50 ./ra/fsp/src/bsp/mcu/all/bsp_clocks.o
 .text.bsp_clock_init
                0x020048ac       0x74 ./ra/fsp/src/bsp/mcu/all/bsp_clocks.o
                0x020048ac                bsp_clock_init
 .text.R_BSP_SubClockStabilizeWaitAfterReset
                0x02004920       0x14 ./ra/fsp/src/bsp/mcu/all/bsp_clocks.o
                0x02004920                R_BSP_SubClockStabilizeWaitAfterReset
 .text.bsp_prv_sosc_init
                0x02004934       0x6c ./ra/fsp/src/bsp/mcu/all/bsp_clocks.o
 .text.R_BSP_Init_RTC
                0x020049a0       0xbc ./ra/fsp/src/bsp/mcu/all/bsp_clocks.o
                0x020049a0                R_BSP_Init_RTC
 .text.__assert_func
                0x02004a5c       0x12 ./ra/fsp/src/bsp/mcu/all/bsp_common.o
                0x02004a5c                __assert_func
 *fill*         0x02004a6e        0x2 
 .text.R_BSP_SoftwareDelay
                0x02004a70      0x184 ./ra/fsp/src/bsp/mcu/all/bsp_delay.o
                0x02004a70                R_BSP_SoftwareDelay
 *fill*         0x02004bf4        0x4 
 .text.bsp_prv_software_delay_loop
                0x02004bf8        0xc ./ra/fsp/src/bsp/mcu/all/bsp_delay.o
                0x02004bf8                bsp_prv_software_delay_loop
 .text.bsp_group_irq_call
                0x02004c04       0x30 ./ra/fsp/src/bsp/mcu/all/bsp_group_irq.o
 .text.NMI_Handler
                0x02004c34       0x80 ./ra/fsp/src/bsp/mcu/all/bsp_group_irq.o
                0x02004c34                NMI_Handler
 .text.bsp_irq_cfg
                0x02004cb4       0x60 ./ra/fsp/src/bsp/mcu/all/bsp_irq.o
                0x02004cb4                bsp_irq_cfg
 .text.R_BSP_RegisterProtectEnable
                0x02004d14       0xa0 ./ra/fsp/src/bsp/mcu/all/bsp_register_protection.o
                0x02004d14                R_BSP_RegisterProtectEnable
 .text.R_BSP_RegisterProtectDisable
                0x02004db4       0x90 ./ra/fsp/src/bsp/mcu/all/bsp_register_protection.o
                0x02004db4                R_BSP_RegisterProtectDisable
 .text.__NVIC_SetPriority
                0x02004e44       0x54 ./ra/fsp/src/bsp/cmsis/Device/RENESAS/Source/startup.o
 .text.R_BSP_PinWrite
                0x02004e98       0x68 ./ra/fsp/src/bsp/cmsis/Device/RENESAS/Source/startup.o
 .text.R_BSP_PinAccessEnable
                0x02004f00       0x60 ./ra/fsp/src/bsp/cmsis/Device/RENESAS/Source/startup.o
 .text.R_BSP_PinAccessDisable
                0x02004f60       0x68 ./ra/fsp/src/bsp/cmsis/Device/RENESAS/Source/startup.o
 .text.hal_set_led0_low
                0x02004fc8       0x24 ./ra/fsp/src/bsp/cmsis/Device/RENESAS/Source/startup.o
                0x02004fc8                hal_set_led0_low
 .text.hal_set_led0_high
                0x02004fec       0x24 ./ra/fsp/src/bsp/cmsis/Device/RENESAS/Source/startup.o
                0x02004fec                hal_set_led0_high
 .text.Reset_Handler
                0x02005010       0x22 ./ra/fsp/src/bsp/cmsis/Device/RENESAS/Source/startup.o
                0x02005010                Reset_Handler
 *fill*         0x02005032        0x2 
 .text.Graph_SysTick_Handler
                0x02005034       0x58 ./ra/fsp/src/bsp/cmsis/Device/RENESAS/Source/startup.o
                0x02005034                Graph_SysTick_Handler
 .text.SysTickSetup
                0x0200508c       0x44 ./ra/fsp/src/bsp/cmsis/Device/RENESAS/Source/startup.o
                0x0200508c                SysTickSetup
 .text.Default_Handler
                0x020050d0       0x10 ./ra/fsp/src/bsp/cmsis/Device/RENESAS/Source/startup.o
                0x020050d0                HardFault_Handler
                0x020050d0                UsageFault_Handler
                0x020050d0                SecureFault_Handler
                0x020050d0                Default_Handler
                0x020050d0                MemManage_Handler
                0x020050d0                BusFault_Handler
                0x020050d0                DebugMon_Handler
 .text.SystemRuntimeInit
                0x020050e0       0xec ./ra/fsp/src/bsp/cmsis/Device/RENESAS/Source/system.o
 .text.SystemInit
                0x020051cc      0x22c ./ra/fsp/src/bsp/cmsis/Device/RENESAS/Source/system.o
                0x020051cc                SystemInit
 .text.memset_64
                0x020053f8       0x2c ./ra/fsp/src/bsp/cmsis/Device/RENESAS/Source/system.o
 .text.bsp_init
                0x02005424       0x14 ./ra/board/ra8e1_fpb/board_init.o
                0x02005424                bsp_init
 .text.vListInitialise
                0x02005438       0x40 ./ra/aws/FreeRTOS/FreeRTOS/Source/list.o
                0x02005438                vListInitialise
 .text.vListInitialiseItem
                0x02005478       0x1a ./ra/aws/FreeRTOS/FreeRTOS/Source/list.o
                0x02005478                vListInitialiseItem
 .text.vListInsertEnd
                0x02005492       0x48 ./ra/aws/FreeRTOS/FreeRTOS/Source/list.o
                0x02005492                vListInsertEnd
 .text.vListInsert
                0x020054da       0x72 ./ra/aws/FreeRTOS/FreeRTOS/Source/list.o
                0x020054da                vListInsert
 .text.uxListRemove
                0x0200554c       0x54 ./ra/aws/FreeRTOS/FreeRTOS/Source/list.o
                0x0200554c                uxListRemove
 .text.xQueueGenericReset
                0x020055a0      0x120 ./ra/aws/FreeRTOS/FreeRTOS/Source/queue.o
                0x020055a0                xQueueGenericReset
 .text.xQueueGenericCreateStatic
                0x020056c0       0xb0 ./ra/aws/FreeRTOS/FreeRTOS/Source/queue.o
                0x020056c0                xQueueGenericCreateStatic
 .text.prvInitialiseNewQueue
                0x02005770       0x3e ./ra/aws/FreeRTOS/FreeRTOS/Source/queue.o
 *fill*         0x020057ae        0x2 
 .text.xQueueCreateCountingSemaphoreStatic
                0x020057b0       0x68 ./ra/aws/FreeRTOS/FreeRTOS/Source/queue.o
                0x020057b0                xQueueCreateCountingSemaphoreStatic
 .text.xQueueGenericSend
                0x02005818      0x1e4 ./ra/aws/FreeRTOS/FreeRTOS/Source/queue.o
                0x02005818                xQueueGenericSend
 .text.xQueueReceive
                0x020059fc      0x1b0 ./ra/aws/FreeRTOS/FreeRTOS/Source/queue.o
                0x020059fc                xQueueReceive
 .text.xQueueSemaphoreTake
                0x02005bac      0x1a0 ./ra/aws/FreeRTOS/FreeRTOS/Source/queue.o
                0x02005bac                xQueueSemaphoreTake
 .text.prvCopyDataToQueue
                0x02005d4c       0xb8 ./ra/aws/FreeRTOS/FreeRTOS/Source/queue.o
 .text.prvCopyDataFromQueue
                0x02005e04       0x4c ./ra/aws/FreeRTOS/FreeRTOS/Source/queue.o
 .text.prvUnlockQueue
                0x02005e50       0xa4 ./ra/aws/FreeRTOS/FreeRTOS/Source/queue.o
 .text.prvIsQueueEmpty
                0x02005ef4       0x2c ./ra/aws/FreeRTOS/FreeRTOS/Source/queue.o
 .text.prvIsQueueFull
                0x02005f20       0x30 ./ra/aws/FreeRTOS/FreeRTOS/Source/queue.o
 .text.vQueueAddToRegistry
                0x02005f50       0x9c ./ra/aws/FreeRTOS/FreeRTOS/Source/queue.o
                0x02005f50                vQueueAddToRegistry
 .text.vQueueWaitForMessageRestricted
                0x02005fec       0x68 ./ra/aws/FreeRTOS/FreeRTOS/Source/queue.o
                0x02005fec                vQueueWaitForMessageRestricted
 .text.prvCreateStaticTask
                0x02006054       0xb0 ./ra/aws/FreeRTOS/FreeRTOS/Source/tasks.o
 .text.xTaskCreateStatic
                0x02006104       0x48 ./ra/aws/FreeRTOS/FreeRTOS/Source/tasks.o
                0x02006104                xTaskCreateStatic
 .text.prvInitialiseNewTask
                0x0200614c      0x110 ./ra/aws/FreeRTOS/FreeRTOS/Source/tasks.o
 .text.prvAddNewTaskToReadyList
                0x0200625c      0x130 ./ra/aws/FreeRTOS/FreeRTOS/Source/tasks.o
 .text.vTaskPrioritySet
                0x0200638c      0x188 ./ra/aws/FreeRTOS/FreeRTOS/Source/tasks.o
                0x0200638c                vTaskPrioritySet
 .text.vTaskSuspend
                0x02006514      0x110 ./ra/aws/FreeRTOS/FreeRTOS/Source/tasks.o
                0x02006514                vTaskSuspend
 .text.prvTaskIsTaskSuspended
                0x02006624       0x8c ./ra/aws/FreeRTOS/FreeRTOS/Source/tasks.o
 .text.xTaskResumeFromISR
                0x020066b0      0x140 ./ra/aws/FreeRTOS/FreeRTOS/Source/tasks.o
                0x020066b0                xTaskResumeFromISR
 .text.prvCreateIdleTasks
                0x020067f0       0xd4 ./ra/aws/FreeRTOS/FreeRTOS/Source/tasks.o
 .text.vTaskStartScheduler
                0x020068c4       0x84 ./ra/aws/FreeRTOS/FreeRTOS/Source/tasks.o
                0x020068c4                vTaskStartScheduler
 .text.vTaskSuspendAll
                0x02006948       0x1c ./ra/aws/FreeRTOS/FreeRTOS/Source/tasks.o
                0x02006948                vTaskSuspendAll
 .text.xTaskResumeAll
                0x02006964      0x218 ./ra/aws/FreeRTOS/FreeRTOS/Source/tasks.o
                0x02006964                xTaskResumeAll
 .text.xTaskGetTickCount
                0x02006b7c       0x20 ./ra/aws/FreeRTOS/FreeRTOS/Source/tasks.o
                0x02006b7c                xTaskGetTickCount
 .text.xTaskIncrementTick
                0x02006b9c      0x21c ./ra/aws/FreeRTOS/FreeRTOS/Source/tasks.o
                0x02006b9c                xTaskIncrementTick
 .text.vTaskSwitchContext
                0x02006db8       0xbc ./ra/aws/FreeRTOS/FreeRTOS/Source/tasks.o
                0x02006db8                vTaskSwitchContext
 .text.vTaskPlaceOnEventList
                0x02006e74       0x4c ./ra/aws/FreeRTOS/FreeRTOS/Source/tasks.o
                0x02006e74                vTaskPlaceOnEventList
 .text.vTaskPlaceOnEventListRestricted
                0x02006ec0       0x90 ./ra/aws/FreeRTOS/FreeRTOS/Source/tasks.o
                0x02006ec0                vTaskPlaceOnEventListRestricted
 .text.xTaskRemoveFromEventList
                0x02006f50      0x1b4 ./ra/aws/FreeRTOS/FreeRTOS/Source/tasks.o
                0x02006f50                xTaskRemoveFromEventList
 .text.vTaskInternalSetTimeOutState
                0x02007104       0x2c ./ra/aws/FreeRTOS/FreeRTOS/Source/tasks.o
                0x02007104                vTaskInternalSetTimeOutState
 .text.xTaskCheckForTimeOut
                0x02007130       0xcc ./ra/aws/FreeRTOS/FreeRTOS/Source/tasks.o
                0x02007130                xTaskCheckForTimeOut
 .text.vTaskMissedYield
                0x020071fc       0x18 ./ra/aws/FreeRTOS/FreeRTOS/Source/tasks.o
                0x020071fc                vTaskMissedYield
 .text.prvIdleTask
                0x02007214       0x38 ./ra/aws/FreeRTOS/FreeRTOS/Source/tasks.o
 .text.prvInitialiseTaskLists
                0x0200724c       0x80 ./ra/aws/FreeRTOS/FreeRTOS/Source/tasks.o
 .text.prvCheckTasksWaitingTermination
                0x020072cc       0x5c ./ra/aws/FreeRTOS/FreeRTOS/Source/tasks.o
 .text.prvDeleteTCB
                0x02007328       0x14 ./ra/aws/FreeRTOS/FreeRTOS/Source/tasks.o
 .text.prvResetNextTaskUnblockTime
                0x0200733c       0x38 ./ra/aws/FreeRTOS/FreeRTOS/Source/tasks.o
 .text.xTaskGetSchedulerState
                0x02007374       0x3c ./ra/aws/FreeRTOS/FreeRTOS/Source/tasks.o
                0x02007374                xTaskGetSchedulerState
 .text.prvAddCurrentTaskToDelayedList
                0x020073b0       0xe0 ./ra/aws/FreeRTOS/FreeRTOS/Source/tasks.o
 .text.xTimerCreateTimerTask
                0x02007490       0x94 ./ra/aws/FreeRTOS/FreeRTOS/Source/timers.o
                0x02007490                xTimerCreateTimerTask
 .text.prvReloadTimer
                0x02007524       0x42 ./ra/aws/FreeRTOS/FreeRTOS/Source/timers.o
 *fill*         0x02007566        0x2 
 .text.prvProcessExpiredTimer
                0x02007568       0x60 ./ra/aws/FreeRTOS/FreeRTOS/Source/timers.o
 .text.prvTimerTask
                0x020075c8       0x24 ./ra/aws/FreeRTOS/FreeRTOS/Source/timers.o
 .text.prvProcessTimerOrBlockTask
                0x020075ec       0xa0 ./ra/aws/FreeRTOS/FreeRTOS/Source/timers.o
 .text.prvGetNextExpireTime
                0x0200768c       0x48 ./ra/aws/FreeRTOS/FreeRTOS/Source/timers.o
 .text.prvSampleTimeNow
                0x020076d4       0x40 ./ra/aws/FreeRTOS/FreeRTOS/Source/timers.o
 .text.prvInsertTimerInActiveList
                0x02007714       0x84 ./ra/aws/FreeRTOS/FreeRTOS/Source/timers.o
 .text.prvProcessReceivedCommands
                0x02007798      0x170 ./ra/aws/FreeRTOS/FreeRTOS/Source/timers.o
 .text.prvSwitchTimerLists
                0x02007908       0x4c ./ra/aws/FreeRTOS/FreeRTOS/Source/timers.o
 .text.prvCheckForValidListAndQueue
                0x02007954       0x80 ./ra/aws/FreeRTOS/FreeRTOS/Source/timers.o
 .text.memset   0x020079d4       0x10 C:/Renesas/RA/e2studio_v2025-01_fsp_v5.8.0/toolchains/gcc_arm/13.2.rel1/bin/../lib/gcc/arm-none-eabi/13.2.1/thumb/v8-m.main+dp/hard\libg_nano.a(libc_a-memset.o)
                0x020079d4                memset
 .text.memcpy   0x020079e4       0x1a C:/Renesas/RA/e2studio_v2025-01_fsp_v5.8.0/toolchains/gcc_arm/13.2.rel1/bin/../lib/gcc/arm-none-eabi/13.2.1/thumb/v8-m.main+dp/hard\libg_nano.a(libc_a-memcpy-stub.o)
                0x020079e4                memcpy
 *(.rodata*)
 *fill*         0x020079fe        0x2 
 .rodata.tstaudio_in_m1
                0x02007a00    0x27100 ./src/graph/stream_platform/ra8e1/graph_test_scheduler.o
                0x02007a00                tstaudio_in_m1
 .rodata.tstaudio_in_0
                0x0202eb00    0x27100 ./src/graph/stream_platform/ra8e1/graph_test_scheduler.o
                0x0202eb00                tstaudio_in_0
 .rodata.ios    0x02055c00      0x140 ./src/graph/stream_platform/ra8e1/graph_test_scheduler.o
                0x02055c00                ios
 .rodata.node_entry_points
                0x02055d40       0x78 ./src/graph/stream_platform/ra8e1/top_manifest_ra8e1.o
                0x02055d40                node_entry_points
 .rodata.platform_io
                0x02055db8       0x28 ./src/graph/stream_platform/ra8e1/top_manifest_ra8e1.o
                0x02055db8                platform_io
 .rodata.application_callbacks
                0x02055de0       0x10 ./src/graph/stream_platform/ra8e1/top_manifest_ra8e1.o
                0x02055de0                application_callbacks
 .rodata.graph_RA8E1_audio
                0x02055df0      0x388 ./src/graph/stream_platform/ra8e1/top_manifest_ra8e1.o
                0x02055df0                graph_RA8E1_audio
 .rodata        0x02056178       0x1c ./src/graph/stream_platform/platform_services/all_services.o
 .rodata.detector_preset
                0x02056194       0x30 ./src/graph/stream_nodes/signal-processingFR/detector/sigp_stream_detector.o
                0x02056194                detector_preset
 .rodata.new_thread0_parameters
                0x020561c4        0x4 ./ra_gen/new_thread0.o
                0x020561c4                new_thread0_parameters
 .rodata        0x020561c8        0xb ./ra_gen/new_thread0.o
 *fill*         0x020561d3        0x1 
 .rodata.new_thread1_parameters
                0x020561d4        0x4 ./ra_gen/new_thread1.o
                0x020561d4                new_thread1_parameters
 .rodata        0x020561d8        0xb ./ra_gen/new_thread1.o
 *fill*         0x020561e3        0x1 
 .rodata.new_thread2_parameters
                0x020561e4        0x4 ./ra_gen/new_thread2.o
                0x020561e4                new_thread2_parameters
 .rodata        0x020561e8        0xb ./ra_gen/new_thread2.o
 *fill*         0x020561f3        0x1 
 .rodata.g_bsp_pin_cfg_data
                0x020561f4      0x1b0 ./ra_gen/pin_data.o
                0x020561f4                g_bsp_pin_cfg_data
 .rodata.g_bsp_pin_cfg
                0x020563a4        0xc ./ra_gen/pin_data.o
                0x020563a4                g_bsp_pin_cfg
 .rodata        0x020563b0       0xfc ./ra/fsp/src/rm_freertos_port/port.o
 .rodata.__func__.3
                0x020564ac       0x12 ./ra/fsp/src/rm_freertos_port/port.o
 *fill*         0x020564be        0x2 
 .rodata.__func__.2
                0x020564c0       0x13 ./ra/fsp/src/rm_freertos_port/port.o
 *fill*         0x020564d3        0x1 
 .rodata.__func__.1
                0x020564d4       0x12 ./ra/fsp/src/rm_freertos_port/port.o
 *fill*         0x020564e6        0x2 
 .rodata.__func__.0
                0x020564e8       0x1f ./ra/fsp/src/rm_freertos_port/port.o
 *fill*         0x02056507        0x1 
 .rodata.g_vbatt_pins_input
                0x02056508        0x6 ./ra/fsp/src/r_ioport/r_ioport.o
 *fill*         0x0205650e        0x2 
 .rodata.zero_list
                0x02056510       0x48 ./ra/fsp/src/bsp/mcu/ra8e1/bsp_linker.o
 .rodata.copy_list
                0x02056558       0xc0 ./ra/fsp/src/bsp/mcu/ra8e1/bsp_linker.o
 .rodata.nocache_list
                0x02056618       0x10 ./ra/fsp/src/bsp/mcu/ra8e1/bsp_linker.o
 .rodata.g_init_info
                0x02056628       0x18 ./ra/fsp/src/bsp/mcu/ra8e1/bsp_linker.o
                0x02056628                g_init_info
 .rodata.g_interrupt_event_link_select
                0x02056640        0x2 ./ra/fsp/src/bsp/mcu/all/bsp_irq.o
                0x02056640                g_interrupt_event_link_select
 *fill*         0x02056642        0x2 
 .rodata.g_prcr_masks
                0x02056644        0xa ./ra/fsp/src/bsp/mcu/all/bsp_register_protection.o
 *fill*         0x0205664e        0x2 
 .rodata.g_bsp_prv_leds
                0x02056650        0x4 ./ra/board/ra8e1_fpb/board_leds.o
 .rodata.g_bsp_leds
                0x02056654        0x8 ./ra/board/ra8e1_fpb/board_leds.o
                0x02056654                g_bsp_leds
 .rodata        0x0205665c      0x34b ./ra/aws/FreeRTOS/FreeRTOS/Source/queue.o
 *fill*         0x020569a7        0x1 
 .rodata.__func__.20
                0x020569a8       0x13 ./ra/aws/FreeRTOS/FreeRTOS/Source/queue.o
 *fill*         0x020569bb        0x1 
 .rodata.__func__.19
                0x020569bc       0x1a ./ra/aws/FreeRTOS/FreeRTOS/Source/queue.o
 *fill*         0x020569d6        0x2 
 .rodata.__func__.17
                0x020569d8       0x24 ./ra/aws/FreeRTOS/FreeRTOS/Source/queue.o
 .rodata.__func__.16
                0x020569fc       0x12 ./ra/aws/FreeRTOS/FreeRTOS/Source/queue.o
 *fill*         0x02056a0e        0x2 
 .rodata.__func__.13
                0x02056a10        0xe ./ra/aws/FreeRTOS/FreeRTOS/Source/queue.o
 *fill*         0x02056a1e        0x2 
 .rodata.__func__.12
                0x02056a20       0x14 ./ra/aws/FreeRTOS/FreeRTOS/Source/queue.o
 .rodata.__func__.2
                0x02056a34       0x14 ./ra/aws/FreeRTOS/FreeRTOS/Source/queue.o
 .rodata.uxTopUsedPriority
                0x02056a48        0x4 ./ra/aws/FreeRTOS/FreeRTOS/Source/tasks.o
 .rodata        0x02056a4c      0x3d1 ./ra/aws/FreeRTOS/FreeRTOS/Source/tasks.o
 *fill*         0x02056e1d        0x3 
 .rodata.__func__.31
                0x02056e20       0x14 ./ra/aws/FreeRTOS/FreeRTOS/Source/tasks.o
 .rodata.__func__.30
                0x02056e34       0x15 ./ra/aws/FreeRTOS/FreeRTOS/Source/tasks.o
 *fill*         0x02056e49        0x3 
 .rodata.__func__.26
                0x02056e4c       0x11 ./ra/aws/FreeRTOS/FreeRTOS/Source/tasks.o
 *fill*         0x02056e5d        0x3 
 .rodata.__func__.25
                0x02056e60        0xd ./ra/aws/FreeRTOS/FreeRTOS/Source/tasks.o
 *fill*         0x02056e6d        0x3 
 .rodata.__func__.24
                0x02056e70       0x17 ./ra/aws/FreeRTOS/FreeRTOS/Source/tasks.o
 *fill*         0x02056e87        0x1 
 .rodata.__func__.22
                0x02056e88       0x13 ./ra/aws/FreeRTOS/FreeRTOS/Source/tasks.o
 *fill*         0x02056e9b        0x1 
 .rodata.__func__.21
                0x02056e9c       0x14 ./ra/aws/FreeRTOS/FreeRTOS/Source/tasks.o
 .rodata.__func__.20
                0x02056eb0        0xf ./ra/aws/FreeRTOS/FreeRTOS/Source/tasks.o
 *fill*         0x02056ebf        0x1 
 .rodata.__func__.16
                0x02056ec0       0x13 ./ra/aws/FreeRTOS/FreeRTOS/Source/tasks.o
 *fill*         0x02056ed3        0x1 
 .rodata.__func__.15
                0x02056ed4       0x13 ./ra/aws/FreeRTOS/FreeRTOS/Source/tasks.o
 *fill*         0x02056ee7        0x1 
 .rodata.__func__.14
                0x02056ee8       0x16 ./ra/aws/FreeRTOS/FreeRTOS/Source/tasks.o
 *fill*         0x02056efe        0x2 
 .rodata.__func__.12
                0x02056f00       0x20 ./ra/aws/FreeRTOS/FreeRTOS/Source/tasks.o
 .rodata.__func__.11
                0x02056f20       0x19 ./ra/aws/FreeRTOS/FreeRTOS/Source/tasks.o
 *fill*         0x02056f39        0x3 
 .rodata.__func__.8
                0x02056f3c       0x15 ./ra/aws/FreeRTOS/FreeRTOS/Source/tasks.o
 *fill*         0x02056f51        0x3 
 .rodata        0x02056f54      0x145 ./ra/aws/FreeRTOS/FreeRTOS/Source/timers.o
 *fill*         0x02057099        0x3 
 .rodata.__func__.18
                0x0205709c       0x16 ./ra/aws/FreeRTOS/FreeRTOS/Source/timers.o
 *fill*         0x020570b2        0x2 
 .rodata.__func__.5
                0x020570b4       0x1b ./ra/aws/FreeRTOS/FreeRTOS/Source/timers.o
 *(.mcuboot_sce9_key)
 *(.version)
 *fill*         0x020570cf        0x1 
 .version       0x020570d0       0x50 ./ra/fsp/src/bsp/mcu/all/bsp_common.o
                0x02057120                        __flash_readonly$$Limit = .

.glue_7         0x02057120        0x0
 .glue_7        0x02057120        0x0 linker stubs

.glue_7t        0x02057120        0x0
 .glue_7t       0x02057120        0x0 linker stubs

.vfp11_veneer   0x02057120        0x0
 .vfp11_veneer  0x02057120        0x0 linker stubs

.v4_bx          0x02057120        0x0
 .v4_bx         0x02057120        0x0 linker stubs

.init           0x02057120        0x4
 .init          0x02057120        0x4 C:/Renesas/RA/e2studio_v2025-01_fsp_v5.8.0/toolchains/gcc_arm/13.2.rel1/bin/../lib/gcc/arm-none-eabi/13.2.1/thumb/v8-m.main+dp/hard/crti.o
                0x02057120                _init

.fini           0x02057124        0x4
 .fini          0x02057124        0x4 C:/Renesas/RA/e2studio_v2025-01_fsp_v5.8.0/toolchains/gcc_arm/13.2.rel1/bin/../lib/gcc/arm-none-eabi/13.2.1/thumb/v8-m.main+dp/hard/crti.o
                0x02057124                _fini

.iplt           0x02057128        0x0
 .iplt          0x02057128        0x0 C:/Renesas/RA/e2studio_v2025-01_fsp_v5.8.0/toolchains/gcc_arm/13.2.rel1/bin/../lib/gcc/arm-none-eabi/13.2.1/thumb/v8-m.main+dp/hard/crtbegin.o

__flash_ctor$$
 *crtbegin.o(.ctors)
 *crtbegin?.o(.ctors)
 EXCLUDE_FILE(*crtend.o *crtend?.o) *(.ctors)
 *(SORT_BY_NAME(.ctors.*))
 *(.ctors)
 *crtbegin.o(.dtors)
 *crtbegin?.o(.dtors)
 EXCLUDE_FILE(*crtend.o *crtend?.o) *(.dtors)
 *(SORT_BY_NAME(.dtors.*))
 *(.dtors)

__flash_preinit_array$$
                0x02057128        0x0
                0x02057128                        __preinit_array_start = .
 *(.preinit_array)
                0x02057128                        __preinit_array_end = .

__flash_.got$$
 *(.got.plt)
 *(.got)

__flash_init_array$$
                0x02057128        0x4
                0x02057128                        __init_array_start = .
 *(SORT_BY_NAME(.init_array.*))
 *(.init_array)
 .init_array    0x02057128        0x4 C:/Renesas/RA/e2studio_v2025-01_fsp_v5.8.0/toolchains/gcc_arm/13.2.rel1/bin/../lib/gcc/arm-none-eabi/13.2.1/thumb/v8-m.main+dp/hard/crtbegin.o
                0x0205712c                        __init_array_end = .

__flash_fini_array$$
                0x0205712c        0x4
                0x0205712c                        __fini_array_start = .
 *(SORT_BY_NAME(.fini_array.*))
 *(.fini_array)
 .fini_array    0x0205712c        0x4 C:/Renesas/RA/e2studio_v2025-01_fsp_v5.8.0/toolchains/gcc_arm/13.2.rel1/bin/../lib/gcc/arm-none-eabi/13.2.1/thumb/v8-m.main+dp/hard/crtbegin.o
                0x02057130                        __fini_array_end = .

__flash_arm.extab$$
 *(.ARM.extab*)
 *(.gnu.linkonce.armextab.*)

__flash_arm.exidx$$
                0x02057130        0x0
                0x02057130                        __exidx_start = .
 *(.ARM.exidx*)
 *(.gnu.linkonce.armexidx.*)
                0x02057130                        __exidx_end = .

.flash.endof    0x02058000        0x0
                0x02058000                        __ddsc_FLASH_END = .

.flash.flat_nsc
                0x02058000        0x0
                0x02058000                        __sau_ddsc_FLASH_NSC = .

.option_setting_ofs0.startof
                0x0300a100        0x0
                0x0300a100                        __ddsc_OPTION_SETTING_OFS0_START = .

__option_setting_ofs0_reg$$
                0x0300a100        0x4
                0x0300a100                        __option_setting_ofs0_reg$$Base = .
 *(.option_setting_ofs0)
 .option_setting_ofs0
                0x0300a100        0x4 ./ra/fsp/src/bsp/mcu/ra8e1/bsp_linker.o
                0x0300a104                        __option_setting_ofs0_reg$$Limit = .

.option_setting_ofs0.endof
                0x0300a104        0x0
                0x0300a104                        __ddsc_OPTION_SETTING_OFS0_END = .

.option_setting_ofs2.startof
                0x0300a104        0x0
                0x0300a104                        __ddsc_OPTION_SETTING_OFS2_START = .

__option_setting_ofs2_reg$$
                0x0300a104        0x4
                0x0300a104                        __option_setting_ofs2_reg$$Base = .
 *(.option_setting_ofs2)
 .option_setting_ofs2
                0x0300a104        0x4 ./ra/fsp/src/bsp/mcu/ra8e1/bsp_linker.o
                0x0300a108                        __option_setting_ofs2_reg$$Limit = .

.option_setting_ofs2.endof
                0x0300a108        0x0
                0x0300a108                        __ddsc_OPTION_SETTING_OFS2_END = .

.option_setting_dualsel.startof
                0x0300a110        0x0
                0x0300a110                        __ddsc_OPTION_SETTING_DUALSEL_START = .

__option_setting_dualsel_reg$$
                0x0300a110        0x0
                0x0300a110                        __option_setting_dualsel_reg$$Base = .
 *(.option_setting_dualsel)
                0x0300a110                        __option_setting_dualsel_reg$$Limit = .

.option_setting_dualsel.endof
                0x0300a110        0x0
                0x0300a110                        __ddsc_OPTION_SETTING_DUALSEL_END = .

.option_setting_ofs1.startof
                0x1300a180        0x0
                0x1300a180                        __ddsc_OPTION_SETTING_OFS1_START = .

__option_setting_ofs1_reg$$
                0x1300a180        0x0
                0x1300a180                        __option_setting_ofs1_reg$$Base = .
 *(.option_setting_ofs1)
                0x1300a180                        __option_setting_ofs1_reg$$Limit = .

.option_setting_ofs1.endof
                0x1300a180        0x0
                0x1300a180                        __ddsc_OPTION_SETTING_OFS1_END = .

.option_setting_banksel.startof
                0x1300a190        0x0
                0x1300a190                        __ddsc_OPTION_SETTING_BANKSEL_START = .

__option_setting_banksel_reg$$
                0x1300a190        0x0
                0x1300a190                        __option_setting_banksel_reg$$Base = .
 *(.option_setting_banksel)
                0x1300a190                        __option_setting_banksel_reg$$Limit = .

.option_setting_banksel.endof
                0x1300a190        0x0
                0x1300a190                        __ddsc_OPTION_SETTING_BANKSEL_END = .

.option_setting_bps.startof
                0x1300a1c0        0x0
                0x1300a1c0                        __ddsc_OPTION_SETTING_BPS_START = .

__option_setting_bps_reg$$
                0x1300a1c0        0x0
                0x1300a1c0                        __option_setting_bps_reg$$Base = .
 *(.option_setting_bps)
                0x1300a1c0                        __option_setting_bps_reg$$Limit = .

.option_setting_bps.endof
                0x1300a1c0        0x0
                0x1300a1c0                        __ddsc_OPTION_SETTING_BPS_END = .

.option_setting_pbps.startof
                0x1300a1e0        0x0
                0x1300a1e0                        __ddsc_OPTION_SETTING_PBPS_START = .

__option_setting_pbps_reg$$
                0x1300a1e0        0x0
                0x1300a1e0                        __option_setting_pbps_reg$$Base = .
 *(.option_setting_pbps)
                0x1300a1e0                        __option_setting_pbps_reg$$Limit = .

.option_setting_pbps.endof
                0x1300a1e0        0x0
                0x1300a1e0                        __ddsc_OPTION_SETTING_PBPS_END = .

.option_setting_ofs1_sec.startof
                0x0300a200        0x0
                0x0300a200                        __ddsc_OPTION_SETTING_OFS1_SEC_START = .

__option_setting_ofs1_sec_reg$$
                0x0300a200        0x4
                0x0300a200                        __option_setting_ofs1_sec_reg$$Base = .
 *(.option_setting_ofs1_sec)
 .option_setting_ofs1_sec
                0x0300a200        0x4 ./ra/fsp/src/bsp/mcu/ra8e1/bsp_linker.o
                0x0300a204                        __option_setting_ofs1_sec_reg$$Limit = .

.option_setting_ofs1_sec.endof
                0x0300a204        0x0
                0x0300a204                        __ddsc_OPTION_SETTING_OFS1_SEC_END = .

.option_setting_banksel_sec.startof
                0x0300a210        0x0
                0x0300a210                        __ddsc_OPTION_SETTING_BANKSEL_SEC_START = .

__option_setting_banksel_sec_reg$$
                0x0300a210        0x0
                0x0300a210                        __option_setting_banksel_sec_reg$$Base = .
 *(.option_setting_banksel_sec)
                0x0300a210                        __option_setting_banksel_sec_reg$$Limit = .

.option_setting_banksel_sec.endof
                0x0300a210        0x0
                0x0300a210                        __ddsc_OPTION_SETTING_BANKSEL_SEC_END = .

.option_setting_bps_sec.startof
                0x0300a240        0x0
                0x0300a240                        __ddsc_OPTION_SETTING_BPS_SEC_START = .

__option_setting_bps_sec_reg$$
                0x0300a240        0x0
                0x0300a240                        __option_setting_bps_sec_reg$$Base = .
 *(.option_setting_bps_sec)
                0x0300a240                        __option_setting_bps_sec_reg$$Limit = .

.option_setting_bps_sec.endof
                0x0300a240        0x0
                0x0300a240                        __ddsc_OPTION_SETTING_BPS_SEC_END = .

.option_setting_pbps_sec.startof
                0x0300a260        0x0
                0x0300a260                        __ddsc_OPTION_SETTING_PBPS_SEC_START = .

__option_setting_pbps_sec_reg$$
                0x0300a260        0x0
                0x0300a260                        __option_setting_pbps_sec_reg$$Base = .
 *(.option_setting_pbps_sec)
                0x0300a260                        __option_setting_pbps_sec_reg$$Limit = .

.option_setting_pbps_sec.endof
                0x0300a260        0x0
                0x0300a260                        __ddsc_OPTION_SETTING_PBPS_SEC_END = .

.option_setting_ofs1_sel.startof
                0x0300a280        0x0
                0x0300a280                        __ddsc_OPTION_SETTING_OFS1_SEL_START = .

__option_setting_ofs1_sel_reg$$
                0x0300a280        0x4
                0x0300a280                        __option_setting_ofs1_sel_reg$$Base = .
 *(.option_setting_ofs1_sel)
 .option_setting_ofs1_sel
                0x0300a280        0x4 ./ra/fsp/src/bsp/mcu/ra8e1/bsp_linker.o
                0x0300a284                        __option_setting_ofs1_sel_reg$$Limit = .

.eh_frame       0x0300a284        0x0
 .eh_frame      0x0300a284        0x0 C:/Renesas/RA/e2studio_v2025-01_fsp_v5.8.0/toolchains/gcc_arm/13.2.rel1/bin/../lib/gcc/arm-none-eabi/13.2.1/thumb/v8-m.main+dp/hard/crtbegin.o

.rel.dyn        0x0300a284        0x0
 .rel.iplt      0x0300a284        0x0 C:/Renesas/RA/e2studio_v2025-01_fsp_v5.8.0/toolchains/gcc_arm/13.2.rel1/bin/../lib/gcc/arm-none-eabi/13.2.1/thumb/v8-m.main+dp/hard/crtbegin.o

.option_setting_ofs1_sel.endof
                0x0300a284        0x0
                0x0300a284                        __ddsc_OPTION_SETTING_OFS1_SEL_END = .

.option_setting_banksel_sel.startof
                0x0300a290        0x0
                0x0300a290                        __ddsc_OPTION_SETTING_BANKSEL_SEL_START = .

__option_setting_banksel_sel_reg$$
                0x0300a290        0x0
                0x0300a290                        __option_setting_banksel_sel_reg$$Base = .
 *(.option_setting_banksel_sel)
                0x0300a290                        __option_setting_banksel_sel_reg$$Limit = .

.option_setting_banksel_sel.endof
                0x0300a290        0x0
                0x0300a290                        __ddsc_OPTION_SETTING_BANKSEL_SEL_END = .

.option_setting_bps_sel.startof
                0x0300a2c0        0x0
                0x0300a2c0                        __ddsc_OPTION_SETTING_BPS_SEL_START = .

__option_setting_bps_sel_reg$$
                0x0300a2c0        0x0
                0x0300a2c0                        __option_setting_bps_sel_reg$$Base = .
 *(.option_setting_bps_sel)
                0x0300a2c0                        __option_setting_bps_sel_reg$$Limit = .

.option_setting_bps_sel.endof
                0x0300a2c0        0x0
                0x0300a2c0                        __ddsc_OPTION_SETTING_BPS_SEL_END = .
OUTPUT(graph_interpreter_flat.elf elf32-littlearm)
LOAD linker stubs

.ARM.attributes
                0x00000000       0x3a
 .ARM.attributes
                0x00000000       0x24 C:/Renesas/RA/e2studio_v2025-01_fsp_v5.8.0/toolchains/gcc_arm/13.2.rel1/bin/../lib/gcc/arm-none-eabi/13.2.1/thumb/v8-m.main+dp/hard/crti.o
 .ARM.attributes
                0x00000024       0x36 C:/Renesas/RA/e2studio_v2025-01_fsp_v5.8.0/toolchains/gcc_arm/13.2.rel1/bin/../lib/gcc/arm-none-eabi/13.2.1/thumb/v8-m.main+dp/hard/crtbegin.o
 .ARM.attributes
                0x0000005a       0x3e ./src/graph/stream_src/stream_graph_interpreter.o
 .ARM.attributes
                0x00000098       0x3e ./src/graph/stream_src/stream_io.o
 .ARM.attributes
                0x000000d6       0x3e ./src/graph/stream_src/stream_scheduler.o
 .ARM.attributes
                0x00000114       0x3e ./src/graph/stream_platform/ra8e1/stream_libraries/CMSIS-DSP/Source/FilteringFunctions/ra8e1_arm_biquad_cascade_df1_fast_q15.o
 .ARM.attributes
                0x00000152       0x3e ./src/graph/stream_platform/ra8e1/stream_libraries/CMSIS-DSP/Source/FilteringFunctions/ra8e1_arm_biquad_cascade_df1_init_q15.o
 .ARM.attributes
                0x00000190       0x3e ./src/graph/stream_platform/ra8e1/graph_test_scheduler.o
 .ARM.attributes
                0x000001ce       0x3e ./src/graph/stream_platform/ra8e1/ra8e1_io_services.o
 .ARM.attributes
                0x0000020c       0x3e ./src/graph/stream_platform/ra8e1/top_manifest_ra8e1.o
 .ARM.attributes
                0x0000024a       0x3e ./src/graph/stream_platform/platform_services/stream_libraries/CMSIS-DSP/Source/FilteringFunctions/generic_biquad_cascade_df1_f32.o
 .ARM.attributes
                0x00000288       0x3e ./src/graph/stream_platform/platform_services/stream_libraries/CMSIS-DSP/Source/FilteringFunctions/generic_biquad_cascade_df1_init_f32.o
 .ARM.attributes
                0x000002c6       0x3e ./src/graph/stream_platform/platform_services/all_services.o
 .ARM.attributes
                0x00000304       0x3e ./src/graph/stream_platform/platform_services/platform_init.o
 .ARM.attributes
                0x00000342       0x3e ./src/graph/stream_nodes/signal-processingFR/resampler/sigp_stream_resampler.o
 .ARM.attributes
                0x00000380       0x3e ./src/graph/stream_nodes/signal-processingFR/kws/sigp_stream_kws.o
 .ARM.attributes
                0x000003be       0x3e ./src/graph/stream_nodes/signal-processingFR/detector/sigp_stream_detector.o
 .ARM.attributes
                0x000003fc       0x3e ./src/graph/stream_nodes/signal-processingFR/detector/sigp_stream_detector_process.o
 .ARM.attributes
                0x0000043a       0x3e ./src/graph/stream_nodes/signal-processingFR/decompressor/sigp_stream_decompressor.o
 .ARM.attributes
                0x00000478       0x3e ./src/graph/stream_nodes/signal-processingFR/compressor/sigp_stream_compressor.o
 .ARM.attributes
                0x000004b6       0x3e ./src/graph/stream_nodes/elm-lang/TJpgDec/TjpgDec.o
 .ARM.attributes
                0x000004f4       0x3e ./src/graph/stream_nodes/bitbank/JPEGENC/bitbank_JPEGENC.o
 .ARM.attributes
                0x00000532       0x3e ./src/graph/stream_nodes/arm/script/arm_stream_script.o
 .ARM.attributes
                0x00000570       0x3e ./src/graph/stream_nodes/arm/script/arm_stream_script_process.o
 .ARM.attributes
                0x000005ae       0x3e ./src/graph/stream_nodes/arm/router/arm_stream_router.o
 .ARM.attributes
                0x000005ec       0x3e ./src/graph/stream_nodes/arm/router/arm_stream_router_process.o
 .ARM.attributes
                0x0000062a       0x3e ./src/graph/stream_nodes/arm/modulator/arm_stream_modulator.o
 .ARM.attributes
                0x00000668       0x3e ./src/graph/stream_nodes/arm/fixedbf/arm_stream_fixedbf.o
 .ARM.attributes
                0x000006a6       0x3e ./src/graph/stream_nodes/arm/filter/arm_stream_filter.o
 .ARM.attributes
                0x000006e4       0x3e ./src/graph/stream_nodes/arm/demodulator/arm_stream_demodulator.o
 .ARM.attributes
                0x00000722       0x3e ./src/graph/stream_nodes/arm/anr/arm_stream_anr.o
 .ARM.attributes
                0x00000760       0x3e ./src/graph/stream_nodes/arm/amplifier/arm_stream_amplifier.o
 .ARM.attributes
                0x0000079e       0x3e ./src/hal_warmstart.o
 .ARM.attributes
                0x000007dc       0x3e ./src/new_thread0_entry.o
 .ARM.attributes
                0x0000081a       0x3e ./src/new_thread1_entry.o
 .ARM.attributes
                0x00000858       0x3e ./src/new_thread2_entry.o
 .ARM.attributes
                0x00000896       0x3e ./ra_gen/common_data.o
 .ARM.attributes
                0x000008d4       0x3e ./ra_gen/hal_data.o
 .ARM.attributes
                0x00000912       0x3e ./ra_gen/main.o
 .ARM.attributes
                0x00000950       0x3e ./ra_gen/new_thread0.o
 .ARM.attributes
                0x0000098e       0x3e ./ra_gen/new_thread1.o
 .ARM.attributes
                0x000009cc       0x3e ./ra_gen/new_thread2.o
 .ARM.attributes
                0x00000a0a       0x3e ./ra_gen/pin_data.o
 .ARM.attributes
                0x00000a48       0x3e ./ra/fsp/src/rm_freertos_port/port.o
 .ARM.attributes
                0x00000a86       0x3e ./ra/fsp/src/r_ioport/r_ioport.o
 .ARM.attributes
                0x00000ac4       0x3e ./ra/fsp/src/bsp/mcu/ra8e1/bsp_linker.o
 .ARM.attributes
                0x00000b02       0x3e ./ra/fsp/src/bsp/mcu/all/bsp_clocks.o
 .ARM.attributes
                0x00000b40       0x3e ./ra/fsp/src/bsp/mcu/all/bsp_common.o
 .ARM.attributes
                0x00000b7e       0x3e ./ra/fsp/src/bsp/mcu/all/bsp_delay.o
 .ARM.attributes
                0x00000bbc       0x3e ./ra/fsp/src/bsp/mcu/all/bsp_group_irq.o
 .ARM.attributes
                0x00000bfa       0x3e ./ra/fsp/src/bsp/mcu/all/bsp_io.o
 .ARM.attributes
                0x00000c38       0x3e ./ra/fsp/src/bsp/mcu/all/bsp_irq.o
 .ARM.attributes
                0x00000c76       0x3e ./ra/fsp/src/bsp/mcu/all/bsp_register_protection.o
 .ARM.attributes
                0x00000cb4       0x3e ./ra/fsp/src/bsp/cmsis/Device/RENESAS/Source/startup.o
 .ARM.attributes
                0x00000cf2       0x3e ./ra/fsp/src/bsp/cmsis/Device/RENESAS/Source/system.o
 .ARM.attributes
                0x00000d30       0x3e ./ra/board/ra8e1_fpb/board_init.o
 .ARM.attributes
                0x00000d6e       0x3e ./ra/board/ra8e1_fpb/board_leds.o
 .ARM.attributes
                0x00000dac       0x3e ./ra/aws/FreeRTOS/FreeRTOS/Source/list.o
 .ARM.attributes
                0x00000dea       0x3e ./ra/aws/FreeRTOS/FreeRTOS/Source/queue.o
 .ARM.attributes
                0x00000e28       0x3e ./ra/aws/FreeRTOS/FreeRTOS/Source/tasks.o
 .ARM.attributes
                0x00000e66       0x3e ./ra/aws/FreeRTOS/FreeRTOS/Source/timers.o
 .ARM.attributes
                0x00000ea4       0x36 C:/Renesas/RA/e2studio_v2025-01_fsp_v5.8.0/toolchains/gcc_arm/13.2.rel1/bin/../lib/gcc/arm-none-eabi/13.2.1/thumb/v8-m.main+dp/hard\libg_nano.a(libc_a-memset.o)
 .ARM.attributes
                0x00000eda       0x36 C:/Renesas/RA/e2studio_v2025-01_fsp_v5.8.0/toolchains/gcc_arm/13.2.rel1/bin/../lib/gcc/arm-none-eabi/13.2.1/thumb/v8-m.main+dp/hard\libg_nano.a(libc_a-memcpy-stub.o)
 .ARM.attributes