Component: Arm Compiler for Embedded 6.19 Tool: armlink [5e73cb00]

==============================================================================

Section Cross References

    main_1.o(.text.HAL_GetTick) refers to rtx_kernel.o(.text.osKernelGetState) for osKernelGetState
    main_1.o(.text.HAL_GetTick) refers to rtx_kernel.o(.text.osKernelGetTickCount) for osKernelGetTickCount
    main_1.o(.text.HAL_GetTick) refers to system_stm32c0xx.o(.data.SystemCoreClock) for SystemCoreClock
    main_1.o(.text.HAL_GetTick) refers to main_1.o(.bss.HAL_GetTick.ticks) for [Anonymous Symbol]
    main_1.o(.ARM.exidx.text.HAL_GetTick) refers to main_1.o(.text.HAL_GetTick) for [Anonymous Symbol]
    main_1.o(.ARM.exidx.text.HAL_InitTick) refers to main_1.o(.text.HAL_InitTick) for [Anonymous Symbol]
    main_1.o(.text.main) refers to stm32c0xx_hal.o(.text.HAL_Init) for HAL_Init
    main_1.o(.text.main) refers to stm32c0xx_hal_rcc.o(.text.HAL_RCC_OscConfig) for HAL_RCC_OscConfig
    main_1.o(.text.main) refers to stm32c0xx_hal_rcc.o(.text.HAL_RCC_ClockConfig) for HAL_RCC_ClockConfig
    main_1.o(.text.main) refers to system_stm32c0xx.o(.text.SystemCoreClockUpdate) for SystemCoreClockUpdate
    main_1.o(.text.main) refers to stm32c0xx_hal_gpio.o(.text.HAL_GPIO_WritePin) for HAL_GPIO_WritePin
    main_1.o(.text.main) refers to stm32c0xx_hal_gpio.o(.text.HAL_GPIO_Init) for HAL_GPIO_Init
    main_1.o(.text.main) refers to vio_stm32c0116-dk.o(.text.vioInit) for vioInit
    main_1.o(.text.main) refers to rtx_kernel.o(.text.osKernelInitialize) for osKernelInitialize
    main_1.o(.text.main) refers to blinky.o(.text.app_initialize) for app_initialize
    main_1.o(.text.main) refers to rtx_kernel.o(.text.osKernelStart) for osKernelStart
    main_1.o(.ARM.exidx.text.main) refers to main_1.o(.text.main) for [Anonymous Symbol]
    main_1.o(.text.SystemClock_Config) refers to stm32c0xx_hal_rcc.o(.text.HAL_RCC_OscConfig) for HAL_RCC_OscConfig
    main_1.o(.text.SystemClock_Config) refers to stm32c0xx_hal_rcc.o(.text.HAL_RCC_ClockConfig) for HAL_RCC_ClockConfig
    main_1.o(.ARM.exidx.text.SystemClock_Config) refers to main_1.o(.text.SystemClock_Config) for [Anonymous Symbol]
    main_1.o(.ARM.exidx.text.Error_Handler) refers to main_1.o(.text.Error_Handler) for [Anonymous Symbol]
    blinky.o(.text.app_initialize) refers to rtx_thread.o(.text.osThreadNew) for osThreadNew
    blinky.o(.text.app_initialize) refers to blinky.o(.text.app_main) for app_main
    blinky.o(.ARM.exidx.text.app_initialize) refers to blinky.o(.text.app_initialize) for [Anonymous Symbol]
    blinky.o(.text.app_main) refers to rtx_thread.o(.text.osThreadNew) for osThreadNew
    blinky.o(.text.app_main) refers to rtx_thread.o(.text.osThreadExit) for osThreadExit
    blinky.o(.text.app_main) refers to blinky.o(.text.thrLED) for thrLED
    blinky.o(.text.app_main) refers to blinky.o(.bss.tid_thrLED) for [Anonymous Symbol]
    blinky.o(.text.app_main) refers to blinky.o(.text.thrButton) for thrButton
    blinky.o(.text.app_main) refers to blinky.o(.bss.tid_thrButton) for [Anonymous Symbol]
    blinky.o(.ARM.exidx.text.app_main) refers to blinky.o(.text.app_main) for [Anonymous Symbol]
    blinky.o(.text.thrLED) refers to main_stm32c0116dk.o(.text.main_demo) for main_demo
    blinky.o(.text.thrLED) refers to vio_stm32c0116-dk.o(.text.vioSetSignal) for vioSetSignal
    blinky.o(.text.thrLED) refers to rtx_delay.o(.text.osDelay) for osDelay
    blinky.o(.text.thrLED) refers to rtx_thread.o(.text.osThreadFlagsWait) for osThreadFlagsWait
    blinky.o(.ARM.exidx.text.thrLED) refers to blinky.o(.text.thrLED) for [Anonymous Symbol]
    blinky.o(.text.thrButton) refers to rtx_delay.o(.text.osDelay) for osDelay
    blinky.o(.text.thrButton) refers to vio_stm32c0116-dk.o(.text.vioGetSignal) for vioGetSignal
    blinky.o(.text.thrButton) refers to rtx_thread.o(.text.osThreadFlagsSet) for osThreadFlagsSet
    blinky.o(.text.thrButton) refers to blinky.o(.bss.tid_thrLED) for [Anonymous Symbol]
    blinky.o(.ARM.exidx.text.thrButton) refers to blinky.o(.text.thrButton) for [Anonymous Symbol]
    main_stm32c0116dk.o(.text.main_demo) refers to rt_memclr.o(.text) for __aeabi_memclr4
    main_stm32c0116dk.o(.text.main_demo) refers to stream_graph_interpreter.o(.text.arm_graph_interpreter) for arm_graph_interpreter
    main_stm32c0116dk.o(.text.main_demo) refers to main_stm32c0116dk.o(.bss.application_callbacks) for application_callbacks
    main_stm32c0116dk.o(.text.main_demo) refers to main_stm32c0116dk.o(.rodata.graph_input) for graph_input
    main_stm32c0116dk.o(.ARM.exidx.text.main_demo) refers to main_stm32c0116dk.o(.text.main_demo) for [Anonymous Symbol]
    stm32c0xx_it.o(.ARM.exidx.text.NMI_Handler) refers to stm32c0xx_it.o(.text.NMI_Handler) for [Anonymous Symbol]
    stm32c0xx_it.o(.ARM.exidx.text.HardFault_Handler) refers to stm32c0xx_it.o(.text.HardFault_Handler) for [Anonymous Symbol]
[...]
    __arm_cp.0_4                             0x080052f8   Number         4  vio_stm32c0116-dk.o(.text.vioInit)
    __arm_cp.0_5                             0x080052fc   Number         4  vio_stm32c0116-dk.o(.text.vioInit)
    __arm_cp.0_6                             0x08005300   Number         4  vio_stm32c0116-dk.o(.text.vioInit)
    [Anonymous Symbol]                       0x08005304   Section        0  vio_stm32c0116-dk.o(.text.vioSetSignal)
    __arm_cp.2_0                             0x0800532c   Number         4  vio_stm32c0116-dk.o(.text.vioSetSignal)
    .text_divfast                            0x08005330   Section      502  aeabi_sdivfast.o(.text_divfast)
    __tagsym$$used.4                         0x08005528   Number         0  rtx_lib.o(.rodata)
    __tagsym$$used.5                         0x08005598   Number         0  rtx_lib.o(.rodata)
    __tagsym$$used.0                         0x08005610   Number         0  eventrecorder.o(.rodata.EventRecorderInfo)
    os_idle_thread_attr                      0x080058c4   Data          36  rtx_lib.o(.rodata.os_idle_thread_attr)
    [Anonymous Symbol]                       0x080058c4   Section        0  rtx_lib.o(.rodata.os_idle_thread_attr)
    os_timer_mq_attr                         0x080058e8   Data          24  rtx_lib.o(.rodata.os_timer_mq_attr)
    [Anonymous Symbol]                       0x080058e8   Section        0  rtx_lib.o(.rodata.os_timer_mq_attr)
    os_timer_thread_attr                     0x08005900   Data          36  rtx_lib.o(.rodata.os_timer_thread_attr)
    [Anonymous Symbol]                       0x08005900   Section        0  rtx_lib.o(.rodata.os_timer_thread_attr)
    [Anonymous Symbol]                       0x0800592c   Section        0  rtx_kernel.o(.rodata.str1.4)
    DEBUG_CNT                                0x200001ac   Data           4  stream_scheduler.o(.graph_interpreter_section)
    [Anonymous Symbol]                       0x200001ac   Section        0  stream_scheduler.o(.graph_interpreter_section)
    .bss                                     0x200001b0   Section       96  libspace.o(.bss)
    HAL_GetTick.ticks                        0x20000210   Data           4  main_1.o(.bss.HAL_GetTick.ticks)
    [Anonymous Symbol]                       0x20000210   Section        0  main_1.o(.bss.HAL_GetTick.ticks)
    RAM1                                     0x20000214   Data         512  platform_stm32c0116dk.o(.bss.RAM1)
    [Anonymous Symbol]                       0x20000214   Section        0  platform_stm32c0116dk.o(.bss.RAM1)
    SysTimerState                            0x20000414   Data           1  eventrecorder.o(.bss.SysTimerState)
    [Anonymous Symbol]                       0x20000414   Section        0  eventrecorder.o(.bss.SysTimerState)
    TS_OverflowLock                          0x20000415   Data           1  eventrecorder.o(.bss.TS_OverflowLock)
    [Anonymous Symbol]                       0x20000415   Section        0  eventrecorder.o(.bss.TS_OverflowLock)
    os_isr_queue                             0x20000440   Data          64  rtx_lib.o(.bss.os)
    [Anonymous Symbol]                       0x20000440   Section        0  rtx_lib.o(.bss.os)
    os_mem                                   0x20000480   Data        1200  rtx_lib.o(.bss.os)
    PendST                                   0x20000930   Data           1  os_systick.o(.bss.os)
    [Anonymous Symbol]                       0x20000930   Section        0  os_systick.o(.bss.os)
    os_timer_mq_cb                           0x20000934   Data          52  rtx_lib.o(.bss.os.msgqueue.cb)
    [Anonymous Symbol]                       0x20000934   Section        0  rtx_lib.o(.bss.os.msgqueue.cb)
    os_timer_mq_data                         0x20000968   Data          80  rtx_lib.o(.bss.os.msgqueue.mem)
    [Anonymous Symbol]                       0x20000968   Section        0  rtx_lib.o(.bss.os.msgqueue.mem)
    os_idle_thread_cb                        0x200009b8   Data          68  rtx_lib.o(.bss.os.thread.cb)
    [Anonymous Symbol]                       0x200009b8   Section        0  rtx_lib.o(.bss.os.thread.cb)
    os_timer_thread_cb                       0x200009fc   Data          68  rtx_lib.o(.bss.os.thread.cb)
    os_idle_thread_stack                     0x20000a40   Data         184  rtx_lib.o(.bss.os.thread.idle.stack)
    [Anonymous Symbol]                       0x20000a40   Section        0  rtx_lib.o(.bss.os.thread.idle.stack)
    os_timer_thread_stack                    0x20000af8   Data         176  rtx_lib.o(.bss.os.thread.timer.stack)
    [Anonymous Symbol]                       0x20000af8   Section        0  rtx_lib.o(.bss.os.thread.timer.stack)
    os_kernel_is_active.os_kernel_active     0x20000ba8   Data           1  rtx_lib.o(.bss.os_kernel_is_active.os_kernel_active)
    [Anonymous Symbol]                       0x20000ba8   Section        0  rtx_lib.o(.bss.os_kernel_is_active.os_kernel_active)
    platform_al.stream_initialization_done   0x20000ba9   Data           1  platform_al.o(.bss.platform_al.stream_initialization_done)
    [Anonymous Symbol]                       0x20000ba9   Section        0  platform_al.o(.bss.platform_al.stream_initialization_done)
    platform_al.stream_mp_synchro            0x20000baa   Data           4  platform_al.o(.bss.platform_al.stream_mp_synchro)
    [Anonymous Symbol]                       0x20000baa   Section        0  platform_al.o(.bss.platform_al.stream_mp_synchro)
    rx_buffer                                0x20000bcc   Data           4  platform_stm32c0116dk.o(.bss.rx_buffer)
    [Anonymous Symbol]                       0x20000bcc   Section        0  platform_stm32c0116dk.o(.bss.rx_buffer)
    tid_thrButton                            0x20000bd0   Data           4  blinky.o(.bss.tid_thrButton)
    [Anonymous Symbol]                       0x20000bd0   Section        0  blinky.o(.bss.tid_thrButton)
    tid_thrLED                               0x20000bd4   Data           4  blinky.o(.bss.tid_thrLED)
    [Anonymous Symbol]                       0x20000bd4   Section        0  blinky.o(.bss.tid_thrLED)
    tx_buffer                                0x20000bd8   Data           4  platform_stm32c0116dk.o(.bss.tx_buffer)
    [Anonymous Symbol]                       0x20000bd8   Section        0  platform_stm32c0116dk.o(.bss.tx_buffer)
    __tagsym$$used.5                         0x20000be0   Number         0  vio_stm32c0116-dk.o(.bss.vioAddrIPv4)
    __tagsym$$used.6                         0x20000be8   Number         0  vio_stm32c0116-dk.o(.bss.vioAddrIPv6)
    __tagsym$$used.2                         0x20000c08   Number         0  vio_stm32c0116-dk.o(.bss.vioPrintMem)
    __tagsym$$used.0                         0x20000d08   Number         0  vio_stm32c0116-dk.o(.bss.vioSignalIn)
    __tagsym$$used.1                         0x20000d0c   Number         0  vio_stm32c0116-dk.o(.bss.vioSignalOut)
    __tagsym$$used.3                         0x20000d10   Number         0  vio_stm32c0116-dk.o(.bss.vioValue)
    __tagsym$$used.4                         0x20000d1c   Number         0  vio_stm32c0116-dk.o(.bss.vioValueXYZ)
    Heap_Mem                                 0x20000d40   Data           0  startup_stm32c011xx.o(HEAP)
    Stack_Mem                                0x20000d40   Data         512  startup_stm32c011xx.o(STACK)
    HEAP                                     0x20000d40   Section        0  startup_stm32c011xx.o(HEAP)
    STACK                                    0x20000d40   Section      512  startup_stm32c011xx.o(STACK)
    __initial_sp                             0x20000f40   Data           0  startup_stm32c011xx.o(STACK)
    EventBuffer                              0x20001680   Data         128  eventrecorder.o(.bss.noinit)
    [Anonymous Symbol]                       0x20001680   Section        0  eventrecorder.o(.bss.noinit)
    EventFilter                              0x20001700   Data         128  eventrecorder.o(.bss.noinit)
    EventStatus                              0x20001780   Data          36  eventrecorder.o(.bss.noinit)

    Global Symbols

    Symbol Name                              Value     Ov Type        Size  Object(Section)

    BuildAttributes$$THM_ISAv3M$S$PE$A:L22$X:L11$S22$IEEE1$IW$~IW$USESV6$~STKCKD$USESV7$~SHL$OTIME$ROPI$IEEEJ$EBA8$UX$STANDARDLIB$REQ8$PRES8$EABIv2 0x00000000   Number         0  anon$$obj.o ABSOLUTE
    _printf_flags                            0x00000000   Number         0  printf_stubs.o ABSOLUTE
    _printf_return_value                     0x00000000   Number         0  printf_stubs.o ABSOLUTE
    _printf_sizespec                         0x00000000   Number         0  printf_stubs.o ABSOLUTE
    _printf_widthprec                        0x00000000   Number         0  printf_stubs.o ABSOLUTE
    .bss.os.evflags.cb$$Base                  - Undefined Weak Reference
    .bss.os.evflags.cb$$Limit                 - Undefined Weak Reference
    .bss.os.mempool.cb$$Base                  - Undefined Weak Reference
    .bss.os.mempool.cb$$Limit                 - Undefined Weak Reference
    .bss.os.mutex.cb$$Base                    - Undefined Weak Reference
    .bss.os.mutex.cb$$Limit                   - Undefined Weak Reference
    .bss.os.semaphore.cb$$Base                - Undefined Weak Reference
    .bss.os.semaphore.cb$$Limit               - Undefined Weak Reference
    .bss.os.timer.cb$$Base                    - Undefined Weak Reference
    .bss.os.timer.cb$$Limit                   - Undefined Weak Reference
    __ARM_exceptions_init                     - Undefined Weak Reference
    __alloca_initialize                       - Undefined Weak Reference
    __arm_preinit_                            - Undefined Weak Reference
    __arm_relocate_pie_                       - Undefined Weak Reference
    __cpp_initialize__aeabi_                  - Undefined Weak Reference
    __cxa_finalize                            - Undefined Weak Reference
    __sigvec_lookup                           - Undefined Weak Reference
    _atexit_init                              - Undefined Weak Reference
    _call_atexit_fns                          - Undefined Weak Reference
    _clock_init                               - Undefined Weak Reference
    _fp_trap_init                             - Undefined Weak Reference
    _fp_trap_shutdown                         - Undefined Weak Reference
    _get_lc_collate                           - Undefined Weak Reference
    _get_lc_monetary                          - Undefined Weak Reference
    _get_lc_time                              - Undefined Weak Reference
    _getenv_init                              - Undefined Weak Reference
    _handle_redirection                       - Undefined Weak Reference
    _init_alloc                               - Undefined Weak Reference
    _init_user_alloc                          - Undefined Weak Reference
    _initio                                   - Undefined Weak Reference
    _printf_mbtowc                            - Undefined Weak Reference
    _printf_wc                                - Undefined Weak Reference
    _rand_init                                - Undefined Weak Reference
    _signal_finish                            - Undefined Weak Reference
    _signal_init                              - Undefined Weak Reference
    _terminate_alloc                          - Undefined Weak Reference
    _terminate_user_alloc                     - Undefined Weak Reference
    _terminateio                              - Undefined Weak Reference
    __Vectors_Size                           0x000000c0   Number         0  startup_stm32c011xx.o ABSOLUTE
    __Vectors                                0x08000000   Data           4  startup_stm32c011xx.o(RESET)
    __Vectors_End                            0x080000c0   Data           0  startup_stm32c011xx.o(RESET)
    __main                                   0x080000c1   Thumb Code     8  __main.o(!!!main)
    __scatterload                            0x080000c9   Thumb Code     0  __scatter.o(!!!scatter)
    __scatterload_rt2                        0x080000c9   Thumb Code    52  __scatter.o(!!!scatter)
    __scatterload_rt2_thumb_only             0x080000c9   Thumb Code     0  __scatter.o(!!!scatter)
    __scatterload_null                       0x080000d9   Thumb Code     0  __scatter.o(!!!scatter)
    __scatterload_zeroinit                   0x08000105   Thumb Code    28  __scatter_zi.o(!!handler_zi)
    __rt_lib_init                            0x08000121   Thumb Code     0  libinit.o(.ARM.Collect$$libinit$$00000000)
    __rt_lib_init_alloca_1                   0x08000123   Thumb Code     0  libinit2.o(.ARM.Collect$$libinit$$00000030)
    __rt_lib_init_argv_1                     0x08000123   Thumb Code     0  libinit2.o(.ARM.Collect$$libinit$$0000002E)
    __rt_lib_init_atexit_1                   0x08000123   Thumb Code     0  libinit2.o(.ARM.Collect$$libinit$$0000001D)
    __rt_lib_init_clock_1                    0x08000123   Thumb Code     0  libinit2.o(.ARM.Collect$$libinit$$00000023)
    __rt_lib_init_cpp_1                      0x08000123   Thumb Code     0  libinit2.o(.ARM.Collect$$libinit$$00000034)
    __rt_lib_init_exceptions_1               0x08000123   Thumb Code     0  libinit2.o(.ARM.Collect$$libinit$$00000032)
    __rt_lib_init_fp_1                       0x08000123   Thumb Code     0  libinit2.o(.ARM.Collect$$libinit$$00000002)
    __rt_lib_init_fp_trap_1                  0x08000123   Thumb Code     0  libinit2.o(.ARM.Collect$$libinit$$00000021)
    __rt_lib_init_getenv_1                   0x08000123   Thumb Code     0  libinit2.o(.ARM.Collect$$libinit$$00000025)
    __rt_lib_init_heap_1                     0x08000123   Thumb Code     0  libinit2.o(.ARM.Collect$$libinit$$0000000C)
    __rt_lib_init_lc_collate_1               0x08000123   Thumb Code     0  libinit2.o(.ARM.Collect$$libinit$$00000013)
    __rt_lib_init_lc_ctype_1                 0x08000123   Thumb Code     0  libinit2.o(.ARM.Collect$$libinit$$00000015)
    __rt_lib_init_lc_monetary_1              0x08000123   Thumb Code     0  libinit2.o(.ARM.Collect$$libinit$$00000017)
    __rt_lib_init_lc_numeric_1               0x08000123   Thumb Code     0  libinit2.o(.ARM.Collect$$libinit$$00000019)
    __rt_lib_init_lc_time_1                  0x08000123   Thumb Code     0  libinit2.o(.ARM.Collect$$libinit$$0000001B)
    __rt_lib_init_preinit_1                  0x08000123   Thumb Code     0  libinit2.o(.ARM.Collect$$libinit$$00000006)
    __rt_lib_init_rand_1                     0x08000123   Thumb Code     0  libinit2.o(.ARM.Collect$$libinit$$00000010)
    __rt_lib_init_relocate_pie_1             0x08000123   Thumb Code     0  libinit2.o(.ARM.Collect$$libinit$$00000004)
    __rt_lib_init_return                     0x08000123   Thumb Code     0  libinit2.o(.ARM.Collect$$libinit$$00000035)
    __rt_lib_init_signal_1                   0x08000123   Thumb Code     0  libinit2.o(.ARM.Collect$$libinit$$0000001F)
    __rt_lib_init_stdio_1                    0x08000123   Thumb Code     0  libinit2.o(.ARM.Collect$$libinit$$00000027)
    __rt_lib_init_user_alloc_1               0x08000123   Thumb Code     0  libinit2.o(.ARM.Collect$$libinit$$0000000E)
    __rt_lib_shutdown                        0x08000125   Thumb Code     0  libshutdown.o(.ARM.Collect$$libshutdown$$00000000)
    __rt_lib_shutdown_cpp_1                  0x08000127   Thumb Code     0  libshutdown2.o(.ARM.Collect$$libshutdown$$00000002)
    __rt_lib_shutdown_fp_trap_1              0x08000127   Thumb Code     0  libshutdown2.o(.ARM.Collect$$libshutdown$$00000007)
    __rt_lib_shutdown_heap_1                 0x08000127   Thumb Code     0  libshutdown2.o(.ARM.Collect$$libshutdown$$0000000F)
    __rt_lib_shutdown_return                 0x08000127   Thumb Code     0  libshutdown2.o(.ARM.Collect$$libshutdown$$00000010)
    __rt_lib_shutdown_signal_1               0x08000127   Thumb Code     0  libshutdown2.o(.ARM.Collect$$libshutdown$$0000000A)
    __rt_lib_shutdown_stdio_1                0x08000127   Thumb Code     0  libshutdown2.o(.ARM.Collect$$libshutdown$$00000004)
    __rt_lib_shutdown_user_alloc_1           0x08000127   Thumb Code     0  libshutdown2.o(.ARM.Collect$$libshutdown$$0000000C)
    __rt_entry                               0x08000129   Thumb Code     0  __rtentry.o(.ARM.Collect$$rtentry$$00000000)
    __rt_entry_presh_1                       0x08000129   Thumb Code     0  __rtentry2.o(.ARM.Collect$$rtentry$$00000002)
    __rt_entry_sh                            0x08000129   Thumb Code     0  __rtentry4.o(.ARM.Collect$$rtentry$$00000004)
    __rt_entry_postsh_1                      0x0800012f   Thumb Code     0  __rtentry2.o(.ARM.Collect$$rtentry$$00000008)
    __rt_entry_li                            0x08000137   Thumb Code     0  __rtentry2.o(.ARM.Collect$$rtentry$$0000000A)
    __rt_entry_main                          0x0800013b   Thumb Code     0  __rtentry2.o(.ARM.Collect$$rtentry$$0000000D)
    __rt_entry_postli_1                      0x0800013b   Thumb Code     0  __rtentry2.o(.ARM.Collect$$rtentry$$0000000C)
    __rt_exit                                0x08000143   Thumb Code     0  rtexit.o(.ARM.Collect$$rtexit$$00000000)
    __rt_exit_ls                             0x08000145   Thumb Code     0  rtexit2.o(.ARM.Collect$$rtexit$$00000003)
    __rt_exit_prels_1                        0x08000145   Thumb Code     0  rtexit2.o(.ARM.Collect$$rtexit$$00000002)
    __rt_exit_exit                           0x08000149   Thumb Code     0  rtexit2.o(.ARM.Collect$$rtexit$$00000004)
    __aeabi_memcpy4                          0x08000151   Thumb Code    56  rt_memcpy.o(.emb_text)
    __aeabi_memcpy8                          0x08000151   Thumb Code     0  rt_memcpy.o(.emb_text)
    platform_io_ack                          0x08000189   Thumb Code   524  stream_io.o(.graph_interpreter_section)
    SVC_Handler                              0x080003ad   Thumb Code   162  irq_armv6m.o(.text)
    PendSV_Handler                           0x0800044f   Thumb Code    12  irq_armv6m.o(.text)
    SysTick_Handler                          0x0800045b   Thumb Code    12  irq_armv6m.o(.text)
    Reset_Handler                            0x08000475   Thumb Code     8  startup_stm32c011xx.o(.text)
    ADC1_IRQHandler                          0x08000487   Thumb Code     0  startup_stm32c011xx.o(.text)
    DMA1_Channel1_IRQHandler                 0x08000487   Thumb Code     0  startup_stm32c011xx.o(.text)
    DMA1_Channel2_3_IRQHandler               0x08000487   Thumb Code     0  startup_stm32c011xx.o(.text)
    DMAMUX1_IRQHandler                       0x08000487   Thumb Code     0  startup_stm32c011xx.o(.text)
    EXTI0_1_IRQHandler                       0x08000487   Thumb Code     0  startup_stm32c011xx.o(.text)
    EXTI2_3_IRQHandler                       0x08000487   Thumb Code     0  startup_stm32c011xx.o(.text)
    EXTI4_15_IRQHandler                      0x08000487   Thumb Code     0  startup_stm32c011xx.o(.text)
    FLASH_IRQHandler                         0x08000487   Thumb Code     0  startup_stm32c011xx.o(.text)
    I2C1_IRQHandler                          0x08000487   Thumb Code     0  startup_stm32c011xx.o(.text)
    RCC_IRQHandler                           0x08000487   Thumb Code     0  startup_stm32c011xx.o(.text)
    RTC_IRQHandler                           0x08000487   Thumb Code     0  startup_stm32c011xx.o(.text)
    SPI1_IRQHandler                          0x08000487   Thumb Code     0  startup_stm32c011xx.o(.text)
    TIM14_IRQHandler                         0x08000487   Thumb Code     0  startup_stm32c011xx.o(.text)
    TIM16_IRQHandler                         0x08000487   Thumb Code     0  startup_stm32c011xx.o(.text)
    TIM17_IRQHandler                         0x08000487   Thumb Code     0  startup_stm32c011xx.o(.text)
    TIM1_BRK_UP_TRG_COM_IRQHandler           0x08000487   Thumb Code     0  startup_stm32c011xx.o(.text)
    TIM1_CC_IRQHandler                       0x08000487   Thumb Code     0  startup_stm32c011xx.o(.text)
    TIM3_IRQHandler                          0x08000487   Thumb Code     0  startup_stm32c011xx.o(.text)
    USART1_IRQHandler                        0x08000487   Thumb Code     0  startup_stm32c011xx.o(.text)
    USART2_IRQHandler                        0x08000487   Thumb Code     0  startup_stm32c011xx.o(.text)
    WWDG_IRQHandler                          0x08000487   Thumb Code     0  startup_stm32c011xx.o(.text)
    __user_initial_stackheap                 0x08000489   Thumb Code     0  startup_stm32c011xx.o(.text)
    exit                                     0x080004a9   Thumb Code    16  exit.o(.text)
    __aeabi_memcpy                           0x080004b9   Thumb Code   130  rt_memcpy.o(.text)
    __rt_memcpy                              0x080004b9   Thumb Code     0  rt_memcpy.o(.text)
    __aeabi_memset4                          0x0800053b   Thumb Code    18  aeabi_memset4.o(.text)
    __aeabi_memset8                          0x0800053b   Thumb Code     0  aeabi_memset4.o(.text)
    _memset_w                                0x0800054d   Thumb Code    26  rt_memclr.o(.text)
    _memset                                  0x08000567   Thumb Code    30  rt_memclr.o(.text)
    __aeabi_memclr                           0x08000585   Thumb Code     4  rt_memclr.o(.text)
    __rt_memclr                              0x08000585   Thumb Code     0  rt_memclr.o(.text)
    __aeabi_memclr4                          0x08000589   Thumb Code     0  rt_memclr.o(.text)
    __aeabi_memclr8                          0x08000589   Thumb Code     0  rt_memclr.o(.text)
    __rt_memclr_w                            0x08000589   Thumb Code     4  rt_memclr.o(.text)
    __use_two_region_memory                  0x0800058d   Thumb Code     2  heapauxi.o(.text)
    __rt_heap_escrow$2region                 0x0800058f   Thumb Code     2  heapauxi.o(.text)
    __rt_heap_expand$2region                 0x08000591   Thumb Code     2  heapauxi.o(.text)
    _sys_exit                                0x08000595   Thumb Code     8  sys_exit.o(.text)
    __user_setup_stackheap                   0x080005a1   Thumb Code    62  sys_stackheap_outer.o(.text)
    __user_libspace                          0x080005e1   Thumb Code     8  libspace.o(.text)
    __user_perproc_libspace                  0x080005e1   Thumb Code     0  libspace.o(.text)
    __I$use$semihosting                      0x080005e9   Thumb Code     0  use_no_semi.o(.text)
    __use_no_semihosting_swi                 0x080005e9   Thumb Code     2  use_no_semi.o(.text)
    __decompress                             0x080005eb   Thumb Code     0  __dczerorl.o(.text)
    __decompress0                            0x080005eb   Thumb Code    58  __dczerorl.o(.text)
    __semihosting_library_function           0x080005eb   Thumb Code     0  indicate_semi.o(.text)
    BSP_LED_Init                             0x08000625   Thumb Code    72  stm32c0116_discovery.o(.text.BSP_LED_Init)
    BSP_LED_Off                              0x0800066d   Thumb Code    28  stm32c0116_discovery.o(.text.BSP_LED_Off)
    BSP_LED_On                               0x08000689   Thumb Code    28  stm32c0116_discovery.o(.text.BSP_LED_On)
    BSP_PB_Callback                          0x080006a9   Thumb Code     2  stm32c0116_discovery.o(.text.BSP_PB_Callback)
    BSP_PB_GetState                          0x080006ab   Thumb Code    16  stm32c0116_discovery.o(.text.BSP_PB_GetState)
    BSP_PB_Init                              0x080006bd   Thumb Code   116  stm32c0116_discovery.o(.text.BSP_PB_Init)
    EventRecord2                             0x0800074d   Thumb Code   164  eventrecorder.o(.text.EventRecord2)
    EventRecord4                             0x080007f1   Thumb Code   228  eventrecorder.o(.text.EventRecord4)
    EventRecorderDisable                     0x080009f9   Thumb Code    84  eventrecorder.o(.text.EventRecorderDisable)
    EventRecorderEnable                      0x08000a4d   Thumb Code    84  eventrecorder.o(.text.EventRecorderEnable)
    EventRecorderInitialize                  0x08000aa5   Thumb Code   528  eventrecorder.o(.text.EventRecorderInitialize)
    EventRecorderTimerGetCount               0x08000cdd   Thumb Code    40  eventrecorder.o(.text.EventRecorderTimerGetCount)
    EventRecorderTimerSetup                  0x08000d05   Thumb Code    12  eventrecorder.o(.text.EventRecorderTimerSetup)
    EvrRtxDelay                              0x08000d15   Thumb Code    16  rtx_evr.o(.text.EvrRtxDelay)
    EvrRtxDelayCompleted                     0x08000d29   Thumb Code    16  rtx_evr.o(.text.EvrRtxDelayCompleted)
    EvrRtxDelayError                         0x08000d3d   Thumb Code    16  rtx_evr.o(.text.EvrRtxDelayError)
    EvrRtxDelayStarted                       0x08000d4d   Thumb Code    16  rtx_evr.o(.text.EvrRtxDelayStarted)
    EvrRtxEventFlagsWaitTimeout              0x08000d61   Thumb Code    16  rtx_evr.o(.text.EvrRtxEventFlagsWaitTimeout)
    EvrRtxKernelError                        0x08000d75   Thumb Code    16  rtx_evr.o(.text.EvrRtxKernelError)
    EvrRtxKernelErrorNotify                  0x08000d85   Thumb Code    16  rtx_evr.o(.text.EvrRtxKernelErrorNotify)
    EvrRtxKernelGetTickCount                 0x08000d99   Thumb Code    16  rtx_evr.o(.text.EvrRtxKernelGetTickCount)
    EvrRtxKernelInitialize                   0x08000dad   Thumb Code    16  rtx_evr.o(.text.EvrRtxKernelInitialize)
    EvrRtxKernelInitialized                  0x08000dc1   Thumb Code    16  rtx_evr.o(.text.EvrRtxKernelInitialized)
    EvrRtxKernelStart                        0x08000dd5   Thumb Code    16  rtx_evr.o(.text.EvrRtxKernelStart)
    EvrRtxKernelStarted                      0x08000de9   Thumb Code    16  rtx_evr.o(.text.EvrRtxKernelStarted)
    EvrRtxMemoryAlloc                        0x08000dfd   Thumb Code    24  rtx_evr.o(.text.EvrRtxMemoryAlloc)
    EvrRtxMemoryBlockAlloc                   0x08000e19   Thumb Code    16  rtx_evr.o(.text.EvrRtxMemoryBlockAlloc)
    EvrRtxMemoryBlockFree                    0x08000e2d   Thumb Code    24  rtx_evr.o(.text.EvrRtxMemoryBlockFree)
    EvrRtxMemoryBlockInit                    0x08000e49   Thumb Code    24  rtx_evr.o(.text.EvrRtxMemoryBlockInit)
    EvrRtxMemoryFree                         0x08000e65   Thumb Code    24  rtx_evr.o(.text.EvrRtxMemoryFree)
    EvrRtxMemoryInit                         0x08000e81   Thumb Code    26  rtx_evr.o(.text.EvrRtxMemoryInit)
    EvrRtxMemoryPoolAllocTimeout             0x08000e9d   Thumb Code    16  rtx_evr.o(.text.EvrRtxMemoryPoolAllocTimeout)
    EvrRtxMessageQueueCreated                0x08000eb1   Thumb Code    16  rtx_evr.o(.text.EvrRtxMessageQueueCreated)
    EvrRtxMessageQueueError                  0x08000ec5   Thumb Code    16  rtx_evr.o(.text.EvrRtxMessageQueueError)
    EvrRtxMessageQueueGet                    0x08000ed5   Thumb Code    24  rtx_evr.o(.text.EvrRtxMessageQueueGet)
    EvrRtxMessageQueueGetPending             0x08000ef1   Thumb Code    24  rtx_evr.o(.text.EvrRtxMessageQueueGetPending)
    EvrRtxMessageQueueGetTimeout             0x08000f0d   Thumb Code    16  rtx_evr.o(.text.EvrRtxMessageQueueGetTimeout)
    EvrRtxMessageQueueInsertPending          0x08000f21   Thumb Code    16  rtx_evr.o(.text.EvrRtxMessageQueueInsertPending)
    EvrRtxMessageQueueInserted               0x08000f35   Thumb Code    16  rtx_evr.o(.text.EvrRtxMessageQueueInserted)
    EvrRtxMessageQueueNotInserted            0x08000f49   Thumb Code    16  rtx_evr.o(.text.EvrRtxMessageQueueNotInserted)
    EvrRtxMessageQueueNotRetrieved           0x08000f5d   Thumb Code    16  rtx_evr.o(.text.EvrRtxMessageQueueNotRetrieved)
    EvrRtxMessageQueuePut                    0x08000f71   Thumb Code    24  rtx_evr.o(.text.EvrRtxMessageQueuePut)
    EvrRtxMessageQueuePutPending             0x08000f8d   Thumb Code    24  rtx_evr.o(.text.EvrRtxMessageQueuePutPending)
    EvrRtxMessageQueuePutTimeout             0x08000fa9   Thumb Code    16  rtx_evr.o(.text.EvrRtxMessageQueuePutTimeout)
    EvrRtxMessageQueueRetrieved              0x08000fbd   Thumb Code    16  rtx_evr.o(.text.EvrRtxMessageQueueRetrieved)
    EvrRtxMutexAcquire                       0x08000fd1   Thumb Code    16  rtx_evr.o(.text.EvrRtxMutexAcquire)
    EvrRtxMutexAcquirePending                0x08000fe5   Thumb Code    16  rtx_evr.o(.text.EvrRtxMutexAcquirePending)
    EvrRtxMutexAcquireTimeout                0x08000ff9   Thumb Code    16  rtx_evr.o(.text.EvrRtxMutexAcquireTimeout)
    EvrRtxMutexAcquired                      0x0800100d   Thumb Code    16  rtx_evr.o(.text.EvrRtxMutexAcquired)
    EvrRtxMutexCreated                       0x08001021   Thumb Code    16  rtx_evr.o(.text.EvrRtxMutexCreated)
    EvrRtxMutexDelete                        0x08001035   Thumb Code    16  rtx_evr.o(.text.EvrRtxMutexDelete)
    EvrRtxMutexDestroyed                     0x08001049   Thumb Code    16  rtx_evr.o(.text.EvrRtxMutexDestroyed)
    EvrRtxMutexError                         0x0800105d   Thumb Code    16  rtx_evr.o(.text.EvrRtxMutexError)
    EvrRtxMutexNew                           0x0800106d   Thumb Code    16  rtx_evr.o(.text.EvrRtxMutexNew)
    EvrRtxMutexNotAcquired                   0x08001081   Thumb Code    16  rtx_evr.o(.text.EvrRtxMutexNotAcquired)
    EvrRtxMutexRelease                       0x08001095   Thumb Code    16  rtx_evr.o(.text.EvrRtxMutexRelease)
    EvrRtxMutexReleased                      0x080010a9   Thumb Code    16  rtx_evr.o(.text.EvrRtxMutexReleased)
    EvrRtxSemaphoreAcquireTimeout            0x080010bd   Thumb Code    16  rtx_evr.o(.text.EvrRtxSemaphoreAcquireTimeout)
    EvrRtxThreadBlocked                      0x080010d1   Thumb Code    16  rtx_evr.o(.text.EvrRtxThreadBlocked)
    EvrRtxThreadCreated                      0x080010e5   Thumb Code    28  rtx_evr.o(.text.EvrRtxThreadCreated)
    EvrRtxThreadDestroyed                    0x08001105   Thumb Code    16  rtx_evr.o(.text.EvrRtxThreadDestroyed)
    EvrRtxThreadError                        0x08001119   Thumb Code    16  rtx_evr.o(.text.EvrRtxThreadError)
    EvrRtxThreadExit                         0x08001129   Thumb Code    16  rtx_evr.o(.text.EvrRtxThreadExit)
    EvrRtxThreadFlagsError                   0x0800113d   Thumb Code    16  rtx_evr.o(.text.EvrRtxThreadFlagsError)
    EvrRtxThreadFlagsSet                     0x0800114d   Thumb Code    16  rtx_evr.o(.text.EvrRtxThreadFlagsSet)
    EvrRtxThreadFlagsSetDone                 0x08001161   Thumb Code    16  rtx_evr.o(.text.EvrRtxThreadFlagsSetDone)
    EvrRtxThreadFlagsWait                    0x08001175   Thumb Code    24  rtx_evr.o(.text.EvrRtxThreadFlagsWait)
    EvrRtxThreadFlagsWaitCompleted           0x08001191   Thumb Code    24  rtx_evr.o(.text.EvrRtxThreadFlagsWaitCompleted)
    EvrRtxThreadFlagsWaitNotCompleted        0x080011ad   Thumb Code    16  rtx_evr.o(.text.EvrRtxThreadFlagsWaitNotCompleted)
    EvrRtxThreadFlagsWaitPending             0x080011c1   Thumb Code    24  rtx_evr.o(.text.EvrRtxThreadFlagsWaitPending)
    EvrRtxThreadFlagsWaitTimeout             0x080011dd   Thumb Code    16  rtx_evr.o(.text.EvrRtxThreadFlagsWaitTimeout)
    EvrRtxThreadJoined                       0x080011f1   Thumb Code    16  rtx_evr.o(.text.EvrRtxThreadJoined)
    EvrRtxThreadNew                          0x08001205   Thumb Code    24  rtx_evr.o(.text.EvrRtxThreadNew)
    EvrRtxThreadPreempted                    0x08001221   Thumb Code    16  rtx_evr.o(.text.EvrRtxThreadPreempted)
    EvrRtxThreadSwitched                     0x08001235   Thumb Code    16  rtx_evr.o(.text.EvrRtxThreadSwitched)
    EvrRtxThreadUnblocked                    0x08001249   Thumb Code    16  rtx_evr.o(.text.EvrRtxThreadUnblocked)
    EvrRtxTimerCallback                      0x0800125d   Thumb Code    16  rtx_evr.o(.text.EvrRtxTimerCallback)
    HAL_EXTI_GetHandle                       0x08001271   Thumb Code    14  stm32c0xx_hal_exti.o(.text.HAL_EXTI_GetHandle)
    HAL_EXTI_RegisterCallback                0x0800127f   Thumb Code    30  stm32c0xx_hal_exti.o(.text.HAL_EXTI_RegisterCallback)
    HAL_GPIO_Init                            0x0800129d   Thumb Code   404  stm32c0xx_hal_gpio.o(.text.HAL_GPIO_Init)
    HAL_GPIO_ReadPin                         0x08001449   Thumb Code    10  stm32c0xx_hal_gpio.o(.text.HAL_GPIO_ReadPin)
    HAL_GPIO_WritePin                        0x08001453   Thumb Code    16  stm32c0xx_hal_gpio.o(.text.HAL_GPIO_WritePin)
    HAL_GetTick                              0x08001465   Thumb Code    64  main_1.o(.text.HAL_GetTick)
    HAL_Init                                 0x080014a9   Thumb Code    24  stm32c0xx_hal.o(.text.HAL_Init)
    HAL_InitTick                             0x080014c1   Thumb Code     4  main_1.o(.text.HAL_InitTick)
    HAL_MspInit                              0x080014c5   Thumb Code    80  stm32c0xx_hal_msp.o(.text.HAL_MspInit)
    HAL_NVIC_EnableIRQ                       0x08001519   Thumb Code    20  stm32c0xx_hal_cortex.o(.text.HAL_NVIC_EnableIRQ)
    HAL_NVIC_SetPriority                     0x08001531   Thumb Code    48  stm32c0xx_hal_cortex.o(.text.HAL_NVIC_SetPriority)
    HAL_RCC_ClockConfig                      0x08001569   Thumb Code   404  stm32c0xx_hal_rcc.o(.text.HAL_RCC_ClockConfig)
    HAL_RCC_OscConfig                        0x08001711   Thumb Code   624  stm32c0xx_hal_rcc.o(.text.HAL_RCC_OscConfig)
    HAL_SYSCFG_EnableRemap                   0x08001991   Thumb Code    12  stm32c0xx_hal.o(.text.HAL_SYSCFG_EnableRemap)
    HardFault_Handler                        0x080019a1   Thumb Code     2  stm32c0xx_it.o(.text.HardFault_Handler)
    NMI_Handler                              0x080019a3   Thumb Code     2  stm32c0xx_it.o(.text.NMI_Handler)
    OS_Tick_AcknowledgeIRQ                   0x080019a5   Thumb Code     8  os_systick.o(.text.OS_Tick_AcknowledgeIRQ)
    OS_Tick_Enable                           0x080019ad   Thumb Code    32  os_systick.o(.text.OS_Tick_Enable)
    OS_Tick_GetCount                         0x080019cd   Thumb Code    12  os_systick.o(.text.OS_Tick_GetCount)
    OS_Tick_GetIRQn                          0x080019d9   Thumb Code     6  os_systick.o(.text.OS_Tick_GetIRQn)
    OS_Tick_GetInterval                      0x080019e1   Thumb Code     8  os_systick.o(.text.OS_Tick_GetInterval)
    OS_Tick_GetOverflow                      0x080019ed   Thumb Code    12  os_systick.o(.text.OS_Tick_GetOverflow)
    OS_Tick_Setup                            0x080019fd   Thumb Code    60  os_systick.o(.text.OS_Tick_Setup)
    SystemCoreClockUpdate                    0x08001a45   Thumb Code    72  system_stm32c0xx.o(.text.SystemCoreClockUpdate)
    SystemInit                               0x08001aa1   Thumb Code    12  system_stm32c0xx.o(.text.SystemInit)
    WR_BYTE_AND_CHECK_MP_                    0x08001ab1   Thumb Code    12  platform_stm32c0116dk.o(.text.WR_BYTE_AND_CHECK_MP_)
    _mutex_acquire                           0x08001abd   Thumb Code    44  rtx_lib.o(.text._mutex_acquire)
    _mutex_free                              0x08001ae9   Thumb Code    10  rtx_lib.o(.text._mutex_free)
    _mutex_initialize                        0x08001af3   Thumb Code    34  rtx_lib.o(.text._mutex_initialize)
    _mutex_release                           0x08001b15   Thumb Code    40  rtx_lib.o(.text._mutex_release)
    _platform_post_stackheap_init            0x08001b41   Thumb Code     8  rtx_lib.o(.text._platform_post_stackheap_init)
    app_initialize                           0x08001b49   Thumb Code    16  blinky.o(.text.app_initialize)
    arm_biquad_cascade_df1_fast_q15          0x08001de1   Thumb Code   236  arm_biquad_cascade_df1_fast_q15.o(.text.arm_biquad_cascade_df1_fast_q15)
    arm_biquad_cascade_df1_init_q15          0x08001ed5   Thumb Code    26  arm_biquad_cascade_df1_init_q15.o(.text.arm_biquad_cascade_df1_init_q15)
    arm_graph_interpreter                    0x08001ef1   Thumb Code   752  stream_graph_interpreter.o(.text.arm_graph_interpreter)
    arm_stream_detector                      0x080021ed   Thumb Code   240  arm_stream_detector.o(.text.arm_stream_detector)
    arm_stream_detector_process              0x080022e9   Thumb Code   440  arm_stream_detector_process.o(.text.arm_stream_detector_process)
    arm_stream_filter                        0x080024b5   Thumb Code   146  arm_stream_filter.o(.text.arm_stream_filter)
    arm_stream_services                      0x08002549   Thumb Code    24  stream_services.o(.text.arm_stream_services)
    gpio_out_0_set_stream                    0x08002565   Thumb Code    28  platform_stm32c0116dk.o(.text.gpio_out_0_set_stream)
    gpio_out_0_start_data_move               0x08002581   Thumb Code    48  platform_stm32c0116dk.o(.text.gpio_out_0_start_data_move)
    gpio_out_0_stop_stream                   0x080025bd   Thumb Code     4  platform_stm32c0116dk.o(.text.gpio_out_0_stop_stream)
    lin2pack                                 0x080025c1   Thumb Code    44  stream_scheduler.o(.text.lin2pack)
    main                                     0x080025f1   Thumb Code   212  main_1.o(.text.main)
    main_demo                                0x080026d1   Thumb Code    64  main_stm32c0116dk.o(.text.main_demo)
    osDelay                                  0x08002721   Thumb Code    48  rtx_delay.o(.text.osDelay)
    osKernelGetState                         0x08002755   Thumb Code    40  rtx_kernel.o(.text.osKernelGetState)
    osKernelGetSysTimerCount                 0x08002781   Thumb Code    60  rtx_kernel.o(.text.osKernelGetSysTimerCount)
    osKernelGetTickCount                     0x080027c1   Thumb Code    36  rtx_kernel.o(.text.osKernelGetTickCount)
    osKernelInitialize                       0x080027ed   Thumb Code    48  rtx_kernel.o(.text.osKernelInitialize)
    osKernelStart                            0x08002821   Thumb Code    44  rtx_kernel.o(.text.osKernelStart)
    osMessageQueueGet                        0x08002851   Thumb Code   212  rtx_msgqueue.o(.text.osMessageQueueGet)
    osMessageQueuePut                        0x08002929   Thumb Code   156  rtx_msgqueue.o(.text.osMessageQueuePut)
    osMutexAcquire                           0x080029c9   Thumb Code    52  rtx_mutex.o(.text.osMutexAcquire)
    osMutexDelete                            0x08002a01   Thumb Code    48  rtx_mutex.o(.text.osMutexDelete)
    osMutexNew                               0x08002a35   Thumb Code    48  rtx_mutex.o(.text.osMutexNew)
    osMutexRelease                           0x08002a69   Thumb Code    48  rtx_mutex.o(.text.osMutexRelease)
    osRtxErrorNotify                         0x08002a9d   Thumb Code     2  rtx_config.o(.text.osRtxErrorNotify)
    osRtxIdleThread                          0x08002a9f   Thumb Code     2  rtx_config.o(.text.osRtxIdleThread)
    osRtxKernelErrorNotify                   0x08002aa1   Thumb Code    20  rtx_kernel.o(.text.osRtxKernelErrorNotify)
    osRtxKernelPreInit                       0x08002ab5   Thumb Code   274  rtx_lib.o(.text.osRtxKernelPreInit)
    osRtxMemoryAlloc                         0x08002bc7   Thumb Code   144  rtx_memory.o(.text.osRtxMemoryAlloc)
    osRtxMemoryFree                          0x08002c57   Thumb Code    84  rtx_memory.o(.text.osRtxMemoryFree)
    osRtxMemoryInit                          0x08002cab   Thumb Code    62  rtx_memory.o(.text.osRtxMemoryInit)
    osRtxMemoryPoolAlloc                     0x08002ce9   Thumb Code    50  rtx_mempool.o(.text.osRtxMemoryPoolAlloc)
    osRtxMemoryPoolFree                      0x08002d1b   Thumb Code    60  rtx_mempool.o(.text.osRtxMemoryPoolFree)
    osRtxMemoryPoolInit                      0x08002d57   Thumb Code    86  rtx_mempool.o(.text.osRtxMemoryPoolInit)
    osRtxMessageQueueTimerSetup              0x08002f59   Thumb Code    32  rtx_msgqueue.o(.text.osRtxMessageQueueTimerSetup)
    osRtxMutexOwnerRelease                   0x08002f7d   Thumb Code    92  rtx_mutex.o(.text.osRtxMutexOwnerRelease)
    osRtxMutexOwnerRestore                   0x08002fd9   Thumb Code    82  rtx_mutex.o(.text.osRtxMutexOwnerRestore)
    osRtxPendSV_Handler                      0x0800302d   Thumb Code    96  rtx_system.o(.text.osRtxPendSV_Handler)
    osRtxPostProcess                         0x080030b5   Thumb Code   116  rtx_system.o(.text.osRtxPostProcess)
    osRtxThreadDelayTick                     0x0800312d   Thumb Code   324  rtx_thread.o(.text.osRtxThreadDelayTick)
    osRtxThreadDispatch                      0x08003271   Thumb Code   224  rtx_thread.o(.text.osRtxThreadDispatch)
    osRtxThreadListGet                       0x080033a5   Thumb Code    20  rtx_thread.o(.text.osRtxThreadListGet)
    osRtxThreadListPut                       0x080033b9   Thumb Code    42  rtx_thread.o(.text.osRtxThreadListPut)
    osRtxThreadListRemove                    0x080033e3   Thumb Code    24  rtx_thread.o(.text.osRtxThreadListRemove)
    osRtxThreadListSort                      0x080033fb   Thumb Code   102  rtx_thread.o(.text.osRtxThreadListSort)
    osRtxThreadReadyPut                      0x080034ed   Thumb Code    52  rtx_thread.o(.text.osRtxThreadReadyPut)
    osRtxThreadRegPtr                        0x08003525   Thumb Code     6  rtx_thread.o(.text.osRtxThreadRegPtr)
    osRtxThreadStackCheck                    0x0800352d   Thumb Code    24  rtx_thread.o(.text.osRtxThreadStackCheck)
    osRtxThreadStartup                       0x08003549   Thumb Code    64  rtx_thread.o(.text.osRtxThreadStartup)
    osRtxThreadSwitch                        0x08003591   Thumb Code    16  rtx_thread.o(.text.osRtxThreadSwitch)
    osRtxThreadWaitEnter                     0x080035a5   Thumb Code   208  rtx_thread.o(.text.osRtxThreadWaitEnter)
    osRtxThreadWaitExit                      0x08003675   Thumb Code   136  rtx_thread.o(.text.osRtxThreadWaitExit)
    osRtxTick_Handler                        0x08003701   Thumb Code   128  rtx_system.o(.text.osRtxTick_Handler)
    osRtxTimerSetup                          0x08003781   Thumb Code    28  rtx_timer.o(.text.osRtxTimerSetup)
    osRtxTimerThread                         0x080037a1   Thumb Code    36  rtx_timer.o(.text.osRtxTimerThread)
    osThreadExit                             0x0800388d   Thumb Code    20  rtx_thread.o(.text.osThreadExit)
    osThreadFlagsSet                         0x080038a5   Thumb Code   128  rtx_thread.o(.text.osThreadFlagsSet)
    osThreadFlagsWait                        0x08003929   Thumb Code    64  rtx_thread.o(.text.osThreadFlagsWait)
    osThreadNew                              0x0800396d   Thumb Code    64  rtx_thread.o(.text.osThreadNew)
    pack2linaddr_ptr                         0x080039b1   Thumb Code    22  stream_scheduler.o(.text.pack2linaddr_ptr)
    platform_al                              0x080039c9   Thumb Code   156  platform_al.o(.text.platform_al)
    platform_specific_long_offset            0x08003a79   Thumb Code     8  platform_stm32c0116dk.o(.text.platform_specific_long_offset)
    platform_specific_processor_arch_iomask  0x08003a85   Thumb Code    20  platform_stm32c0116dk.o(.text.platform_specific_processor_arch_iomask)
    stream_in_0_set_stream                   0x08003aa1   Thumb Code    16  platform_stm32c0116dk.o(.text.stream_in_0_set_stream)
    stream_in_0_start_data_move              0x08003ab1   Thumb Code    76  platform_stm32c0116dk.o(.text.stream_in_0_start_data_move)
    stream_in_0_stop_stream                  0x08003b09   Thumb Code     4  platform_stm32c0116dk.o(.text.stream_in_0_stop_stream)
    stream_scan_graph                        0x08003b0d   Thumb Code  1604  stream_scheduler.o(.text.stream_scan_graph)
    trace_set                                0x08005255   Thumb Code    12  platform_stm32c0116dk.o(.text.trace_set)
    trace_start                              0x08005261   Thumb Code    12  platform_stm32c0116dk.o(.text.trace_start)
    trace_stop                               0x08005271   Thumb Code     4  platform_stm32c0116dk.o(.text.trace_stop)
    vioGetSignal                             0x08005275   Thumb Code    40  vio_stm32c0116-dk.o(.text.vioGetSignal)
    vioInit                                  0x0800529d   Thumb Code    80  vio_stm32c0116-dk.o(.text.vioInit)
    vioSetSignal                             0x08005305   Thumb Code    40  vio_stm32c0116-dk.o(.text.vioSetSignal)
    __aeabi_uidiv                            0x08005331   Thumb Code    68  aeabi_sdivfast.o(.text_divfast)
    __aeabi_idiv                             0x08005375   Thumb Code   434  aeabi_sdivfast.o(.text_divfast)
    osRtxConfig                              0x08005528   Data         112  rtx_lib.o(.rodata)
    os_cb_sections                           0x08005598   Data          56  rtx_lib.o(.rodata)
    AHBPrescTable                            0x080055d0   Data          64  system_stm32c0xx.o(.rodata.AHBPrescTable)
    EventRecorderInfo                        0x08005610   Data          24  eventrecorder.o(.rodata.EventRecorderInfo)
    detector_preset                          0x08005628   Data          40  arm_stream_detector.o(.rodata.detector_preset)
    graph_input                              0x08005650   Data         624  main_stm32c0116dk.o(.rodata.graph_input)
    osRtxUserSVC                             0x080058c0   Data           4  rtx_lib.o(.rodata.osRtxUserSVC)
    ptf_in_stream_in_0_data                  0x08005924   Data           6  platform_stm32c0116dk.o(.rodata.ptf_in_stream_in_0_data)
    Region$$Table$$Base                      0x08005938   Number         0  anon$$obj.o(Region$$Table)
    Region$$Table$$Limit                     0x08005958   Number         0  anon$$obj.o(Region$$Table)
    SystemCoreClock                          0x20000000   Data           4  system_stm32c0xx.o(.data.SystemCoreClock)
    node_entry_point_table                   0x20000004   Data          80  stream_nodes.o(.data.node_entry_point_table)
    osRtxInfo                                0x20000054   Data         164  rtx_kernel.o(.data.os)
    platform_io                              0x200000f8   Data         132  platform_stm32c0116dk.o(.data.platform_io)
    uwTickPrio                               0x2000017c   Data           4  stm32c0xx_hal.o(.data.uwTickPrio)
    platform_io_callback_parameter           0x20000180   Data          44  platform_al.o(.graph_interpreter_section)
    __libspace_start                         0x200001b0   Data          96  libspace.o(.bss)
    __temporary_stack_top$libspace           0x20000210   Data           0  libspace.o(.bss)
    application_callbacks                    0x20000418   Data          16  main_stm32c0116dk.o(.bss.application_callbacks)
    hpb_exti                                 0x20000428   Data          12  stm32c0116_discovery.o(.bss.hpb_exti)
    long_offset                              0x20000434   Data           8  platform_stm32c0116dk.o(.bss.long_offset)
    .bss.os.msgqueue.cb$$Base                0x20000934   Number         0  rtx_lib.o(.bss.os.msgqueue.cb)
    .bss.os.msgqueue.cb$$Limit               0x20000968   Number         0  rtx_lib.o(.bss.os.msgqueue.cb)
    .bss.os.thread.cb$$Base                  0x200009b8   Number         0  rtx_lib.o(.bss.os.thread.cb)
    .bss.os.thread.cb$$Limit                 0x20000a40   Number         0  rtx_lib.o(.bss.os.thread.cb)
    platform_iocontrol                       0x20000bae   Data          11  platform_stm32c0116dk.o(.bss.platform_iocontrol)
    ptf_in_gpio_out_data                     0x20000bba   Data           6  platform_stm32c0116dk.o(.bss.ptf_in_gpio_out_data)
    ptr_in_gpio_out_data                     0x20000bc0   Data           4  platform_stm32c0116dk.o(.bss.ptr_in_gpio_out_data)
    ptr_in_stream_in_0_data                  0x20000bc4   Data           4  platform_stm32c0116dk.o(.bss.ptr_in_stream_in_0_data)
    ptr_trace                                0x20000bc8   Data           4  platform_stm32c0116dk.o(.bss.ptr_trace)
    vioAddrIPv4                              0x20000be0   Data           8  vio_stm32c0116-dk.o(.bss.vioAddrIPv4)
    vioAddrIPv6                              0x20000be8   Data          32  vio_stm32c0116-dk.o(.bss.vioAddrIPv6)
    vioPrintMem                              0x20000c08   Data         256  vio_stm32c0116-dk.o(.bss.vioPrintMem)
    vioSignalIn                              0x20000d08   Data           4  vio_stm32c0116-dk.o(.bss.vioSignalIn)
    vioSignalOut                             0x20000d0c   Data           4  vio_stm32c0116-dk.o(.bss.vioSignalOut)
    vioValue                                 0x20000d10   Data          12  vio_stm32c0116-dk.o(.bss.vioValue)
    vioValueXYZ                              0x20000d1c   Data          36  vio_stm32c0116-dk.o(.bss.vioValueXYZ)



==============================================================================

Memory Map of the image

  Image Entry point : 0x080000c1

  Load Region LR_IROM1 (Base: 0x08000000, Size: 0x00005b08, Max: 0x00008000, ABSOLUTE, COMPRESSED[0x000059a0])

    Execution Region ER_IROM1 (Exec base: 0x08000000, Load base: 0x08000000, Size: 0x00005958, Max: 0x00008000, ABSOLUTE)

    Exec Addr    Load Addr    Size         Type   Attr      Idx    E Section Name        Object

    0x08000000   0x08000000   0x000000c0   Data   RO         2086    RESET               startup_stm32c011xx.o
    0x080000c0   0x080000c0   0x00000008   Code   RO         2132  * !!!main             c_p.l(__main.o)
    0x080000c8   0x080000c8   0x0000003c   Code   RO         2465    !!!scatter          c_p.l(__scatter.o)
    0x08000104   0x08000104   0x0000001c   Code   RO         2467    !!handler_zi        c_p.l(__scatter_zi.o)
    0x08000120   0x08000120   0x00000002   Code   RO         2325    .ARM.Collect$$libinit$$00000000  c_p.l(libinit.o)
    0x08000122   0x08000122   0x00000000   Code   RO         2353    .ARM.Collect$$libinit$$00000002  c_p.l(libinit2.o)
    0x08000122   0x08000122   0x00000000   Code   RO         2355    .ARM.Collect$$libinit$$00000004  c_p.l(libinit2.o)
    0x08000122   0x08000122   0x00000000   Code   RO         2357    .ARM.Collect$$libinit$$00000006  c_p.l(libinit2.o)
    0x08000122   0x08000122   0x00000000   Code   RO         2360    .ARM.Collect$$libinit$$0000000C  c_p.l(libinit2.o)
    0x08000122   0x08000122   0x00000000   Code   RO         2362    .ARM.Collect$$libinit$$0000000E  c_p.l(libinit2.o)
    0x08000122   0x08000122   0x00000000   Code   RO         2364    .ARM.Collect$$libinit$$00000010  c_p.l(libinit2.o)
    0x08000122   0x08000122   0x00000000   Code   RO         2367    .ARM.Collect$$libinit$$00000013  c_p.l(libinit2.o)
    0x08000122   0x08000122   0x00000000   Code   RO         2369    .ARM.Collect$$libinit$$00000015  c_p.l(libinit2.o)
    0x08000122   0x08000122   0x00000000   Code   RO         2371    .ARM.Collect$$libinit$$00000017  c_p.l(libinit2.o)
    0x08000122   0x08000122   0x00000000   Code   RO         2373    .ARM.Collect$$libinit$$00000019  c_p.l(libinit2.o)
    0x08000122   0x08000122   0x00000000   Code   RO         2375    .ARM.Collect$$libinit$$0000001B  c_p.l(libinit2.o)
    0x08000122   0x08000122   0x00000000   Code   RO         2377    .ARM.Collect$$libinit$$0000001D  c_p.l(libinit2.o)
    0x08000122   0x08000122   0x00000000   Code   RO         2379    .ARM.Collect$$libinit$$0000001F  c_p.l(libinit2.o)
    0x08000122   0x08000122   0x00000000   Code   RO         2381    .ARM.Collect$$libinit$$00000021  c_p.l(libinit2.o)
    0x08000122   0x08000122   0x00000000   Code   RO         2383    .ARM.Collect$$libinit$$00000023  c_p.l(libinit2.o)
    0x08000122   0x08000122   0x00000000   Code   RO         2385    .ARM.Collect$$libinit$$00000025  c_p.l(libinit2.o)
    0x08000122   0x08000122   0x00000000   Code   RO         2387    .ARM.Collect$$libinit$$00000027  c_p.l(libinit2.o)
    0x08000122   0x08000122   0x00000000   Code   RO         2391    .ARM.Collect$$libinit$$0000002E  c_p.l(libinit2.o)
    0x08000122   0x08000122   0x00000000   Code   RO         2393    .ARM.Collect$$libinit$$00000030  c_p.l(libinit2.o)
    0x08000122   0x08000122   0x00000000   Code   RO         2395    .ARM.Collect$$libinit$$00000032  c_p.l(libinit2.o)
    0x08000122   0x08000122   0x00000000   Code   RO         2397    .ARM.Collect$$libinit$$00000034  c_p.l(libinit2.o)
    0x08000122   0x08000122   0x00000002   Code   RO         2398    .ARM.Collect$$libinit$$00000035  c_p.l(libinit2.o)
    0x08000124   0x08000124   0x00000002   Code   RO         2326    .ARM.Collect$$libshutdown$$00000000  c_p.l(libshutdown.o)
    0x08000126   0x08000126   0x00000000   Code   RO         2400    .ARM.Collect$$libshutdown$$00000002  c_p.l(libshutdown2.o)
    0x08000126   0x08000126   0x00000000   Code   RO         2402    .ARM.Collect$$libshutdown$$00000004  c_p.l(libshutdown2.o)
    0x08000126   0x08000126   0x00000000   Code   RO         2405    .ARM.Collect$$libshutdown$$00000007  c_p.l(libshutdown2.o)
    0x08000126   0x08000126   0x00000000   Code   RO         2408    .ARM.Collect$$libshutdown$$0000000A  c_p.l(libshutdown2.o)
    0x08000126   0x08000126   0x00000000   Code   RO         2410    .ARM.Collect$$libshutdown$$0000000C  c_p.l(libshutdown2.o)
    0x08000126   0x08000126   0x00000000   Code   RO         2413    .ARM.Collect$$libshutdown$$0000000F  c_p.l(libshutdown2.o)
    0x08000126   0x08000126   0x00000002   Code   RO         2414    .ARM.Collect$$libshutdown$$00000010  c_p.l(libshutdown2.o)
    0x08000128   0x08000128   0x00000000   Code   RO         2134    .ARM.Collect$$rtentry$$00000000  c_p.l(__rtentry.o)
    0x08000128   0x08000128   0x00000000   Code   RO         2241    .ARM.Collect$$rtentry$$00000002  c_p.l(__rtentry2.o)
    0x08000128   0x08000128   0x00000006   Code   RO         2253    .ARM.Collect$$rtentry$$00000004  c_p.l(__rtentry4.o)
    0x0800012e   0x0800012e   0x00000008   Code   RO         2242    .ARM.Collect$$rtentry$$00000008  c_p.l(__rtentry2.o)
    0x08000136   0x08000136   0x00000004   Code   RO         2244    .ARM.Collect$$rtentry$$0000000A  c_p.l(__rtentry2.o)
    0x0800013a   0x0800013a   0x00000000   Code   RO         2246    .ARM.Collect$$rtentry$$0000000C  c_p.l(__rtentry2.o)
    0x0800013a   0x0800013a   0x00000008   Code   RO         2247    .ARM.Collect$$rtentry$$0000000D  c_p.l(__rtentry2.o)
    0x08000142   0x08000142   0x00000002   Code   RO         2135    .ARM.Collect$$rtexit$$00000000  c_p.l(rtexit.o)
    0x08000144   0x08000144   0x00000000   Code   RO         2256    .ARM.Collect$$rtexit$$00000002  c_p.l(rtexit2.o)
    0x08000144   0x08000144   0x00000004   Code   RO         2257    .ARM.Collect$$rtexit$$00000003  c_p.l(rtexit2.o)
    0x08000148   0x08000148   0x00000006   Code   RO         2258    .ARM.Collect$$rtexit$$00000004  c_p.l(rtexit2.o)
    0x0800014e   0x0800014e   0x00000002   PAD
    0x08000150   0x08000150   0x00000038   Code   RO         2114    .emb_text           c_p.l(rt_memcpy.o)
    0x08000188   0x08000188   0x00000224   Code   RO          132    .graph_interpreter_section  stream_io.o
    0x080003ac   0x080003ac   0x000000c8   Code   RO          302    .text               irq_armv6m.o
    0x08000474   0x08000474   0x00000034   Code   RO         2087    .text               startup_stm32c011xx.o
    0x080004a8   0x080004a8   0x00000010   Code   RO         2112    .text               c_p.l(exit.o)
    0x080004b8   0x080004b8   0x00000082   Code   RO         2115    .text               c_p.l(rt_memcpy.o)
    0x0800053a   0x0800053a   0x00000012   Code   RO         2118    .text               c_p.l(aeabi_memset4.o)
    0x0800054c   0x0800054c   0x00000040   Code   RO         2120    .text               c_p.l(rt_memclr.o)
    0x0800058c   0x0800058c   0x00000006   Code   RO         2130    .text               c_p.l(heapauxi.o)
    0x08000592   0x08000592   0x00000002   PAD
    0x08000594   0x08000594   0x0000000c   Code   RO         2286    .text               c_p.l(sys_exit.o)
    0x080005a0   0x080005a0   0x0000003e   Code   RO         2290    .text               c_p.l(sys_stackheap_outer.o)
    0x080005de   0x080005de   0x00000002   PAD
    0x080005e0   0x080005e0   0x00000008   Code   RO         2332    .text               c_p.l(libspace.o)
    0x080005e8   0x080005e8   0x00000002   Code   RO         2335    .text               c_p.l(use_no_semi.o)
    0x080005ea   0x080005ea   0x00000000   Code   RO         2337    .text               c_p.l(indicate_semi.o)
    0x080005ea   0x080005ea   0x0000003a   Code   RO         2463    .text               c_p.l(__dczerorl.o)
    0x08000624   0x08000624   0x00000048   Code   RO          261    .text.BSP_LED_Init  stm32c0116_discovery.o
    0x0800066c   0x0800066c   0x0000001c   Code   RO          267    .text.BSP_LED_Off   stm32c0116_discovery.o
    0x08000688   0x08000688   0x00000020   Code   RO          265    .text.BSP_LED_On    stm32c0116_discovery.o
    0x080006a8   0x080006a8   0x00000002   Code   RO          283    .text.BSP_PB_Callback  stm32c0116_discovery.o
    0x080006aa   0x080006aa   0x00000010   Code   RO          279    .text.BSP_PB_GetState  stm32c0116_discovery.o
    0x080006ba   0x080006ba   0x00000002   PAD
    0x080006bc   0x080006bc   0x00000084   Code   RO          273    .text.BSP_PB_Init   stm32c0116_discovery.o
    0x08000740   0x08000740   0x0000000a   Code   RO          275    .text.BUTTON_USER_EXTI_Callback  stm32c0116_discovery.o
    0x0800074a   0x0800074a   0x00000002   PAD
    0x0800074c   0x0800074c   0x000000a4   Code   RO         1276    .text.EventRecord2  eventrecorder.o
    0x080007f0   0x080007f0   0x000000ec   Code   RO         1278    .text.EventRecord4  eventrecorder.o
    0x080008dc   0x080008dc   0x0000011c   Code   RO         1264    .text.EventRecordItem  eventrecorder.o
    0x080009f8   0x080009f8   0x00000054   Code   RO         1268    .text.EventRecorderDisable  eventrecorder.o
    0x08000a4c   0x08000a4c   0x00000058   Code   RO         1262    .text.EventRecorderEnable  eventrecorder.o
    0x08000aa4   0x08000aa4   0x00000238   Code   RO         1260    .text.EventRecorderInitialize  eventrecorder.o
    0x08000cdc   0x08000cdc   0x00000028   Code   RO         1258    .text.EventRecorderTimerGetCount  eventrecorder.o
    0x08000d04   0x08000d04   0x00000010   Code   RO         1254    .text.EventRecorderTimerSetup  eventrecorder.o
    0x08000d14   0x08000d14   0x00000014   Code   RO          500    .text.EvrRtxDelay   rtx_evr.o
    0x08000d28   0x08000d28   0x00000014   Code   RO          508    .text.EvrRtxDelayCompleted  rtx_evr.o
    0x08000d3c   0x08000d3c   0x00000010   Code   RO          498    .text.EvrRtxDelayError  rtx_evr.o
    0x08000d4c   0x08000d4c   0x00000014   Code   RO          504    .text.EvrRtxDelayStarted  rtx_evr.o
    0x08000d60   0x08000d60   0x00000014   Code   RO          556    .text.EvrRtxEventFlagsWaitTimeout  rtx_evr.o
    0x08000d74   0x08000d74   0x00000010   Code   RO          376    .text.EvrRtxKernelError  rtx_evr.o
    0x08000d84   0x08000d84   0x00000014   Code   RO          414    .text.EvrRtxKernelErrorNotify  rtx_evr.o
    0x08000d98   0x08000d98   0x00000014   Code   RO          410    .text.EvrRtxKernelGetTickCount  rtx_evr.o
    0x08000dac   0x08000dac   0x00000014   Code   RO          378    .text.EvrRtxKernelInitialize  rtx_evr.o
    0x08000dc0   0x08000dc0   0x00000014   Code   RO          380    .text.EvrRtxKernelInitialized  rtx_evr.o
    0x08000dd4   0x08000dd4   0x00000014   Code   RO          386    .text.EvrRtxKernelStart  rtx_evr.o
    0x08000de8   0x08000de8   0x00000014   Code   RO          388    .text.EvrRtxKernelStarted  rtx_evr.o
    0x08000dfc   0x08000dfc   0x0000001c   Code   RO          366    .text.EvrRtxMemoryAlloc  rtx_evr.o
    0x08000e18   0x08000e18   0x00000014   Code   RO          372    .text.EvrRtxMemoryBlockAlloc  rtx_evr.o
    0x08000e2c   0x08000e2c   0x0000001c   Code   RO          374    .text.EvrRtxMemoryBlockFree  rtx_evr.o
    0x08000e48   0x08000e48   0x0000001c   Code   RO          370    .text.EvrRtxMemoryBlockInit  rtx_evr.o
    0x08000e64   0x08000e64   0x0000001c   Code   RO          368    .text.EvrRtxMemoryFree  rtx_evr.o
    0x08000e80   0x08000e80   0x0000001a   Code   RO          364    .text.EvrRtxMemoryInit  rtx_evr.o
    0x08000e9a   0x08000e9a   0x00000002   PAD
    0x08000e9c   0x08000e9c   0x00000014   Code   RO          634    .text.EvrRtxMemoryPoolAllocTimeout  rtx_evr.o
    0x08000eb0   0x08000eb0   0x00000014   Code   RO          662    .text.EvrRtxMessageQueueCreated  rtx_evr.o
    0x08000ec4   0x08000ec4   0x00000010   Code   RO          658    .text.EvrRtxMessageQueueError  rtx_evr.o
    0x08000ed4   0x08000ed4   0x0000001c   Code   RO          678    .text.EvrRtxMessageQueueGet  rtx_evr.o
    0x08000ef0   0x08000ef0   0x0000001c   Code   RO          680    .text.EvrRtxMessageQueueGetPending  rtx_evr.o
    0x08000f0c   0x08000f0c   0x00000014   Code   RO          682    .text.EvrRtxMessageQueueGetTimeout  rtx_evr.o
    0x08000f20   0x08000f20   0x00000014   Code   RO          672    .text.EvrRtxMessageQueueInsertPending  rtx_evr.o
    0x08000f34   0x08000f34   0x00000014   Code   RO          674    .text.EvrRtxMessageQueueInserted  rtx_evr.o
    0x08000f48   0x08000f48   0x00000014   Code   RO          676    .text.EvrRtxMessageQueueNotInserted  rtx_evr.o
    0x08000f5c   0x08000f5c   0x00000014   Code   RO          686    .text.EvrRtxMessageQueueNotRetrieved  rtx_evr.o
    0x08000f70   0x08000f70   0x0000001c   Code   RO          666    .text.EvrRtxMessageQueuePut  rtx_evr.o
    0x08000f8c   0x08000f8c   0x0000001c   Code   RO          668    .text.EvrRtxMessageQueuePutPending  rtx_evr.o
    0x08000fa8   0x08000fa8   0x00000014   Code   RO          670    .text.EvrRtxMessageQueuePutTimeout  rtx_evr.o
    0x08000fbc   0x08000fbc   0x00000014   Code   RO          684    .text.EvrRtxMessageQueueRetrieved  rtx_evr.o
    0x08000fd0   0x08000fd0   0x00000014   Code   RO          574    .text.EvrRtxMutexAcquire  rtx_evr.o
    0x08000fe4   0x08000fe4   0x00000014   Code   RO          576    .text.EvrRtxMutexAcquirePending  rtx_evr.o
    0x08000ff8   0x08000ff8   0x00000014   Code   RO          578    .text.EvrRtxMutexAcquireTimeout  rtx_evr.o
    0x0800100c   0x0800100c   0x00000014   Code   RO          580    .text.EvrRtxMutexAcquired  rtx_evr.o
    0x08001020   0x08001020   0x00000014   Code   RO          570    .text.EvrRtxMutexCreated  rtx_evr.o
    0x08001034   0x08001034   0x00000014   Code   RO          590    .text.EvrRtxMutexDelete  rtx_evr.o
    0x08001048   0x08001048   0x00000014   Code   RO          592    .text.EvrRtxMutexDestroyed  rtx_evr.o
    0x0800105c   0x0800105c   0x00000010   Code   RO          566    .text.EvrRtxMutexError  rtx_evr.o
    0x0800106c   0x0800106c   0x00000014   Code   RO          568    .text.EvrRtxMutexNew  rtx_evr.o
    0x08001080   0x08001080   0x00000014   Code   RO          582    .text.EvrRtxMutexNotAcquired  rtx_evr.o
    0x08001094   0x08001094   0x00000014   Code   RO          584    .text.EvrRtxMutexRelease  rtx_evr.o
    0x080010a8   0x080010a8   0x00000014   Code   RO          586    .text.EvrRtxMutexReleased  rtx_evr.o
    0x080010bc   0x080010bc   0x00000014   Code   RO          606    .text.EvrRtxSemaphoreAcquireTimeout  rtx_evr.o
    0x080010d0   0x080010d0   0x00000014   Code   RO          458    .text.EvrRtxThreadBlocked  rtx_evr.o
    0x080010e4   0x080010e4   0x00000020   Code   RO          420    .text.EvrRtxThreadCreated  rtx_evr.o
    0x08001104   0x08001104   0x00000014   Code   RO          470    .text.EvrRtxThreadDestroyed  rtx_evr.o
    0x08001118   0x08001118   0x00000010   Code   RO          416    .text.EvrRtxThreadError  rtx_evr.o
    0x08001128   0x08001128   0x00000014   Code   RO          466    .text.EvrRtxThreadExit  rtx_evr.o
    0x0800113c   0x0800113c   0x00000010   Code   RO          476    .text.EvrRtxThreadFlagsError  rtx_evr.o
    0x0800114c   0x0800114c   0x00000014   Code   RO          478    .text.EvrRtxThreadFlagsSet  rtx_evr.o
    0x08001160   0x08001160   0x00000014   Code   RO          480    .text.EvrRtxThreadFlagsSetDone  rtx_evr.o
    0x08001174   0x08001174   0x0000001c   Code   RO          488    .text.EvrRtxThreadFlagsWait  rtx_evr.o
    0x08001190   0x08001190   0x0000001c   Code   RO          494    .text.EvrRtxThreadFlagsWaitCompleted  rtx_evr.o
    0x080011ac   0x080011ac   0x00000014   Code   RO          496    .text.EvrRtxThreadFlagsWaitNotCompleted  rtx_evr.o
    0x080011c0   0x080011c0   0x0000001c   Code   RO          490    .text.EvrRtxThreadFlagsWaitPending  rtx_evr.o
    0x080011dc   0x080011dc   0x00000014   Code   RO          492    .text.EvrRtxThreadFlagsWaitTimeout  rtx_evr.o
    0x080011f0   0x080011f0   0x00000014   Code   RO          456    .text.EvrRtxThreadJoined  rtx_evr.o
    0x08001204   0x08001204   0x0000001c   Code   RO          418    .text.EvrRtxThreadNew  rtx_evr.o
    0x08001220   0x08001220   0x00000014   Code   RO          462    .text.EvrRtxThreadPreempted  rtx_evr.o
    0x08001234   0x08001234   0x00000014   Code   RO          464    .text.EvrRtxThreadSwitched  rtx_evr.o
    0x08001248   0x08001248   0x00000014   Code   RO          460    .text.EvrRtxThreadUnblocked  rtx_evr.o
    0x0800125c   0x0800125c   0x00000014   Code   RO          512    .text.EvrRtxTimerCallback  rtx_evr.o
    0x08001270   0x08001270   0x0000000e   Code   RO         1545    .text.HAL_EXTI_GetHandle  stm32c0xx_hal_exti.o
    0x0800127e   0x0800127e   0x0000001e   Code   RO         1543    .text.HAL_EXTI_RegisterCallback  stm32c0xx_hal_exti.o
    0x0800129c   0x0800129c   0x000001ac   Code   RO         1626    .text.HAL_GPIO_Init  stm32c0xx_hal_gpio.o
    0x08001448   0x08001448   0x0000000a   Code   RO         1630    .text.HAL_GPIO_ReadPin  stm32c0xx_hal_gpio.o
    0x08001452   0x08001452   0x00000010   Code   RO         1632    .text.HAL_GPIO_WritePin  stm32c0xx_hal_gpio.o
    0x08001462   0x08001462   0x00000002   PAD
    0x08001464   0x08001464   0x00000044   Code   RO            2    .text.HAL_GetTick   main_1.o
    0x080014a8   0x080014a8   0x00000018   Code   RO         1292    .text.HAL_Init      stm32c0xx_hal.o
    0x080014c0   0x080014c0   0x00000004   Code   RO            4    .text.HAL_InitTick  main_1.o
    0x080014c4   0x080014c4   0x00000054   Code   RO         2077    .text.HAL_MspInit   stm32c0xx_hal_msp.o
    0x08001518   0x08001518   0x00000018   Code   RO         1451    .text.HAL_NVIC_EnableIRQ  stm32c0xx_hal_cortex.o
    0x08001530   0x08001530   0x00000038   Code   RO         1449    .text.HAL_NVIC_SetPriority  stm32c0xx_hal_cortex.o
    0x08001568   0x08001568   0x000001a8   Code   RO         1718    .text.HAL_RCC_ClockConfig  stm32c0xx_hal_rcc.o
    0x08001710   0x08001710   0x00000280   Code   RO         1716    .text.HAL_RCC_OscConfig  stm32c0xx_hal_rcc.o
    0x08001990   0x08001990   0x00000010   Code   RO         1342    .text.HAL_SYSCFG_EnableRemap  stm32c0xx_hal.o
    0x080019a0   0x080019a0   0x00000002   Code   RO           53    .text.HardFault_Handler  stm32c0xx_it.o
    0x080019a2   0x080019a2   0x00000002   Code   RO           51    .text.NMI_Handler   stm32c0xx_it.o
    0x080019a4   0x080019a4   0x00000008   Code   RO         1183    .text.OS_Tick_AcknowledgeIRQ  os_systick.o
    0x080019ac   0x080019ac   0x00000020   Code   RO         1179    .text.OS_Tick_Enable  os_systick.o
    0x080019cc   0x080019cc   0x0000000c   Code   RO         1191    .text.OS_Tick_GetCount  os_systick.o
    0x080019d8   0x080019d8   0x00000006   Code   RO         1185    .text.OS_Tick_GetIRQn  os_systick.o
    0x080019de   0x080019de   0x00000002   PAD
    0x080019e0   0x080019e0   0x0000000c   Code   RO         1189    .text.OS_Tick_GetInterval  os_systick.o
    0x080019ec   0x080019ec   0x00000010   Code   RO         1193    .text.OS_Tick_GetOverflow  os_systick.o
    0x080019fc   0x080019fc   0x00000048   Code   RO         1177    .text.OS_Tick_Setup  os_systick.o
    0x08001a44   0x08001a44   0x0000005c   Code   RO         2096    .text.SystemCoreClockUpdate  system_stm32c0xx.o
    0x08001aa0   0x08001aa0   0x00000010   Code   RO         2094    .text.SystemInit    system_stm32c0xx.o
    0x08001ab0   0x08001ab0   0x0000000c   Code   RO           78    .text.WR_BYTE_AND_CHECK_MP_  platform_stm32c0116dk.o
    0x08001abc   0x08001abc   0x0000002c   Code   RO          786    .text._mutex_acquire  rtx_lib.o
    0x08001ae8   0x08001ae8   0x0000000a   Code   RO          790    .text._mutex_free   rtx_lib.o
    0x08001af2   0x08001af2   0x00000022   Code   RO          784    .text._mutex_initialize  rtx_lib.o
    0x08001b14   0x08001b14   0x0000002c   Code   RO          788    .text._mutex_release  rtx_lib.o
    0x08001b40   0x08001b40   0x00000008   Code   RO          778    .text._platform_post_stackheap_init  rtx_lib.o
    0x08001b48   0x08001b48   0x00000014   Code   RO           22    .text.app_initialize  blinky.o
    0x08001b5c   0x08001b5c   0x00000034   Code   RO           24    .text.app_main      blinky.o
    0x08001b90   0x08001b90   0x00000250   Code   RO          151    .text.arc_index_update  stream_scheduler.o
    0x08001de0   0x08001de0   0x000000f4   Code   RO          183    .text.arm_biquad_cascade_df1_fast_q15  arm_biquad_cascade_df1_fast_q15.o
    0x08001ed4   0x08001ed4   0x0000001a   Code   RO          193    .text.arm_biquad_cascade_df1_init_q15  arm_biquad_cascade_df1_init_q15.o
    0x08001eee   0x08001eee   0x00000002   PAD
    0x08001ef0   0x08001ef0   0x000002fc   Code   RO          122    .text.arm_graph_interpreter  stream_graph_interpreter.o
    0x080021ec   0x080021ec   0x000000fc   Code   RO          217    .text.arm_stream_detector  arm_stream_detector.o
    0x080022e8   0x080022e8   0x000001cc   Code   RO          229    .text.arm_stream_detector_process  arm_stream_detector_process.o
    0x080024b4   0x080024b4   0x00000092   Code   RO          208    .text.arm_stream_filter  arm_stream_filter.o
    0x08002546   0x08002546   0x00000002   PAD
    0x08002548   0x08002548   0x0000001c   Code   RO          172    .text.arm_stream_services  stream_services.o
    0x08002564   0x08002564   0x0000001c   Code   RO           86    .text.gpio_out_0_set_stream  platform_stm32c0116dk.o
    0x08002580   0x08002580   0x0000003c   Code   RO           88    .text.gpio_out_0_start_data_move  platform_stm32c0116dk.o
    0x080025bc   0x080025bc   0x00000004   Code   RO           90    .text.gpio_out_0_stop_stream  platform_stm32c0116dk.o
    0x080025c0   0x080025c0   0x00000030   Code   RO          145    .text.lin2pack      stream_scheduler.o
    0x080025f0   0x080025f0   0x000000e0   Code   RO            6    .text.main          main_1.o
    0x080026d0   0x080026d0   0x00000050   Code   RO           40    .text.main_demo     main_stm32c0116dk.o
    0x08002720   0x08002720   0x00000034   Code   RO          310    .text.osDelay       rtx_delay.o
    0x08002754   0x08002754   0x0000002c   Code   RO          722    .text.osKernelGetState  rtx_kernel.o
    0x08002780   0x08002780   0x00000040   Code   RO          746    .text.osKernelGetSysTimerCount  rtx_kernel.o
    0x080027c0   0x080027c0   0x0000002c   Code   RO          738    .text.osKernelGetTickCount  rtx_kernel.o
    0x080027ec   0x080027ec   0x00000034   Code   RO          716    .text.osKernelInitialize  rtx_kernel.o
    0x08002820   0x08002820   0x00000030   Code   RO          726    .text.osKernelStart  rtx_kernel.o
    0x08002850   0x08002850   0x000000d8   Code   RO          891    .text.osMessageQueueGet  rtx_msgqueue.o
    0x08002928   0x08002928   0x000000a0   Code   RO          889    .text.osMessageQueuePut  rtx_msgqueue.o
    0x080029c8   0x080029c8   0x00000038   Code   RO          941    .text.osMutexAcquire  rtx_mutex.o
    0x08002a00   0x08002a00   0x00000034   Code   RO          947    .text.osMutexDelete  rtx_mutex.o
    0x08002a34   0x08002a34   0x00000034   Code   RO          937    .text.osMutexNew    rtx_mutex.o
    0x08002a68   0x08002a68   0x00000034   Code   RO          943    .text.osMutexRelease  rtx_mutex.o
    0x08002a9c   0x08002a9c   0x00000002   Code   RO         1206    .text.osRtxErrorNotify  rtx_config.o
    0x08002a9e   0x08002a9e   0x00000002   Code   RO         1204    .text.osRtxIdleThread  rtx_config.o
    0x08002aa0   0x08002aa0   0x00000014   Code   RO          714    .text.osRtxKernelErrorNotify  rtx_kernel.o
    0x08002ab4   0x08002ab4   0x00000112   Code   RO          780    .text.osRtxKernelPreInit  rtx_lib.o
    0x08002bc6   0x08002bc6   0x00000090   Code   RO          817    .text.osRtxMemoryAlloc  rtx_memory.o
    0x08002c56   0x08002c56   0x00000054   Code   RO          819    .text.osRtxMemoryFree  rtx_memory.o
    0x08002caa   0x08002caa   0x0000003e   Code   RO          815    .text.osRtxMemoryInit  rtx_memory.o
    0x08002ce8   0x08002ce8   0x00000032   Code   RO          831    .text.osRtxMemoryPoolAlloc  rtx_mempool.o
    0x08002d1a   0x08002d1a   0x0000003c   Code   RO          833    .text.osRtxMemoryPoolFree  rtx_mempool.o
    0x08002d56   0x08002d56   0x00000056   Code   RO          829    .text.osRtxMemoryPoolInit  rtx_mempool.o
    0x08002dac   0x08002dac   0x000001ac   Code   RO          913    .text.osRtxMessageQueuePostProcess  rtx_msgqueue.o
    0x08002f58   0x08002f58   0x00000024   Code   RO          881    .text.osRtxMessageQueueTimerSetup  rtx_msgqueue.o
    0x08002f7c   0x08002f7c   0x0000005c   Code   RO          933    .text.osRtxMutexOwnerRelease  rtx_mutex.o
    0x08002fd8   0x08002fd8   0x00000052   Code   RO          935    .text.osRtxMutexOwnerRestore  rtx_mutex.o
    0x0800302a   0x0800302a   0x00000002   PAD
    0x0800302c   0x0800302c   0x00000088   Code   RO         1005    .text.osRtxPendSV_Handler  rtx_system.o
    0x080030b4   0x080030b4   0x00000078   Code   RO         1007    .text.osRtxPostProcess  rtx_system.o
    0x0800312c   0x0800312c   0x00000144   Code   RO         1027    .text.osRtxThreadDelayTick  rtx_thread.o
    0x08003270   0x08003270   0x000000e4   Code   RO         1033    .text.osRtxThreadDispatch  rtx_thread.o
    0x08003354   0x08003354   0x00000050   Code   RO         1111    .text.osRtxThreadFree  rtx_thread.o
    0x080033a4   0x080033a4   0x00000014   Code   RO         1019    .text.osRtxThreadListGet  rtx_thread.o
    0x080033b8   0x080033b8   0x0000002a   Code   RO         1017    .text.osRtxThreadListPut  rtx_thread.o
    0x080033e2   0x080033e2   0x00000018   Code   RO         1023    .text.osRtxThreadListRemove  rtx_thread.o
    0x080033fa   0x080033fa   0x00000066   Code   RO         1021    .text.osRtxThreadListSort  rtx_thread.o
    0x08003460   0x08003460   0x0000008a   Code   RO         1089    .text.osRtxThreadPostProcess  rtx_thread.o
    0x080034ea   0x080034ea   0x00000002   PAD
    0x080034ec   0x080034ec   0x00000038   Code   RO         1025    .text.osRtxThreadReadyPut  rtx_thread.o
    0x08003524   0x08003524   0x00000006   Code   RO         1029    .text.osRtxThreadRegPtr  rtx_thread.o
    0x0800352a   0x0800352a   0x00000002   PAD
    0x0800352c   0x0800352c   0x0000001c   Code   RO         1039    .text.osRtxThreadStackCheck  rtx_thread.o
    0x08003548   0x08003548   0x00000048   Code   RO         1041    .text.osRtxThreadStartup  rtx_thread.o
    0x08003590   0x08003590   0x00000014   Code   RO         1031    .text.osRtxThreadSwitch  rtx_thread.o
    0x080035a4   0x080035a4   0x000000d0   Code   RO         1037    .text.osRtxThreadWaitEnter  rtx_thread.o
    0x08003674   0x08003674   0x0000008c   Code   RO         1035    .text.osRtxThreadWaitExit  rtx_thread.o
    0x08003700   0x08003700   0x00000080   Code   RO         1003    .text.osRtxTick_Handler  rtx_system.o
    0x08003780   0x08003780   0x00000020   Code   RO         1139    .text.osRtxTimerSetup  rtx_timer.o
    0x080037a0   0x080037a0   0x00000024   Code   RO         1143    .text.osRtxTimerThread  rtx_timer.o
    0x080037c4   0x080037c4   0x000000c8   Code   RO         1141    .text.osRtxTimerTick  rtx_timer.o
    0x0800388c   0x0800388c   0x00000018   Code   RO         1073    .text.osThreadExit  rtx_thread.o
    0x080038a4   0x080038a4   0x00000084   Code   RO         1081    .text.osThreadFlagsSet  rtx_thread.o
    0x08003928   0x08003928   0x00000044   Code   RO         1087    .text.osThreadFlagsWait  rtx_thread.o
    0x0800396c   0x0800396c   0x00000044   Code   RO         1045    .text.osThreadNew   rtx_thread.o
    0x080039b0   0x080039b0   0x00000016   Code   RO          143    .text.pack2linaddr_ptr  stream_scheduler.o
    0x080039c6   0x080039c6   0x00000002   PAD
    0x080039c8   0x080039c8   0x000000b0   Code   RO           62    .text.platform_al   platform_al.o
    0x08003a78   0x08003a78   0x0000000c   Code   RO           74    .text.platform_specific_long_offset  platform_stm32c0116dk.o
    0x08003a84   0x08003a84   0x0000001c   Code   RO           76    .text.platform_specific_processor_arch_iomask  platform_stm32c0116dk.o
    0x08003aa0   0x08003aa0   0x00000010   Code   RO           80    .text.stream_in_0_set_stream  platform_stm32c0116dk.o
    0x08003ab0   0x08003ab0   0x00000058   Code   RO           82    .text.stream_in_0_start_data_move  platform_stm32c0116dk.o
    0x08003b08   0x08003b08   0x00000004   Code   RO           84    .text.stream_in_0_stop_stream  platform_stm32c0116dk.o
    0x08003b0c   0x08003b0c   0x00000668   Code   RO          149    .text.stream_scan_graph  stream_scheduler.o
    0x08004174   0x08004174   0x00000034   Code   RO          314    .text.svcRtxDelay   rtx_delay.o
    0x080041a8   0x080041a8   0x00000008   Code   RO          724    .text.svcRtxKernelGetState  rtx_kernel.o
    0x080041b0   0x080041b0   0x00000028   Code   RO          748    .text.svcRtxKernelGetSysTimerCount  rtx_kernel.o
    0x080041d8   0x080041d8   0x00000010   Code   RO          740    .text.svcRtxKernelGetTickCount  rtx_kernel.o
    0x080041e8   0x080041e8   0x00000144   Code   RO          754    .text.svcRtxKernelInitialize  rtx_kernel.o
    0x0800432c   0x0800432c   0x00000098   Code   RO          756    .text.svcRtxKernelStart  rtx_kernel.o
    0x080043c4   0x080043c4   0x000001b8   Code   RO          919    .text.svcRtxMessageQueueGet  rtx_msgqueue.o
    0x0800457c   0x0800457c   0x0000022c   Code   RO          883    .text.svcRtxMessageQueueNew  rtx_msgqueue.o
    0x080047a8   0x080047a8   0x00000148   Code   RO          917    .text.svcRtxMessageQueuePut  rtx_msgqueue.o
    0x080048f0   0x080048f0   0x000000e8   Code   RO          953    .text.svcRtxMutexAcquire  rtx_mutex.o
    0x080049d8   0x080049d8   0x000000d4   Code   RO          959    .text.svcRtxMutexDelete  rtx_mutex.o
    0x08004aac   0x08004aac   0x000000b8   Code   RO          949    .text.svcRtxMutexNew  rtx_mutex.o
    0x08004b64   0x08004b64   0x00000100   Code   RO          955    .text.svcRtxMutexRelease  rtx_mutex.o
    0x08004c64   0x08004c64   0x000000a4   Code   RO         1115    .text.svcRtxThreadExit  rtx_thread.o
    0x08004d08   0x08004d08   0x00000134   Code   RO         1123    .text.svcRtxThreadFlagsSet  rtx_thread.o
    0x08004e3c   0x08004e3c   0x000000ec   Code   RO         1129    .text.svcRtxThreadFlagsWait  rtx_thread.o
    0x08004f28   0x08004f28   0x0000028c   Code   RO         1043    .text.svcRtxThreadNew  rtx_thread.o
    0x080051b4   0x080051b4   0x0000002c   Code   RO           28    .text.thrButton     blinky.o
    0x080051e0   0x080051e0   0x00000074   Code   RO           26    .text.thrLED        blinky.o
    0x08005254   0x08005254   0x0000000c   Code   RO           92    .text.trace_set     platform_stm32c0116dk.o
    0x08005260   0x08005260   0x00000010   Code   RO           94    .text.trace_start   platform_stm32c0116dk.o
    0x08005270   0x08005270   0x00000004   Code   RO           96    .text.trace_stop    platform_stm32c0116dk.o
    0x08005274   0x08005274   0x00000028   Code   RO         1221    .text.vioGetSignal  vio_stm32c0116-dk.o
    0x0800529c   0x0800529c   0x00000068   Code   RO         1215    .text.vioInit       vio_stm32c0116-dk.o
    0x08005304   0x08005304   0x0000002c   Code   RO         1219    .text.vioSetSignal  vio_stm32c0116-dk.o
    0x08005330   0x08005330   0x000001f6   Code   RO         2123    .text_divfast       c_p.l(aeabi_sdivfast.o)
    0x08005526   0x08005526   0x00000002   PAD
    0x08005528   0x08005528   0x00000070   Data   RO          796    .rodata             rtx_lib.o
    0x08005598   0x08005598   0x00000038   Data   RO          799    .rodata             rtx_lib.o
    0x080055d0   0x080055d0   0x00000040   Data   RO         2099    .rodata.AHBPrescTable  system_stm32c0xx.o
    0x08005610   0x08005610   0x00000018   Data   RO         1281    .rodata.EventRecorderInfo  eventrecorder.o
    0x08005628   0x08005628   0x00000028   Data   RO          219    .rodata.detector_preset  arm_stream_detector.o
    0x08005650   0x08005650   0x00000270   Data   RO           42    .rodata.graph_input  main_stm32c0116dk.o
    0x080058c0   0x080058c0   0x00000004   Data   RO          798    .rodata.osRtxUserSVC  rtx_lib.o
    0x080058c4   0x080058c4   0x00000024   Data   RO          793    .rodata.os_idle_thread_attr  rtx_lib.o
    0x080058e8   0x080058e8   0x00000018   Data   RO          795    .rodata.os_timer_mq_attr  rtx_lib.o
    0x08005900   0x08005900   0x00000024   Data   RO          794    .rodata.os_timer_thread_attr  rtx_lib.o
    0x08005924   0x08005924   0x00000006   Data   RO          103    .rodata.ptf_in_stream_in_0_data  platform_stm32c0116dk.o
    0x0800592a   0x0800592a   0x00000002   PAD
    0x0800592c   0x0800592c   0x0000000b   Data   RO          768    .rodata.str1.4      rtx_kernel.o
    0x08005937   0x08005937   0x00000001   PAD
    0x08005938   0x08005938   0x00000020   Data   RO         2462    Region$$Table       anon$$obj.o


    Execution Region RW_IRAM1 (Exec base: 0x20000000, Load base: 0x08005958, Size: 0x00000f40, Max: 0x00001680, ABSOLUTE, COMPRESSED[0x00000048])

    Exec Addr    Load Addr    Size         Type   Attr      Idx    E Section Name        Object

    0x20000000   COMPRESSED   0x00000004   Data   RW         2098    .data.SystemCoreClock  system_stm32c0xx.o
    0x20000004   COMPRESSED   0x00000050   Data   RW          202    .data.node_entry_point_table  stream_nodes.o
    0x20000054   COMPRESSED   0x000000a4   Data   RW          769    .data.os            rtx_kernel.o
    0x200000f8   COMPRESSED   0x00000084   Data   RW          102    .data.platform_io   platform_stm32c0116dk.o
    0x2000017c   COMPRESSED   0x00000004   Data   RW         1350    .data.uwTickPrio    stm32c0xx_hal.o
    0x20000180   COMPRESSED   0x0000002c   Data   RW           66    .graph_interpreter_section  platform_al.o
    0x200001ac   COMPRESSED   0x00000004   Data   RW          153    .graph_interpreter_section  stream_scheduler.o
    0x200001b0        -       0x00000060   Zero   RW         2333    .bss                c_p.l(libspace.o)
    0x20000210        -       0x00000004   Zero   RW           12    .bss.HAL_GetTick.ticks  main_1.o
    0x20000214        -       0x00000200   Zero   RW          100    .bss.RAM1           platform_stm32c0116dk.o
    0x20000414        -       0x00000001   Zero   RW         1282    .bss.SysTimerState  eventrecorder.o
    0x20000415        -       0x00000001   Zero   RW         1283    .bss.TS_OverflowLock  eventrecorder.o
    0x20000416   COMPRESSED   0x00000002   PAD
    0x20000418        -       0x00000010   Zero   RW           43    .bss.application_callbacks  main_stm32c0116dk.o
    0x20000428        -       0x0000000c   Zero   RW          293    .bss.hpb_exti       stm32c0116_discovery.o
    0x20000434        -       0x00000008   Zero   RW          111    .bss.long_offset    platform_stm32c0116dk.o
    0x2000043c   COMPRESSED   0x00000004   PAD
    0x20000440        -       0x000004f0   Zero   RW          792    .bss.os             rtx_lib.o
    0x20000930        -       0x00000001   Zero   RW         1195    .bss.os             os_systick.o
    0x20000931   COMPRESSED   0x00000003   PAD
    0x20000934        -       0x00000034   Zero   RW          804    .bss.os.msgqueue.cb  rtx_lib.o
    0x20000968        -       0x00000050   Zero   RW          805    .bss.os.msgqueue.mem  rtx_lib.o
    0x200009b8        -       0x00000088   Zero   RW          801    .bss.os.thread.cb   rtx_lib.o
    0x20000a40        -       0x000000b8   Zero   RW          802    .bss.os.thread.idle.stack  rtx_lib.o
    0x20000af8        -       0x000000b0   Zero   RW          803    .bss.os.thread.timer.stack  rtx_lib.o
    0x20000ba8        -       0x00000001   Zero   RW          806    .bss.os_kernel_is_active.os_kernel_active  rtx_lib.o
    0x20000ba9        -       0x00000001   Zero   RW           64    .bss.platform_al.stream_initialization_done  platform_al.o
    0x20000baa        -       0x00000004   Zero   RW           65    .bss.platform_al.stream_mp_synchro  platform_al.o
    0x20000bae        -       0x0000000b   Zero   RW          101    .bss.platform_iocontrol  platform_stm32c0116dk.o
    0x20000bb9   COMPRESSED   0x00000001   PAD
    0x20000bba        -       0x00000006   Zero   RW          108    .bss.ptf_in_gpio_out_data  platform_stm32c0116dk.o
    0x20000bc0        -       0x00000004   Zero   RW          109    .bss.ptr_in_gpio_out_data  platform_stm32c0116dk.o
    0x20000bc4        -       0x00000004   Zero   RW          106    .bss.ptr_in_stream_in_0_data  platform_stm32c0116dk.o
    0x20000bc8        -       0x00000004   Zero   RW          104    .bss.ptr_trace      platform_stm32c0116dk.o
    0x20000bcc        -       0x00000004   Zero   RW          105    .bss.rx_buffer      platform_stm32c0116dk.o
    0x20000bd0        -       0x00000004   Zero   RW           31    .bss.tid_thrButton  blinky.o
    0x20000bd4        -       0x00000004   Zero   RW           30    .bss.tid_thrLED     blinky.o
    0x20000bd8        -       0x00000004   Zero   RW          110    .bss.tx_buffer      platform_stm32c0116dk.o
    0x20000bdc   COMPRESSED   0x00000004   PAD
    0x20000be0        -       0x00000008   Zero   RW         1244    .bss.vioAddrIPv4    vio_stm32c0116-dk.o
    0x20000be8        -       0x00000020   Zero   RW         1245    .bss.vioAddrIPv6    vio_stm32c0116-dk.o
    0x20000c08        -       0x00000100   Zero   RW         1241    .bss.vioPrintMem    vio_stm32c0116-dk.o
    0x20000d08        -       0x00000004   Zero   RW         1239    .bss.vioSignalIn    vio_stm32c0116-dk.o
    0x20000d0c        -       0x00000004   Zero   RW         1240    .bss.vioSignalOut   vio_stm32c0116-dk.o
    0x20000d10        -       0x0000000c   Zero   RW         1242    .bss.vioValue       vio_stm32c0116-dk.o
    0x20000d1c        -       0x00000024   Zero   RW         1243    .bss.vioValueXYZ    vio_stm32c0116-dk.o
    0x20000d40        -       0x00000000   Zero   RW         2085    HEAP                startup_stm32c011xx.o
    0x20000d40        -       0x00000200   Zero   RW         2084    STACK               startup_stm32c011xx.o


    Execution Region RW_RAM1 (Exec base: 0x20001680, Load base: 0x080059a0, Size: 0x00000124, Max: 0x00000180, ABSOLUTE, UNINIT)

    Exec Addr    Load Addr    Size         Type   Attr      Idx    E Section Name        Object

    0x20001680        -       0x00000124   Zero   RW         1280    .bss.noinit         eventrecorder.o


==============================================================================

Image component sizes


      Code (inc. data)   RO Data    RW Data    ZI Data      Debug   Object Name

       244          8          0          0          0       3460   arm_biquad_cascade_df1_fast_q15.o
        26          0          0          0          0       1362   arm_biquad_cascade_df1_init_q15.o
       252         12         40          0          0       3044   arm_stream_detector.o
       460         20          0          0          0       1930   arm_stream_detector_process.o
       146          0          0          0          0       3259   arm_stream_filter.o
       232         24          0          0          8       2887   blinky.o
      1480         64         24          0        294      20511   eventrecorder.o
       200         12          0          0          0        829   irq_armv6m.o
       296         16          0          0          4       4443   main_1.o
        80         16        624          0         16       2271   main_stm32c0116dk.o
       158         20          0          0          1       3201   os_systick.o
       176         40          0         44          5       3203   platform_al.o
       284         40          6        132        557       4497   platform_stm32c0116dk.o
         4          0          0          0          0        691   rtx_config.o
       104          4          0          0          0       3161   rtx_delay.o
      1370        228          0          0          0      37752   rtx_evr.o
       812         36         11        164          0      16815   rtx_kernel.o
       414          4        268          0       1893       7925   rtx_lib.o
       290          0          0          0          0       3049   rtx_memory.o
       196          0          0          0          0      18402   rtx_mempool.o
      2164         40          0          0          0      23681   rtx_msgqueue.o
      1270         28          0          0          0      10607   rtx_mutex.o
       384         44          0          0          0       4981   rtx_system.o
      3140         94          0          0          0      40809   rtx_thread.o
       268          8          0          0          0      11760   rtx_timer.o
        52         22        192          0        512        664   startup_stm32c011xx.o
       292         20          0          0         12      12333   stm32c0116_discovery.o
        40          4          0          4          0       6696   stm32c0xx_hal.o
        80         12          0          0          0       6832   stm32c0xx_hal_cortex.o
        44          0          0          0          0       6153   stm32c0xx_hal_exti.o
       454         24          0          0          0       4983   stm32c0xx_hal_gpio.o
        84          4          0          0          0       2085   stm32c0xx_hal_msp.o
      1064         36          0          0          0       7540   stm32c0xx_hal_rcc.o
         4          0          0          0          0        531   stm32c0xx_it.o
       764         12          0          0          0       5104   stream_graph_interpreter.o
       548         24          0          0          0       3700   stream_io.o
         0          0          0         80          0        781   stream_nodes.o
      2302         80          0          4          0      19026   stream_scheduler.o
        28          4          0          0          0       2152   stream_services.o
       108         24         64          4          0       2047   system_stm32c0xx.o
       188         28          0          0        352       5019   vio_stm32c0116-dk.o

    ----------------------------------------------------------------------
     20524       1052       1264        432       3668     320176   Object Totals
         0          0         32          0          0          0   (incl. Generated)
        22          0          3          0         14          0   (incl. Padding)

    ----------------------------------------------------------------------

      Code (inc. data)   RO Data    RW Data    ZI Data      Debug   Library Member Name

        58          0          0          0          0          0   __dczerorl.o
         8          0          0          0          0         68   __main.o
         0          0          0          0          0          0   __rtentry.o
        20          0          0          0          0          0   __rtentry2.o
         6          0          0          0          0          0   __rtentry4.o
        60          8          0          0          0          0   __scatter.o
        28          0          0          0          0          0   __scatter_zi.o
        18          0          0          0          0         68   aeabi_memset4.o
       502          0          0          0          0         92   aeabi_sdivfast.o
        16          0          0          0          0         68   exit.o
         6          0          0          0          0        136   heapauxi.o
         0          0          0          0          0          0   indicate_semi.o
         2          0          0          0          0          0   libinit.o
         2          0          0          0          0          0   libinit2.o
         2          0          0          0          0          0   libshutdown.o
         2          0          0          0          0          0   libshutdown2.o
         8          4          0          0         96         68   libspace.o
        64          0          0          0          0        108   rt_memclr.o
       186          0          0          0          0        144   rt_memcpy.o
         2          0          0          0          0          0   rtexit.o
        10          0          0          0          0          0   rtexit2.o
        12          4          0          0          0         60   sys_exit.o
        62          0          0          0          0         80   sys_stackheap_outer.o
         2          0          0          0          0         68   use_no_semi.o

    ----------------------------------------------------------------------
      1084         16          0          0         96        960   Library Totals
         8          0          0          0          0          0   (incl. Padding)

    ----------------------------------------------------------------------

      Code (inc. data)   RO Data    RW Data    ZI Data      Debug   Library Name

      1076         16          0          0         96        960   c_p.l

    ----------------------------------------------------------------------
      1084         16          0          0         96        960   Library Totals

    ----------------------------------------------------------------------

==============================================================================


      Code (inc. data)   RO Data    RW Data    ZI Data      Debug   

     21608       1068       1264        432       3764     320072   Grand Totals
     21608       1068       1264         72       3764     320072   ELF Image Totals (compressed)
     21608       1068       1264         72          0          0   ROM Totals

==============================================================================

    Total RO  Size (Code + RO Data)                22872 (  22.34kB)
    Total RW  Size (RW Data + ZI Data)              4196 (   4.10kB)
    Total ROM Size (Code + RO Data + RW Data)      22944 (  22.41kB)

==============================================================================

