Component: Arm Compiler for Embedded 6.19 Tool: armlink [5e73cb00]

==============================================================================

Section Cross References

    blinky.o(.text.app_initialize) refers to blinky.o(.text.app_main) for app_main
    blinky.o(.text.app_initialize) refers to rtx_thread.o(.text.osThreadNew) for osThreadNew
    blinky.o(.ARM.exidx.text.app_initialize) refers to blinky.o(.text.app_initialize) for [Anonymous Symbol]
    blinky.o(.text.app_main) refers to blinky.o(.text.thrLED) for thrLED
    blinky.o(.text.app_main) refers to rtx_thread.o(.text.osThreadNew) for osThreadNew
    blinky.o(.text.app_main) refers to blinky.o(.bss.tid_thrLED) for tid_thrLED
    blinky.o(.text.app_main) refers to blinky.o(.text.thrButton) for thrButton
    blinky.o(.text.app_main) refers to blinky.o(.bss.tid_thrButton) for tid_thrButton
    blinky.o(.text.app_main) refers to rtx_thread.o(.text.osThreadExit) for osThreadExit
    blinky.o(.ARM.exidx.text.app_main) refers to blinky.o(.text.app_main) for [Anonymous Symbol]
    blinky.o(.text.thrLED) refers to main_lpc55s69sdk.o(.text.main_demo) for main_demo
    blinky.o(.text.thrLED) refers to vio_lpcxpresso55s69.o(.text.vioSetSignal) for vioSetSignal
    blinky.o(.text.thrLED) refers to rtx_delay.o(.text.osDelay) for osDelay
    blinky.o(.text.thrLED) refers to rtx_thread.o(.text.osThreadFlagsWait) for osThreadFlagsWait
    blinky.o(.ARM.exidx.text.thrLED) refers to blinky.o(.text.thrLED) for [Anonymous Symbol]
    blinky.o(.text.thrButton) refers to blinky.o(.bss.tid_thrLED) for tid_thrLED
    blinky.o(.text.thrButton) refers to rtx_delay.o(.text.osDelay) for osDelay
    blinky.o(.text.thrButton) refers to vio_lpcxpresso55s69.o(.text.vioGetSignal) for vioGetSignal
    blinky.o(.text.thrButton) refers to rtx_thread.o(.text.osThreadFlagsSet) for osThreadFlagsSet
    blinky.o(.ARM.exidx.text.thrButton) refers to blinky.o(.text.thrButton) for [Anonymous Symbol]
    main_lpc55s69sdk.o(.text.main_demo) refers to rt_memclr_w.o(.text) for __aeabi_memclr4
    main_lpc55s69sdk.o(.text.main_demo) refers to main_lpc55s69sdk.o(.bss.application_callbacks) for application_callbacks
    main_lpc55s69sdk.o(.text.main_demo) refers to main_lpc55s69sdk.o(.rodata.graph_input) for graph_input
    main_lpc55s69sdk.o(.text.main_demo) refers to stream_graph_interpreter.o(.text.arm_graph_interpreter) for arm_graph_interpreter
    main_lpc55s69sdk.o(.ARM.exidx.text.main_demo) refers to main_lpc55s69sdk.o(.text.main_demo) for [Anonymous Symbol]
    main.o(.text.main) refers to peripherals.o(.text.BOARD_InitBootPeripherals) for BOARD_InitBootPeripherals
    main.o(.text.main) refers to pin_mux.o(.text.BOARD_InitBootPins) for BOARD_InitBootPins
    main.o(.text.main) refers to clock_config.o(.text.BOARD_InitBootClocks) for BOARD_InitBootClocks
    main.o(.text.main) refers to board.o(.text.BOARD_InitDebugConsole) for BOARD_InitDebugConsole
    main.o(.text.main) refers to system_lpc55s69_cm33_core0.o(.text.SystemCoreClockUpdate) for SystemCoreClockUpdate
    main.o(.text.main) refers to vio_lpcxpresso55s69.o(.text.vioInit) for vioInit
    main.o(.text.main) refers to rtx_kernel.o(.text.osKernelInitialize) for osKernelInitialize
    main.o(.text.main) refers to blinky.o(.text.app_initialize) for app_initialize
    main.o(.text.main) refers to rtx_kernel.o(.text.osKernelStart) for osKernelStart
    main.o(.ARM.exidx.text.main) refers to main.o(.text.main) for [Anonymous Symbol]
    stream_graph_interpreter.o(.text.arm_graph_interpreter) refers to platform_al.o(.text.platform_al) for platform_al
    stream_graph_interpreter.o(.text.arm_graph_interpreter) refers to stream_scheduler.o(.text.pack2linaddr_ptr) for pack2linaddr_ptr
    stream_graph_interpreter.o(.text.arm_graph_interpreter) refers to stream_scheduler.o(.text.stream_scan_graph) for stream_scan_graph
    stream_graph_interpreter.o(.text.arm_graph_interpreter) refers to stream_services.o(.text.arm_stream_services) for arm_stream_services
    stream_graph_interpreter.o(.text.arm_graph_interpreter) refers to platform_al.o(.graph_interpreter_section) for platform_io_callback_parameter
    stream_graph_interpreter.o(.ARM.exidx.text.arm_graph_interpreter) refers to stream_graph_interpreter.o(.text.arm_graph_interpreter) for [Anonymous Symbol]
    stream_io.o(.graph_interpreter_section) refers to platform_al.o(.graph_interpreter_section) for platform_io_callback_parameter
    stream_io.o(.graph_interpreter_section) refers to stream_scheduler.o(.text.pack2linaddr_ptr) for pack2linaddr_ptr
    stream_io.o(.graph_interpreter_section) refers to stream_scheduler.o(.text.lin2pack) for lin2pack
    stream_io.o(.graph_interpreter_section) refers to platform_al.o(.text.platform_al) for platform_al
    stream_io.o(.ARM.exidx.graph_interpreter_section) refers to stream_io.o(.graph_interpreter_section) for [Anonymous Symbol]
[...]
    SCT0_DriverIRQHandler                    0x00000625   Thumb Code     4  startup_lpc55s69_cm33_core0.o(.text)
    SDIO_DriverIRQHandler                    0x00000625   Thumb Code     4  startup_lpc55s69_cm33_core0.o(.text)
    SEC_GPIO_INT0_IRQ0_DriverIRQHandler      0x00000625   Thumb Code     4  startup_lpc55s69_cm33_core0.o(.text)
    SEC_GPIO_INT0_IRQ1_DriverIRQHandler      0x00000625   Thumb Code     4  startup_lpc55s69_cm33_core0.o(.text)
    SEC_HYPERVISOR_CALL_DriverIRQHandler     0x00000625   Thumb Code     4  startup_lpc55s69_cm33_core0.o(.text)
    SEC_VIO_DriverIRQHandler                 0x00000625   Thumb Code     4  startup_lpc55s69_cm33_core0.o(.text)
    SecureFault_Handler                      0x00000625   Thumb Code     4  startup_lpc55s69_cm33_core0.o(.text)
    USB0_DriverIRQHandler                    0x00000625   Thumb Code     4  startup_lpc55s69_cm33_core0.o(.text)
    USB0_NEEDCLK_DriverIRQHandler            0x00000625   Thumb Code     4  startup_lpc55s69_cm33_core0.o(.text)
    USB1_DriverIRQHandler                    0x00000625   Thumb Code     4  startup_lpc55s69_cm33_core0.o(.text)
    USB1_NEEDCLK_DriverIRQHandler            0x00000625   Thumb Code     4  startup_lpc55s69_cm33_core0.o(.text)
    USB1_PHY_DriverIRQHandler                0x00000625   Thumb Code     4  startup_lpc55s69_cm33_core0.o(.text)
    UTICK0_DriverIRQHandler                  0x00000625   Thumb Code     4  startup_lpc55s69_cm33_core0.o(.text)
    UsageFault_Handler                       0x00000625   Thumb Code     4  startup_lpc55s69_cm33_core0.o(.text)
    WDT_BOD_DriverIRQHandler                 0x00000625   Thumb Code     4  startup_lpc55s69_cm33_core0.o(.text)
    NMI_Handler                              0x00000629   Thumb Code     4  startup_lpc55s69_cm33_core0.o(.text)
    HardFault_Handler                        0x0000062d   Thumb Code     4  startup_lpc55s69_cm33_core0.o(.text)
    WDT_BOD_IRQHandler                       0x0000063d   Thumb Code     4  startup_lpc55s69_cm33_core0.o(.text)
    DMA0_IRQHandler                          0x00000641   Thumb Code     4  startup_lpc55s69_cm33_core0.o(.text)
    GINT0_IRQHandler                         0x00000645   Thumb Code     4  startup_lpc55s69_cm33_core0.o(.text)
    GINT1_IRQHandler                         0x00000649   Thumb Code     4  startup_lpc55s69_cm33_core0.o(.text)
    PIN_INT0_IRQHandler                      0x0000064d   Thumb Code     4  startup_lpc55s69_cm33_core0.o(.text)
    PIN_INT1_IRQHandler                      0x00000651   Thumb Code     4  startup_lpc55s69_cm33_core0.o(.text)
    PIN_INT2_IRQHandler                      0x00000655   Thumb Code     4  startup_lpc55s69_cm33_core0.o(.text)
    PIN_INT3_IRQHandler                      0x00000659   Thumb Code     4  startup_lpc55s69_cm33_core0.o(.text)
    UTICK0_IRQHandler                        0x0000065d   Thumb Code     4  startup_lpc55s69_cm33_core0.o(.text)
    MRT0_IRQHandler                          0x00000661   Thumb Code     4  startup_lpc55s69_cm33_core0.o(.text)
    CTIMER0_IRQHandler                       0x00000665   Thumb Code     4  startup_lpc55s69_cm33_core0.o(.text)
    CTIMER1_IRQHandler                       0x00000669   Thumb Code     4  startup_lpc55s69_cm33_core0.o(.text)
    SCT0_IRQHandler                          0x0000066d   Thumb Code     4  startup_lpc55s69_cm33_core0.o(.text)
    CTIMER3_IRQHandler                       0x00000671   Thumb Code     4  startup_lpc55s69_cm33_core0.o(.text)
    FLEXCOMM0_IRQHandler                     0x00000675   Thumb Code     4  startup_lpc55s69_cm33_core0.o(.text)
    FLEXCOMM1_IRQHandler                     0x00000679   Thumb Code     4  startup_lpc55s69_cm33_core0.o(.text)
    FLEXCOMM2_IRQHandler                     0x0000067d   Thumb Code     4  startup_lpc55s69_cm33_core0.o(.text)
    FLEXCOMM3_IRQHandler                     0x00000681   Thumb Code     4  startup_lpc55s69_cm33_core0.o(.text)
    FLEXCOMM4_IRQHandler                     0x00000685   Thumb Code     4  startup_lpc55s69_cm33_core0.o(.text)
    FLEXCOMM5_IRQHandler                     0x00000689   Thumb Code     4  startup_lpc55s69_cm33_core0.o(.text)
    FLEXCOMM6_IRQHandler                     0x0000068d   Thumb Code     4  startup_lpc55s69_cm33_core0.o(.text)
    FLEXCOMM7_IRQHandler                     0x00000691   Thumb Code     4  startup_lpc55s69_cm33_core0.o(.text)
    ADC0_IRQHandler                          0x00000695   Thumb Code     4  startup_lpc55s69_cm33_core0.o(.text)
    Reserved39_IRQHandler                    0x00000699   Thumb Code     4  startup_lpc55s69_cm33_core0.o(.text)
    ACMP_IRQHandler                          0x0000069d   Thumb Code     4  startup_lpc55s69_cm33_core0.o(.text)
    Reserved41_IRQHandler                    0x000006a1   Thumb Code     4  startup_lpc55s69_cm33_core0.o(.text)
    Reserved42_IRQHandler                    0x000006a5   Thumb Code     4  startup_lpc55s69_cm33_core0.o(.text)
    USB0_NEEDCLK_IRQHandler                  0x000006a9   Thumb Code     4  startup_lpc55s69_cm33_core0.o(.text)
    USB0_IRQHandler                          0x000006ad   Thumb Code     4  startup_lpc55s69_cm33_core0.o(.text)
    RTC_IRQHandler                           0x000006b1   Thumb Code     4  startup_lpc55s69_cm33_core0.o(.text)
    Reserved46_IRQHandler                    0x000006b5   Thumb Code     4  startup_lpc55s69_cm33_core0.o(.text)
    MAILBOX_IRQHandler                       0x000006b9   Thumb Code     4  startup_lpc55s69_cm33_core0.o(.text)
    PIN_INT4_IRQHandler                      0x000006bd   Thumb Code     4  startup_lpc55s69_cm33_core0.o(.text)
    PIN_INT5_IRQHandler                      0x000006c1   Thumb Code     4  startup_lpc55s69_cm33_core0.o(.text)
    PIN_INT6_IRQHandler                      0x000006c5   Thumb Code     4  startup_lpc55s69_cm33_core0.o(.text)
    PIN_INT7_IRQHandler                      0x000006c9   Thumb Code     4  startup_lpc55s69_cm33_core0.o(.text)
    CTIMER2_IRQHandler                       0x000006cd   Thumb Code     4  startup_lpc55s69_cm33_core0.o(.text)
    CTIMER4_IRQHandler                       0x000006d1   Thumb Code     4  startup_lpc55s69_cm33_core0.o(.text)
    OS_EVENT_IRQHandler                      0x000006d5   Thumb Code     4  startup_lpc55s69_cm33_core0.o(.text)
    Reserved55_IRQHandler                    0x000006d9   Thumb Code     4  startup_lpc55s69_cm33_core0.o(.text)
    Reserved56_IRQHandler                    0x000006dd   Thumb Code     4  startup_lpc55s69_cm33_core0.o(.text)
    Reserved57_IRQHandler                    0x000006e1   Thumb Code     4  startup_lpc55s69_cm33_core0.o(.text)
    SDIO_IRQHandler                          0x000006e5   Thumb Code     4  startup_lpc55s69_cm33_core0.o(.text)
    Reserved59_IRQHandler                    0x000006e9   Thumb Code     4  startup_lpc55s69_cm33_core0.o(.text)
    Reserved60_IRQHandler                    0x000006ed   Thumb Code     4  startup_lpc55s69_cm33_core0.o(.text)
    Reserved61_IRQHandler                    0x000006f1   Thumb Code     4  startup_lpc55s69_cm33_core0.o(.text)
    USB1_PHY_IRQHandler                      0x000006f5   Thumb Code     4  startup_lpc55s69_cm33_core0.o(.text)
    USB1_IRQHandler                          0x000006f9   Thumb Code     4  startup_lpc55s69_cm33_core0.o(.text)
    USB1_NEEDCLK_IRQHandler                  0x000006fd   Thumb Code     4  startup_lpc55s69_cm33_core0.o(.text)
    SEC_HYPERVISOR_CALL_IRQHandler           0x00000701   Thumb Code     4  startup_lpc55s69_cm33_core0.o(.text)
    SEC_GPIO_INT0_IRQ0_IRQHandler            0x00000705   Thumb Code     4  startup_lpc55s69_cm33_core0.o(.text)
    SEC_GPIO_INT0_IRQ1_IRQHandler            0x00000709   Thumb Code     4  startup_lpc55s69_cm33_core0.o(.text)
    PLU_IRQHandler                           0x0000070d   Thumb Code     4  startup_lpc55s69_cm33_core0.o(.text)
    SEC_VIO_IRQHandler                       0x00000711   Thumb Code     4  startup_lpc55s69_cm33_core0.o(.text)
    HASHCRYPT_IRQHandler                     0x00000715   Thumb Code     4  startup_lpc55s69_cm33_core0.o(.text)
    CASER_IRQHandler                         0x00000719   Thumb Code     4  startup_lpc55s69_cm33_core0.o(.text)
    PUF_IRQHandler                           0x0000071d   Thumb Code     4  startup_lpc55s69_cm33_core0.o(.text)
    PQ_IRQHandler                            0x00000721   Thumb Code     4  startup_lpc55s69_cm33_core0.o(.text)
    DMA1_IRQHandler                          0x00000725   Thumb Code     4  startup_lpc55s69_cm33_core0.o(.text)
    FLEXCOMM8_IRQHandler                     0x00000729   Thumb Code     4  startup_lpc55s69_cm33_core0.o(.text)
    __aeabi_uldivmod                         0x00000831   Thumb Code     0  lludivv7m.o(.text)
    _ll_udiv                                 0x00000831   Thumb Code   240  lludivv7m.o(.text)
    exit                                     0x00000921   Thumb Code    18  exit.o(.text)
    strlen                                   0x00000933   Thumb Code    62  strlen.o(.text)
    __aeabi_memcpy                           0x00000971   Thumb Code     0  rt_memcpy_v6.o(.text)
    __rt_memcpy                              0x00000971   Thumb Code   138  rt_memcpy_v6.o(.text)
    _memcpy_lastbytes                        0x000009d7   Thumb Code     0  rt_memcpy_v6.o(.text)
    __aeabi_memset4                          0x000009fb   Thumb Code    16  aeabi_memset4.o(.text)
    __aeabi_memset8                          0x000009fb   Thumb Code     0  aeabi_memset4.o(.text)
    __aeabi_memclr                           0x00000a0b   Thumb Code     0  rt_memclr.o(.text)
    __rt_memclr                              0x00000a0b   Thumb Code     0  rt_memclr.o(.text)
    _memset                                  0x00000a0f   Thumb Code    64  rt_memclr.o(.text)
    __aeabi_memclr4                          0x00000a4f   Thumb Code     0  rt_memclr_w.o(.text)
    __aeabi_memclr8                          0x00000a4f   Thumb Code     0  rt_memclr_w.o(.text)
    __rt_memclr_w                            0x00000a4f   Thumb Code     0  rt_memclr_w.o(.text)
    _memset_w                                0x00000a53   Thumb Code    74  rt_memclr_w.o(.text)
    __aeabi_memcpy4                          0x00000a9d   Thumb Code     0  rt_memcpy_w.o(.text)
    __aeabi_memcpy8                          0x00000a9d   Thumb Code     0  rt_memcpy_w.o(.text)
    __rt_memcpy_w                            0x00000a9d   Thumb Code   100  rt_memcpy_w.o(.text)
    _memcpy_lastbytes_aligned                0x00000ae5   Thumb Code     0  rt_memcpy_w.o(.text)
    _fp_init                                 0x00000b01   Thumb Code    22  rtx_lib.o(.text.$Sub$$_fp_init)
    BOARD_BootClockPLL150M                   0x00000b19   Thumb Code   240  clock_config.o(.text.BOARD_BootClockPLL150M)
    BOARD_InitBootClocks                     0x00000c09   Thumb Code     4  clock_config.o(.text.BOARD_InitBootClocks)
    BOARD_InitBootPeripherals                0x00000c0d   Thumb Code     2  peripherals.o(.text.BOARD_InitBootPeripherals)
    BOARD_InitBootPins                       0x00000c11   Thumb Code   216  pin_mux.o(.text.BOARD_InitBootPins)
    BOARD_InitDebugConsole                   0x00000ce9   Thumb Code    44  board.o(.text.BOARD_InitDebugConsole)
    CLOCK_AttachClk                          0x00000d15   Thumb Code    90  fsl_clock.o(.text.CLOCK_AttachClk)
    CLOCK_SetClkDiv                          0x00000d71   Thumb Code    56  fsl_clock.o(.text.CLOCK_SetClkDiv)
    CLOCK_SetFLASHAccessCyclesForFreq        0x00000da9   Thumb Code   258  fsl_clock.o(.text.CLOCK_SetFLASHAccessCyclesForFreq)
    CLOCK_SetPLL0Freq                        0x00000ead   Thumb Code   322  fsl_clock.o(.text.CLOCK_SetPLL0Freq)
    CLOCK_SetupExtClocking                   0x00000ff1   Thumb Code    64  fsl_clock.o(.text.CLOCK_SetupExtClocking)
    CLOCK_SetupFROClocking                   0x00001031   Thumb Code   100  fsl_clock.o(.text.CLOCK_SetupFROClocking)
    DMA0_DriverIRQHandler                    0x00001095   Thumb Code    12  fsl_dma.o(.text.DMA0_DriverIRQHandler)
    DMA1_DriverIRQHandler                    0x000010a1   Thumb Code    12  fsl_dma.o(.text.DMA1_DriverIRQHandler)
    DMA_IRQHandle                            0x000010ad   Thumb Code   232  fsl_dma.o(.text.DMA_IRQHandle)
    DbgConsole_Init                          0x00001195   Thumb Code   154  fsl_debug_console.o(.text.DbgConsole_Init)
    DbgConsole_Printf                        0x000012a5   Thumb Code   108  fsl_debug_console.o(.text.DbgConsole_Printf)
    EventRecord2                             0x00001311   Thumb Code   406  eventrecorder.o(.text.EventRecord2)
    EventRecord4                             0x000014a9   Thumb Code   682  eventrecorder.o(.text.EventRecord4)
    EventRecorderTimerGetCount               0x00001755   Thumb Code    12  eventrecorder.o(.text.EventRecorderTimerGetCount)
    EvrRtxDelay                              0x00001761   Thumb Code    16  rtx_evr.o(.text.EvrRtxDelay)
    EvrRtxDelayCompleted                     0x00001771   Thumb Code    16  rtx_evr.o(.text.EvrRtxDelayCompleted)
    EvrRtxDelayError                         0x00001781   Thumb Code    12  rtx_evr.o(.text.EvrRtxDelayError)
    EvrRtxDelayStarted                       0x0000178d   Thumb Code    16  rtx_evr.o(.text.EvrRtxDelayStarted)
    EvrRtxEventFlagsWaitTimeout              0x0000179d   Thumb Code    16  rtx_evr.o(.text.EvrRtxEventFlagsWaitTimeout)
    EvrRtxKernelError                        0x000017ad   Thumb Code    12  rtx_evr.o(.text.EvrRtxKernelError)
    EvrRtxKernelErrorNotify                  0x000017b9   Thumb Code    12  rtx_evr.o(.text.EvrRtxKernelErrorNotify)
    EvrRtxKernelGetState                     0x000017c5   Thumb Code    16  rtx_evr.o(.text.EvrRtxKernelGetState)
    EvrRtxKernelInitialize                   0x000017d5   Thumb Code    16  rtx_evr.o(.text.EvrRtxKernelInitialize)
    EvrRtxKernelInitialized                  0x000017e5   Thumb Code    16  rtx_evr.o(.text.EvrRtxKernelInitialized)
    EvrRtxKernelStart                        0x000017f5   Thumb Code    16  rtx_evr.o(.text.EvrRtxKernelStart)
    EvrRtxKernelStarted                      0x00001805   Thumb Code    16  rtx_evr.o(.text.EvrRtxKernelStarted)
    EvrRtxMemoryAlloc                        0x00001815   Thumb Code    32  rtx_evr.o(.text.EvrRtxMemoryAlloc)
    EvrRtxMemoryBlockAlloc                   0x00001835   Thumb Code    16  rtx_evr.o(.text.EvrRtxMemoryBlockAlloc)
    EvrRtxMemoryBlockFree                    0x00001845   Thumb Code    34  rtx_evr.o(.text.EvrRtxMemoryBlockFree)
    EvrRtxMemoryBlockInit                    0x00001869   Thumb Code    32  rtx_evr.o(.text.EvrRtxMemoryBlockInit)
    EvrRtxMemoryFree                         0x00001889   Thumb Code    34  rtx_evr.o(.text.EvrRtxMemoryFree)
    EvrRtxMemoryInit                         0x000018ad   Thumb Code    30  rtx_evr.o(.text.EvrRtxMemoryInit)
    EvrRtxMemoryPoolAllocTimeout             0x000018cd   Thumb Code    16  rtx_evr.o(.text.EvrRtxMemoryPoolAllocTimeout)
    EvrRtxMessageQueueCreated                0x000018dd   Thumb Code    16  rtx_evr.o(.text.EvrRtxMessageQueueCreated)
    EvrRtxMessageQueueError                  0x000018ed   Thumb Code    12  rtx_evr.o(.text.EvrRtxMessageQueueError)
    EvrRtxMessageQueueGet                    0x000018f9   Thumb Code    32  rtx_evr.o(.text.EvrRtxMessageQueueGet)
    EvrRtxMessageQueueGetPending             0x00001919   Thumb Code    34  rtx_evr.o(.text.EvrRtxMessageQueueGetPending)
    EvrRtxMessageQueueGetTimeout             0x0000193d   Thumb Code    16  rtx_evr.o(.text.EvrRtxMessageQueueGetTimeout)
    EvrRtxMessageQueueInsertPending          0x0000194d   Thumb Code    16  rtx_evr.o(.text.EvrRtxMessageQueueInsertPending)
    EvrRtxMessageQueueInserted               0x0000195d   Thumb Code    16  rtx_evr.o(.text.EvrRtxMessageQueueInserted)
    EvrRtxMessageQueueNotInserted            0x0000196d   Thumb Code    16  rtx_evr.o(.text.EvrRtxMessageQueueNotInserted)
    EvrRtxMessageQueueNotRetrieved           0x0000197d   Thumb Code    16  rtx_evr.o(.text.EvrRtxMessageQueueNotRetrieved)
    EvrRtxMessageQueuePut                    0x0000198d   Thumb Code    32  rtx_evr.o(.text.EvrRtxMessageQueuePut)
    EvrRtxMessageQueuePutPending             0x000019ad   Thumb Code    34  rtx_evr.o(.text.EvrRtxMessageQueuePutPending)
    EvrRtxMessageQueuePutTimeout             0x000019d1   Thumb Code    16  rtx_evr.o(.text.EvrRtxMessageQueuePutTimeout)
    EvrRtxMessageQueueRetrieved              0x000019e1   Thumb Code    16  rtx_evr.o(.text.EvrRtxMessageQueueRetrieved)
    EvrRtxMutexAcquire                       0x000019f1   Thumb Code    16  rtx_evr.o(.text.EvrRtxMutexAcquire)
    EvrRtxMutexAcquirePending                0x00001a01   Thumb Code    16  rtx_evr.o(.text.EvrRtxMutexAcquirePending)
    EvrRtxMutexAcquireTimeout                0x00001a11   Thumb Code    16  rtx_evr.o(.text.EvrRtxMutexAcquireTimeout)
    EvrRtxMutexAcquired                      0x00001a21   Thumb Code    16  rtx_evr.o(.text.EvrRtxMutexAcquired)
    EvrRtxMutexCreated                       0x00001a31   Thumb Code    16  rtx_evr.o(.text.EvrRtxMutexCreated)
    EvrRtxMutexDelete                        0x00001a41   Thumb Code    16  rtx_evr.o(.text.EvrRtxMutexDelete)
    EvrRtxMutexDestroyed                     0x00001a51   Thumb Code    16  rtx_evr.o(.text.EvrRtxMutexDestroyed)
    EvrRtxMutexError                         0x00001a61   Thumb Code    12  rtx_evr.o(.text.EvrRtxMutexError)
    EvrRtxMutexNew                           0x00001a6d   Thumb Code    16  rtx_evr.o(.text.EvrRtxMutexNew)
    EvrRtxMutexNotAcquired                   0x00001a7d   Thumb Code    16  rtx_evr.o(.text.EvrRtxMutexNotAcquired)
    EvrRtxMutexRelease                       0x00001a8d   Thumb Code    16  rtx_evr.o(.text.EvrRtxMutexRelease)
    EvrRtxMutexReleased                      0x00001a9d   Thumb Code    16  rtx_evr.o(.text.EvrRtxMutexReleased)
    EvrRtxSemaphoreAcquireTimeout            0x00001aad   Thumb Code    16  rtx_evr.o(.text.EvrRtxSemaphoreAcquireTimeout)
    EvrRtxThreadBlocked                      0x00001abd   Thumb Code    16  rtx_evr.o(.text.EvrRtxThreadBlocked)
    EvrRtxThreadCreated                      0x00001acd   Thumb Code    24  rtx_evr.o(.text.EvrRtxThreadCreated)
    EvrRtxThreadDestroyed                    0x00001ae5   Thumb Code    16  rtx_evr.o(.text.EvrRtxThreadDestroyed)
    EvrRtxThreadError                        0x00001af5   Thumb Code    12  rtx_evr.o(.text.EvrRtxThreadError)
    EvrRtxThreadExit                         0x00001b01   Thumb Code    16  rtx_evr.o(.text.EvrRtxThreadExit)
    EvrRtxThreadFlagsError                   0x00001b11   Thumb Code    12  rtx_evr.o(.text.EvrRtxThreadFlagsError)
    EvrRtxThreadFlagsSet                     0x00001b1d   Thumb Code    16  rtx_evr.o(.text.EvrRtxThreadFlagsSet)
    EvrRtxThreadFlagsSetDone                 0x00001b2d   Thumb Code    16  rtx_evr.o(.text.EvrRtxThreadFlagsSetDone)
    EvrRtxThreadFlagsWait                    0x00001b3d   Thumb Code    34  rtx_evr.o(.text.EvrRtxThreadFlagsWait)
    EvrRtxThreadFlagsWaitCompleted           0x00001b61   Thumb Code    32  rtx_evr.o(.text.EvrRtxThreadFlagsWaitCompleted)
    EvrRtxThreadFlagsWaitNotCompleted        0x00001b81   Thumb Code    16  rtx_evr.o(.text.EvrRtxThreadFlagsWaitNotCompleted)
    EvrRtxThreadFlagsWaitPending             0x00001b91   Thumb Code    34  rtx_evr.o(.text.EvrRtxThreadFlagsWaitPending)
    EvrRtxThreadFlagsWaitTimeout             0x00001bb5   Thumb Code    16  rtx_evr.o(.text.EvrRtxThreadFlagsWaitTimeout)
    EvrRtxThreadJoined                       0x00001bc5   Thumb Code    16  rtx_evr.o(.text.EvrRtxThreadJoined)
    EvrRtxThreadNew                          0x00001bd5   Thumb Code    34  rtx_evr.o(.text.EvrRtxThreadNew)
    EvrRtxThreadPreempted                    0x00001bf9   Thumb Code    16  rtx_evr.o(.text.EvrRtxThreadPreempted)
    EvrRtxThreadSwitched                     0x00001c09   Thumb Code    16  rtx_evr.o(.text.EvrRtxThreadSwitched)
    EvrRtxThreadUnblocked                    0x00001c19   Thumb Code    16  rtx_evr.o(.text.EvrRtxThreadUnblocked)
    EvrRtxTimerCallback                      0x00001c29   Thumb Code    16  rtx_evr.o(.text.EvrRtxTimerCallback)
    FLEXCOMM0_DriverIRQHandler               0x00001c39   Thumb Code    48  fsl_flexcomm.o(.text.FLEXCOMM0_DriverIRQHandler)
    FLEXCOMM1_DriverIRQHandler               0x00001c81   Thumb Code    48  fsl_flexcomm.o(.text.FLEXCOMM1_DriverIRQHandler)
    FLEXCOMM2_DriverIRQHandler               0x00001cc9   Thumb Code    48  fsl_flexcomm.o(.text.FLEXCOMM2_DriverIRQHandler)
    FLEXCOMM3_DriverIRQHandler               0x00001d11   Thumb Code    48  fsl_flexcomm.o(.text.FLEXCOMM3_DriverIRQHandler)
    FLEXCOMM4_DriverIRQHandler               0x00001d59   Thumb Code    48  fsl_flexcomm.o(.text.FLEXCOMM4_DriverIRQHandler)
    FLEXCOMM5_DriverIRQHandler               0x00001da1   Thumb Code    48  fsl_flexcomm.o(.text.FLEXCOMM5_DriverIRQHandler)
    FLEXCOMM6_DriverIRQHandler               0x00001de9   Thumb Code    48  fsl_flexcomm.o(.text.FLEXCOMM6_DriverIRQHandler)
    FLEXCOMM7_DriverIRQHandler               0x00001e31   Thumb Code    48  fsl_flexcomm.o(.text.FLEXCOMM7_DriverIRQHandler)
    FLEXCOMM8_DriverIRQHandler               0x00001e79   Thumb Code    52  fsl_flexcomm.o(.text.FLEXCOMM8_DriverIRQHandler)
    FLEXCOMM_Init                            0x00001ec5   Thumb Code   168  fsl_flexcomm.o(.text.FLEXCOMM_Init)
    GPIO_PinInit                             0x00001f91   Thumb Code   130  fsl_gpio.o(.text.GPIO_PinInit)
    HAL_UartInit                             0x00002015   Thumb Code   204  fsl_adapter_usart.o(.text.HAL_UartInit)
    HAL_UartSendBlocking                     0x000020e9   Thumb Code   102  fsl_adapter_usart.o(.text.HAL_UartSendBlocking)
    OS_Tick_AcknowledgeIRQ                   0x00002151   Thumb Code    12  os_systick.o(.text.OS_Tick_AcknowledgeIRQ)
    OS_Tick_Enable                           0x0000215d   Thumb Code    50  os_systick.o(.text.OS_Tick_Enable)
    OS_Tick_GetIRQn                          0x00002191   Thumb Code     6  os_systick.o(.text.OS_Tick_GetIRQn)
    OS_Tick_Setup                            0x00002199   Thumb Code    72  os_systick.o(.text.OS_Tick_Setup)
    POWER_SetVoltageForFreq                  0x000021e1   Thumb Code    44  fsl_power_lib.o(.text.POWER_SetVoltageForFreq)
    RESET_ClearPeripheralReset               0x0000220d   Thumb Code    66  fsl_reset.o(.text.RESET_ClearPeripheralReset)
    RESET_PeripheralReset                    0x00002251   Thumb Code    82  fsl_reset.o(.text.RESET_PeripheralReset)
    SDK_DelayAtLeastUs                       0x000022a5   Thumb Code    80  fsl_common.o(.text.SDK_DelayAtLeastUs)
    SerialManager_Init                       0x0000231d   Thumb Code    46  fsl_component_serial_manager.o(.text.SerialManager_Init)
    SerialManager_OpenReadHandle             0x0000234d   Thumb Code    42  fsl_component_serial_manager.o(.text.SerialManager_OpenReadHandle)
    SerialManager_OpenWriteHandle            0x00002379   Thumb Code    34  fsl_component_serial_manager.o(.text.SerialManager_OpenWriteHandle)
    SerialManager_WriteBlocking              0x0000239d   Thumb Code    42  fsl_component_serial_manager.o(.text.SerialManager_WriteBlocking)
    Serial_UartInit                          0x000023c9   Thumb Code    30  fsl_component_serial_port_uart.o(.text.Serial_UartInit)
    Serial_UartWrite                         0x000023e9   Thumb Code    22  fsl_component_serial_port_uart.o(.text.Serial_UartWrite)
    StrFormatPrintf                          0x00002401   Thumb Code   728  fsl_str.o(.text.StrFormatPrintf)
    SystemCoreClockUpdate                    0x000026d9   Thumb Code   730  system_lpc55s69_cm33_core0.o(.text.SystemCoreClockUpdate)
    SystemInit                               0x000029b5   Thumb Code    68  system_lpc55s69_cm33_core0.o(.text.SystemInit)
    SystemInitHook                           0x000029f9   Thumb Code     2  system_lpc55s69_cm33_core0.o(.text.SystemInitHook)
    USART_GetDefaultConfig                   0x000029fd   Thumb Code    56  fsl_usart.o(.text.USART_GetDefaultConfig)
    USART_Init                               0x00002a45   Thumb Code   316  fsl_usart.o(.text.USART_Init)
    USART_SetBaudRate                        0x00002bc1   Thumb Code   232  fsl_usart.o(.text.USART_SetBaudRate)
    USART_WriteBlocking                      0x00002ca9   Thumb Code    74  fsl_usart.o(.text.USART_WriteBlocking)
    WR_BYTE_AND_CHECK_MP_                    0x00002cf5   Thumb Code    14  platform_lpc55s69sdk.o(.text.WR_BYTE_AND_CHECK_MP_)
    __aeabi_assert                           0x00002d05   Thumb Code    16  fsl_assert.o(.text.__aeabi_assert)
    _mutex_acquire                           0x00002d41   Thumb Code    50  rtx_lib.o(.text._mutex_acquire)
    _mutex_free                              0x00002d75   Thumb Code     6  rtx_lib.o(.text._mutex_free)
    _mutex_initialize                        0x00002d7d   Thumb Code    32  rtx_lib.o(.text._mutex_initialize)
    _mutex_release                           0x00002d9d   Thumb Code    46  rtx_lib.o(.text._mutex_release)
    _platform_post_stackheap_init            0x00002dcd   Thumb Code     4  rtx_lib.o(.text._platform_post_stackheap_init)
    _sys_exit                                0x00002dd1   Thumb Code     2  fsl_debug_console.o(.text._sys_exit)
    app_initialize                           0x00002dd5   Thumb Code    16  blinky.o(.text.app_initialize)
    arm_biquad_cascade_df1_fast_q15          0x00003089   Thumb Code   146  arm_biquad_cascade_df1_fast_q15.o(.text.arm_biquad_cascade_df1_fast_q15)
    arm_biquad_cascade_df1_init_q15          0x0000311d   Thumb Code    26  arm_biquad_cascade_df1_init_q15.o(.text.arm_biquad_cascade_df1_init_q15)
    arm_graph_interpreter                    0x00003139   Thumb Code   758  stream_graph_interpreter.o(.text.arm_graph_interpreter)
    arm_stream_detector                      0x00003431   Thumb Code   200  arm_stream_detector.o(.text.arm_stream_detector)
    arm_stream_detector_process              0x000034f9   Thumb Code   488  arm_stream_detector_process.o(.text.arm_stream_detector_process)
    arm_stream_filter                        0x000036e1   Thumb Code   168  arm_stream_filter.o(.text.arm_stream_filter)
    arm_stream_services                      0x00003789   Thumb Code    22  stream_services.o(.text.arm_stream_services)
    gpio_out_0_set_stream                    0x0000382d   Thumb Code    32  platform_lpc55s69sdk.o(.text.gpio_out_0_set_stream)
    gpio_out_0_start_data_move               0x0000384d   Thumb Code    68  platform_lpc55s69sdk.o(.text.gpio_out_0_start_data_move)
    gpio_out_0_stop_stream                   0x00003891   Thumb Code     4  platform_lpc55s69sdk.o(.text.gpio_out_0_stop_stream)
    lin2pack                                 0x00003895   Thumb Code    48  stream_scheduler.o(.text.lin2pack)
    main                                     0x00003a6d   Thumb Code    38  main.o(.text.main)
    main_demo                                0x00003a95   Thumb Code    88  main_lpc55s69sdk.o(.text.main_demo)
    osDelay                                  0x00003aed   Thumb Code    54  rtx_delay.o(.text.osDelay)
    osKernelGetState                         0x00003b25   Thumb Code    60  rtx_kernel.o(.text.osKernelGetState)
    osKernelInitialize                       0x00003b61   Thumb Code    54  rtx_kernel.o(.text.osKernelInitialize)
    osKernelStart                            0x00003b99   Thumb Code    50  rtx_kernel.o(.text.osKernelStart)
    osMessageQueueGet                        0x00003bcd   Thumb Code   212  rtx_msgqueue.o(.text.osMessageQueueGet)
    osMessageQueuePut                        0x00003ca1   Thumb Code   162  rtx_msgqueue.o(.text.osMessageQueuePut)
    osMutexAcquire                           0x00003d45   Thumb Code    60  rtx_mutex.o(.text.osMutexAcquire)
    osMutexDelete                            0x00003d81   Thumb Code    56  rtx_mutex.o(.text.osMutexDelete)
    osMutexNew                               0x00003db9   Thumb Code    56  rtx_mutex.o(.text.osMutexNew)
    osMutexRelease                           0x00003df1   Thumb Code    56  rtx_mutex.o(.text.osMutexRelease)
    osRtxErrorNotify                         0x00003e29   Thumb Code     2  rtx_config.o(.text.osRtxErrorNotify)
    osRtxIdleThread                          0x00003e2d   Thumb Code     2  rtx_config.o(.text.osRtxIdleThread)
    osRtxKernelErrorNotify                   0x00003e31   Thumb Code    22  rtx_kernel.o(.text.osRtxKernelErrorNotify)
    osRtxKernelPreInit                       0x00003e49   Thumb Code     2  rtx_kernel.o(.text.osRtxKernelPreInit)
    osRtxMemoryAlloc                         0x00003e4d   Thumb Code   128  rtx_memory.o(.text.osRtxMemoryAlloc)
    osRtxMemoryFree                          0x00003ecd   Thumb Code    90  rtx_memory.o(.text.osRtxMemoryFree)
    osRtxMemoryInit                          0x00003f29   Thumb Code    64  rtx_memory.o(.text.osRtxMemoryInit)
    osRtxMemoryPoolAlloc                     0x00003f69   Thumb Code    68  rtx_mempool.o(.text.osRtxMemoryPoolAlloc)
    osRtxMemoryPoolFree                      0x00003fad   Thumb Code    86  rtx_mempool.o(.text.osRtxMemoryPoolFree)
    osRtxMemoryPoolInit                      0x00004005   Thumb Code    96  rtx_mempool.o(.text.osRtxMemoryPoolInit)
    osRtxMessageQueueTimerSetup              0x00004221   Thumb Code    44  rtx_msgqueue.o(.text.osRtxMessageQueueTimerSetup)
    osRtxMutexOwnerRelease                   0x0000424d   Thumb Code   102  rtx_mutex.o(.text.osRtxMutexOwnerRelease)
    osRtxMutexOwnerRestore                   0x000042b5   Thumb Code    80  rtx_mutex.o(.text.osRtxMutexOwnerRestore)
    osRtxPendSV_Handler                      0x00004305   Thumb Code   136  rtx_system.o(.text.osRtxPendSV_Handler)
    osRtxPostProcess                         0x000043b1   Thumb Code   118  rtx_system.o(.text.osRtxPostProcess)
    osRtxThreadDelayTick                     0x00004429   Thumb Code   356  rtx_thread.o(.text.osRtxThreadDelayTick)
    osRtxThreadDispatch                      0x0000458d   Thumb Code   234  rtx_thread.o(.text.osRtxThreadDispatch)
    osRtxThreadListGet                       0x000046dd   Thumb Code    20  rtx_thread.o(.text.osRtxThreadListGet)
    osRtxThreadListPut                       0x000046f1   Thumb Code    44  rtx_thread.o(.text.osRtxThreadListPut)
    osRtxThreadListRemove                    0x0000471d   Thumb Code    26  rtx_thread.o(.text.osRtxThreadListRemove)
    osRtxThreadListSort                      0x00004739   Thumb Code   112  rtx_thread.o(.text.osRtxThreadListSort)
    osRtxThreadReadyPut                      0x00004849   Thumb Code    60  rtx_thread.o(.text.osRtxThreadReadyPut)
    osRtxThreadRegPtr                        0x00004885   Thumb Code    20  rtx_thread.o(.text.osRtxThreadRegPtr)
    osRtxThreadStackCheck                    0x00004899   Thumb Code    32  rtx_thread.o(.text.osRtxThreadStackCheck)
    osRtxThreadStartup                       0x000048b9   Thumb Code    76  rtx_thread.o(.text.osRtxThreadStartup)
    osRtxThreadSwitch                        0x00004905   Thumb Code    18  rtx_thread.o(.text.osRtxThreadSwitch)
    osRtxThreadWaitEnter                     0x00004919   Thumb Code   216  rtx_thread.o(.text.osRtxThreadWaitEnter)
    osRtxThreadWaitExit                      0x000049f1   Thumb Code   164  rtx_thread.o(.text.osRtxThreadWaitExit)
    osRtxTick_Handler                        0x00004a95   Thumb Code   132  rtx_system.o(.text.osRtxTick_Handler)
    osRtxTimerSetup                          0x00004b19   Thumb Code    38  rtx_timer.o(.text.osRtxTimerSetup)
    osRtxTimerThread                         0x00004b41   Thumb Code    42  rtx_timer.o(.text.osRtxTimerThread)
    osThreadExit                             0x00004c35   Thumb Code    26  rtx_thread.o(.text.osThreadExit)
    osThreadFlagsSet                         0x00004c51   Thumb Code   130  rtx_thread.o(.text.osThreadFlagsSet)
    osThreadFlagsWait                        0x00004cd5   Thumb Code    64  rtx_thread.o(.text.osThreadFlagsWait)
    osThreadNew                              0x00004d15   Thumb Code    64  rtx_thread.o(.text.osThreadNew)
    pack2linaddr_ptr                         0x00004d55   Thumb Code    30  stream_scheduler.o(.text.pack2linaddr_ptr)
    platform_al                              0x00004d75   Thumb Code   202  platform_al.o(.text.platform_al)
    platform_specific_long_offset            0x00004e41   Thumb Code    26  platform_lpc55s69sdk.o(.text.platform_specific_long_offset)
    platform_specific_processor_arch_iomask  0x00004e5d   Thumb Code    26  platform_lpc55s69sdk.o(.text.platform_specific_processor_arch_iomask)
    stream_in_0_set_stream                   0x00004e79   Thumb Code    26  platform_lpc55s69sdk.o(.text.stream_in_0_set_stream)
    stream_in_0_start_data_move              0x00004e95   Thumb Code    88  platform_lpc55s69sdk.o(.text.stream_in_0_start_data_move)
    stream_in_0_stop_stream                  0x00004eed   Thumb Code     4  platform_lpc55s69sdk.o(.text.stream_in_0_stop_stream)
    stream_scan_graph                        0x00004ef1   Thumb Code  1680  stream_scheduler.o(.text.stream_scan_graph)
    trace_set                                0x00006599   Thumb Code    16  platform_lpc55s69sdk.o(.text.trace_set)
    trace_start                              0x000065a9   Thumb Code    16  platform_lpc55s69sdk.o(.text.trace_start)
    trace_stop                               0x000065b9   Thumb Code     4  platform_lpc55s69sdk.o(.text.trace_stop)
    vioGetSignal                             0x000065bd   Thumb Code    98  vio_lpcxpresso55s69.o(.text.vioGetSignal)
    vioInit                                  0x00006621   Thumb Code   292  vio_lpcxpresso55s69.o(.text.vioInit)
    vioSetSignal                             0x00006745   Thumb Code    92  vio_lpcxpresso55s69.o(.text.vioSetSignal)
    __fpl_fnaninf                            0x000067a1   Thumb Code   140  fnaninf.o(x$fpl$fnaninf)
    $Super$$_fp_init                         0x0000682d   Thumb Code    26  fpinit.o(x$fpl$fpinit)
    __fplib_config_fpu_vfp                   0x00006845   Thumb Code     0  fpinit.o(x$fpl$fpinit)
    __fplib_config_pureend_doubles           0x00006845   Thumb Code     0  fpinit.o(x$fpl$fpinit)
    __aeabi_f2ulz                            0x00006849   Thumb Code     0  ffixull.o(x$fpl$llufromf)
    _ll_ufrom_f                              0x00006849   Thumb Code    92  ffixull.o(x$fpl$llufromf)
    __I$use$fp                               0x000068a4   Number         0  usenofp.o(x$fpl$usenofp)
    osRtxConfig                              0x000068a4   Data         112  rtx_lib.o(.rodata)
    os_cb_sections                           0x00006914   Data          56  rtx_lib.o(.rodata)
    EventRecorderInfo                        0x0000694c   Data          24  eventrecorder.o(.rodata.EventRecorderInfo)
    detector_preset                          0x00006994   Data          40  arm_stream_detector.o(.rodata.detector_preset)
    graph_input                              0x000069bc   Data         624  main_lpc55s69sdk.o(.rodata.graph_input)
    osRtxUserSVC                             0x00006c2c   Data           4  rtx_lib.o(.rodata.osRtxUserSVC)
    ptf_in_stream_in_0_data                  0x00006c90   Data           6  platform_lpc55s69sdk.o(.rodata.ptf_in_stream_in_0_data)
    Region$$Table$$Base                      0x00007084   Number         0  anon$$obj.o(Region$$Table)
    Region$$Table$$Limit                     0x000070a4   Number         0  anon$$obj.o(Region$$Table)
    SystemCoreClock                          0x20000000   Data           4  system_lpc55s69_cm33_core0.o(.data.SystemCoreClock)
    node_entry_point_table                   0x20000004   Data          80  stream_nodes.o(.data.node_entry_point_table)
    osRtxInfo                                0x20000054   Data         164  rtx_kernel.o(.data.os)
    platform_io                              0x200000f8   Data         132  platform_lpc55s69sdk.o(.data.platform_io)
    platform_io_callback_parameter           0x20000184   Data          44  platform_al.o(.graph_interpreter_section)
    application_callbacks                    0x20000634   Data          16  main_lpc55s69sdk.o(.bss.application_callbacks)
    g_serialHandle                           0x20000644   Data           4  fsl_debug_console.o(.bss.g_serialHandle)
    long_offset                              0x20000648   Data           8  platform_lpc55s69sdk.o(.bss.long_offset)
    .bss.os.msgqueue.cb$$Base                0x20006454   Number         0  rtx_lib.o(.bss.os.msgqueue.cb)
    .bss.os.msgqueue.cb$$Limit               0x20006488   Number         0  rtx_lib.o(.bss.os.msgqueue.cb)
    .bss.os.thread.cb$$Base                  0x200064d8   Number         0  rtx_lib.o(.bss.os.thread.cb)
    .bss.os.thread.cb$$Limit                 0x20006560   Number         0  rtx_lib.o(.bss.os.thread.cb)
    platform_iocontrol                       0x20006966   Data          11  platform_lpc55s69sdk.o(.bss.platform_iocontrol)
    ptf_in_gpio_out_data                     0x20006972   Data           6  platform_lpc55s69sdk.o(.bss.ptf_in_gpio_out_data)
    ptr_in_gpio_out_data                     0x20006978   Data           4  platform_lpc55s69sdk.o(.bss.ptr_in_gpio_out_data)
    ptr_in_stream_in_0_data                  0x2000697c   Data           4  platform_lpc55s69sdk.o(.bss.ptr_in_stream_in_0_data)
    ptr_trace                                0x20006980   Data           4  platform_lpc55s69sdk.o(.bss.ptr_trace)
    vioAddrIPv4                              0x20006ac0   Data           8  vio_lpcxpresso55s69.o(.bss.vioAddrIPv4)
    vioAddrIPv6                              0x20006ac8   Data          32  vio_lpcxpresso55s69.o(.bss.vioAddrIPv6)
    vioPrintMem                              0x20006ae8   Data         256  vio_lpcxpresso55s69.o(.bss.vioPrintMem)
    vioSignalIn                              0x20006be8   Data           4  vio_lpcxpresso55s69.o(.bss.vioSignalIn)
    vioSignalOut                             0x20006bec   Data           4  vio_lpcxpresso55s69.o(.bss.vioSignalOut)
    vioValue                                 0x20006bf0   Data          12  vio_lpcxpresso55s69.o(.bss.vioValue)
    vioValueXYZ                              0x20006bfc   Data          36  vio_lpcxpresso55s69.o(.bss.vioValueXYZ)
    Image$$ARM_LIB_HEAP$$ZI$$Base            0x200070e4   Number         0  anon$$obj.o ABSOLUTE
    Image$$ARM_LIB_HEAP$$ZI$$Limit           0x200080e4   Number         0  anon$$obj.o ABSOLUTE
    Image$$ARM_LIB_STACK$$ZI$$Base           0x20043c00   Number         0  anon$$obj.o ABSOLUTE
    Image$$ARM_LIB_STACK$$ZI$$Limit          0x20044000   Number         0  anon$$obj.o ABSOLUTE



==============================================================================

Memory Map of the image

  Image Entry point : 0x00000201

  Load Region LR_m_text (Base: 0x00000000, Size: 0x00007258, Max: 0x00072000, ABSOLUTE, COMPRESSED[0x000070e0])

    Execution Region VECTOR_ROM (Exec base: 0x00000000, Load base: 0x00000000, Size: 0x00000130, Max: 0x00000200, ABSOLUTE)

    Exec Addr    Load Addr    Size         Type   Attr      Idx    E Section Name        Object

    0x00000000   0x00000000   0x00000130   Data   RO         1294    .isr_vector         startup_lpc55s69_cm33_core0.o


    Execution Region ER_m_text (Exec base: 0x00000200, Load base: 0x00000200, Size: 0x00006ea4, Max: 0x00071e00, ABSOLUTE, FIXED)

    Exec Addr    Load Addr    Size         Type   Attr      Idx    E Section Name        Object

    0x00000200   0x00000200   0x00000008   Code   RO         2060  * !!!main             c_w.l(__main.o)
    0x00000208   0x00000208   0x00000034   Code   RO         2465    !!!scatter          c_w.l(__scatter.o)
    0x0000023c   0x0000023c   0x0000003a   Code   RO         2463    !!dczerorl          c_w.l(__dczerorl.o)
    0x00000276   0x00000276   0x00000002   PAD
    0x00000278   0x00000278   0x0000001c   Code   RO         2467    !!handler_zi        c_w.l(__scatter_zi.o)
    0x00000294   0x00000294   0x00000002   Code   RO         2398    .ARM.Collect$$libinit$$00000000  c_w.l(libinit.o)
    0x00000296   0x00000296   0x00000004   Code   RO         2203    .ARM.Collect$$libinit$$00000001  c_w.l(libinit2.o)
    0x0000029a   0x0000029a   0x00000000   Code   RO         2206    .ARM.Collect$$libinit$$00000004  c_w.l(libinit2.o)
    0x0000029a   0x0000029a   0x00000000   Code   RO         2208    .ARM.Collect$$libinit$$00000006  c_w.l(libinit2.o)
    0x0000029a   0x0000029a   0x00000000   Code   RO         2211    .ARM.Collect$$libinit$$0000000C  c_w.l(libinit2.o)
    0x0000029a   0x0000029a   0x00000000   Code   RO         2213    .ARM.Collect$$libinit$$0000000E  c_w.l(libinit2.o)
    0x0000029a   0x0000029a   0x00000000   Code   RO         2215    .ARM.Collect$$libinit$$00000010  c_w.l(libinit2.o)
    0x0000029a   0x0000029a   0x00000000   Code   RO         2218    .ARM.Collect$$libinit$$00000013  c_w.l(libinit2.o)
    0x0000029a   0x0000029a   0x00000000   Code   RO         2220    .ARM.Collect$$libinit$$00000015  c_w.l(libinit2.o)
    0x0000029a   0x0000029a   0x00000000   Code   RO         2222    .ARM.Collect$$libinit$$00000017  c_w.l(libinit2.o)
    0x0000029a   0x0000029a   0x00000000   Code   RO         2224    .ARM.Collect$$libinit$$00000019  c_w.l(libinit2.o)
    0x0000029a   0x0000029a   0x00000000   Code   RO         2226    .ARM.Collect$$libinit$$0000001B  c_w.l(libinit2.o)
    0x0000029a   0x0000029a   0x00000000   Code   RO         2228    .ARM.Collect$$libinit$$0000001D  c_w.l(libinit2.o)
    0x0000029a   0x0000029a   0x00000000   Code   RO         2230    .ARM.Collect$$libinit$$0000001F  c_w.l(libinit2.o)
    0x0000029a   0x0000029a   0x00000000   Code   RO         2232    .ARM.Collect$$libinit$$00000021  c_w.l(libinit2.o)
    0x0000029a   0x0000029a   0x00000000   Code   RO         2234    .ARM.Collect$$libinit$$00000023  c_w.l(libinit2.o)
    0x0000029a   0x0000029a   0x00000000   Code   RO         2236    .ARM.Collect$$libinit$$00000025  c_w.l(libinit2.o)
    0x0000029a   0x0000029a   0x00000000   Code   RO         2238    .ARM.Collect$$libinit$$00000027  c_w.l(libinit2.o)
    0x0000029a   0x0000029a   0x00000000   Code   RO         2242    .ARM.Collect$$libinit$$0000002E  c_w.l(libinit2.o)
    0x0000029a   0x0000029a   0x00000000   Code   RO         2244    .ARM.Collect$$libinit$$00000030  c_w.l(libinit2.o)
    0x0000029a   0x0000029a   0x00000000   Code   RO         2246    .ARM.Collect$$libinit$$00000032  c_w.l(libinit2.o)
    0x0000029a   0x0000029a   0x00000000   Code   RO         2248    .ARM.Collect$$libinit$$00000034  c_w.l(libinit2.o)
    0x0000029a   0x0000029a   0x00000002   Code   RO         2249    .ARM.Collect$$libinit$$00000035  c_w.l(libinit2.o)
    0x0000029c   0x0000029c   0x00000002   Code   RO         2399    .ARM.Collect$$libshutdown$$00000000  c_w.l(libshutdown.o)
    0x0000029e   0x0000029e   0x00000000   Code   RO         2425    .ARM.Collect$$libshutdown$$00000002  c_w.l(libshutdown2.o)
    0x0000029e   0x0000029e   0x00000000   Code   RO         2427    .ARM.Collect$$libshutdown$$00000004  c_w.l(libshutdown2.o)
    0x0000029e   0x0000029e   0x00000000   Code   RO         2430    .ARM.Collect$$libshutdown$$00000007  c_w.l(libshutdown2.o)
    0x0000029e   0x0000029e   0x00000000   Code   RO         2433    .ARM.Collect$$libshutdown$$0000000A  c_w.l(libshutdown2.o)
    0x0000029e   0x0000029e   0x00000000   Code   RO         2435    .ARM.Collect$$libshutdown$$0000000C  c_w.l(libshutdown2.o)
    0x0000029e   0x0000029e   0x00000000   Code   RO         2438    .ARM.Collect$$libshutdown$$0000000F  c_w.l(libshutdown2.o)
    0x0000029e   0x0000029e   0x00000002   Code   RO         2439    .ARM.Collect$$libshutdown$$00000010  c_w.l(libshutdown2.o)
    0x000002a0   0x000002a0   0x00000000   Code   RO         2071    .ARM.Collect$$rtentry$$00000000  c_w.l(__rtentry.o)
    0x000002a0   0x000002a0   0x00000000   Code   RO         2262    .ARM.Collect$$rtentry$$00000002  c_w.l(__rtentry2.o)
    0x000002a0   0x000002a0   0x00000004   Code   RO         2276    .ARM.Collect$$rtentry$$00000007  c_w.l(__rtentry7.o)
    0x000002a4   0x000002a4   0x00000008   Code   RO         2263    .ARM.Collect$$rtentry$$00000008  c_w.l(__rtentry2.o)
    0x000002ac   0x000002ac   0x00000004   Code   RO         2265    .ARM.Collect$$rtentry$$0000000A  c_w.l(__rtentry2.o)
    0x000002b0   0x000002b0   0x00000000   Code   RO         2267    .ARM.Collect$$rtentry$$0000000C  c_w.l(__rtentry2.o)
    0x000002b0   0x000002b0   0x00000008   Code   RO         2268    .ARM.Collect$$rtentry$$0000000D  c_w.l(__rtentry2.o)
    0x000002b8   0x000002b8   0x00000004   Code   RO         2277    .ARM.Collect$$rtentry$$00002718  c_w.l(__rtentry7.o)
    0x000002bc   0x000002bc   0x00000002   Code   RO         2072    .ARM.Collect$$rtexit$$00000000  c_w.l(rtexit.o)
    0x000002be   0x000002be   0x00000000   Code   RO         2282    .ARM.Collect$$rtexit$$00000002  c_w.l(rtexit2.o)
    0x000002be   0x000002be   0x00000004   Code   RO         2283    .ARM.Collect$$rtexit$$00000003  c_w.l(rtexit2.o)
    0x000002c2   0x000002c2   0x00000006   Code   RO         2284    .ARM.Collect$$rtexit$$00000004  c_w.l(rtexit2.o)
    0x000002c8   0x000002c8   0x00000234   Code   RO           52    .graph_interpreter_section  stream_io.o
    0x000004fc   0x000004fc   0x00000108   Code   RO          301    .text               irq_armv8mml.o
    0x00000604   0x00000604   0x0000022c   Code   RO         1293    .text               startup_lpc55s69_cm33_core0.o
    0x00000830   0x00000830   0x000000f0   Code   RO         2042    .text               c_w.l(lludivv7m.o)
    0x00000920   0x00000920   0x00000012   Code   RO         2048    .text               c_w.l(exit.o)
    0x00000932   0x00000932   0x0000003e   Code   RO         2050    .text               c_w.l(strlen.o)
    0x00000970   0x00000970   0x0000008a   Code   RO         2052    .text               c_w.l(rt_memcpy_v6.o)
    0x000009fa   0x000009fa   0x00000010   Code   RO         2054    .text               c_w.l(aeabi_memset4.o)
    0x00000a0a   0x00000a0a   0x00000044   Code   RO         2056    .text               c_w.l(rt_memclr.o)
    0x00000a4e   0x00000a4e   0x0000004e   Code   RO         2058    .text               c_w.l(rt_memclr_w.o)
    0x00000a9c   0x00000a9c   0x00000064   Code   RO         2199    .text               c_w.l(rt_memcpy_w.o)
    0x00000b00   0x00000b00   0x00000016   Code   RO          785    .text.$Sub$$_fp_init  rtx_lib.o
    0x00000b16   0x00000b16   0x00000002   PAD
    0x00000b18   0x00000b18   0x000000f0   Code   RO          250    .text.BOARD_BootClockPLL150M  clock_config.o
    0x00000c08   0x00000c08   0x00000004   Code   RO          248    .text.BOARD_InitBootClocks  clock_config.o
    0x00000c0c   0x00000c0c   0x00000002   Code   RO          267    .text.BOARD_InitBootPeripherals  peripherals.o
    0x00000c0e   0x00000c0e   0x00000002   PAD
    0x00000c10   0x00000c10   0x000000d8   Code   RO          276    .text.BOARD_InitBootPins  pin_mux.o
    0x00000ce8   0x00000ce8   0x0000002c   Code   RO          236    .text.BOARD_InitDebugConsole  board.o
    0x00000d14   0x00000d14   0x0000005a   Code   RO         1402    .text.CLOCK_AttachClk  fsl_clock.o
    0x00000d6e   0x00000d6e   0x00000002   PAD
    0x00000d70   0x00000d70   0x00000038   Code   RO         1406    .text.CLOCK_SetClkDiv  fsl_clock.o
    0x00000da8   0x00000da8   0x00000102   Code   RO         1414    .text.CLOCK_SetFLASHAccessCyclesForFreq  fsl_clock.o
    0x00000eaa   0x00000eaa   0x00000002   PAD
    0x00000eac   0x00000eac   0x00000142   Code   RO         1486    .text.CLOCK_SetPLL0Freq  fsl_clock.o
    0x00000fee   0x00000fee   0x00000002   PAD
    0x00000ff0   0x00000ff0   0x00000040   Code   RO         1416    .text.CLOCK_SetupExtClocking  fsl_clock.o
    0x00001030   0x00001030   0x00000064   Code   RO         1412    .text.CLOCK_SetupFROClocking  fsl_clock.o
    0x00001094   0x00001094   0x0000000c   Code   RO         1579    .text.DMA0_DriverIRQHandler  fsl_dma.o
    0x000010a0   0x000010a0   0x0000000c   Code   RO         1581    .text.DMA1_DriverIRQHandler  fsl_dma.o
    0x000010ac   0x000010ac   0x000000e8   Code   RO         1577    .text.DMA_IRQHandle  fsl_dma.o
    0x00001194   0x00001194   0x0000009a   Code   RO         1870    .text.DbgConsole_Init  fsl_debug_console.o
    0x0000122e   0x0000122e   0x00000002   PAD
    0x00001230   0x00001230   0x00000072   Code   RO         1882    .text.DbgConsole_PrintCallback  fsl_debug_console.o
    0x000012a2   0x000012a2   0x00000002   PAD
    0x000012a4   0x000012a4   0x0000006c   Code   RO         1880    .text.DbgConsole_Printf  fsl_debug_console.o
    0x00001310   0x00001310   0x00000196   Code   RO         1279    .text.EventRecord2  eventrecorder.o
    0x000014a6   0x000014a6   0x00000002   PAD
    0x000014a8   0x000014a8   0x000002aa   Code   RO         1281    .text.EventRecord4  eventrecorder.o
    0x00001752   0x00001752   0x00000002   PAD
    0x00001754   0x00001754   0x0000000c   Code   RO         1263    .text.EventRecorderTimerGetCount  eventrecorder.o
    0x00001760   0x00001760   0x00000010   Code   RO          505    .text.EvrRtxDelay   rtx_evr.o
    0x00001770   0x00001770   0x00000010   Code   RO          513    .text.EvrRtxDelayCompleted  rtx_evr.o
    0x00001780   0x00001780   0x0000000c   Code   RO          503    .text.EvrRtxDelayError  rtx_evr.o
    0x0000178c   0x0000178c   0x00000010   Code   RO          509    .text.EvrRtxDelayStarted  rtx_evr.o
    0x0000179c   0x0000179c   0x00000010   Code   RO          561    .text.EvrRtxEventFlagsWaitTimeout  rtx_evr.o
    0x000017ac   0x000017ac   0x0000000c   Code   RO          375    .text.EvrRtxKernelError  rtx_evr.o
    0x000017b8   0x000017b8   0x0000000c   Code   RO          419    .text.EvrRtxKernelErrorNotify  rtx_evr.o
    0x000017c4   0x000017c4   0x00000010   Code   RO          385    .text.EvrRtxKernelGetState  rtx_evr.o
    0x000017d4   0x000017d4   0x00000010   Code   RO          377    .text.EvrRtxKernelInitialize  rtx_evr.o
    0x000017e4   0x000017e4   0x00000010   Code   RO          379    .text.EvrRtxKernelInitialized  rtx_evr.o
    0x000017f4   0x000017f4   0x00000010   Code   RO          387    .text.EvrRtxKernelStart  rtx_evr.o
    0x00001804   0x00001804   0x00000010   Code   RO          389    .text.EvrRtxKernelStarted  rtx_evr.o
    0x00001814   0x00001814   0x00000020   Code   RO          365    .text.EvrRtxMemoryAlloc  rtx_evr.o
    0x00001834   0x00001834   0x00000010   Code   RO          371    .text.EvrRtxMemoryBlockAlloc  rtx_evr.o
    0x00001844   0x00001844   0x00000022   Code   RO          373    .text.EvrRtxMemoryBlockFree  rtx_evr.o
    0x00001866   0x00001866   0x00000002   PAD
    0x00001868   0x00001868   0x00000020   Code   RO          369    .text.EvrRtxMemoryBlockInit  rtx_evr.o
    0x00001888   0x00001888   0x00000022   Code   RO          367    .text.EvrRtxMemoryFree  rtx_evr.o
    0x000018aa   0x000018aa   0x00000002   PAD
    0x000018ac   0x000018ac   0x0000001e   Code   RO          363    .text.EvrRtxMemoryInit  rtx_evr.o
    0x000018ca   0x000018ca   0x00000002   PAD
    0x000018cc   0x000018cc   0x00000010   Code   RO          639    .text.EvrRtxMemoryPoolAllocTimeout  rtx_evr.o
    0x000018dc   0x000018dc   0x00000010   Code   RO          667    .text.EvrRtxMessageQueueCreated  rtx_evr.o
    0x000018ec   0x000018ec   0x0000000c   Code   RO          663    .text.EvrRtxMessageQueueError  rtx_evr.o
    0x000018f8   0x000018f8   0x00000020   Code   RO          683    .text.EvrRtxMessageQueueGet  rtx_evr.o
    0x00001918   0x00001918   0x00000022   Code   RO          685    .text.EvrRtxMessageQueueGetPending  rtx_evr.o
    0x0000193a   0x0000193a   0x00000002   PAD
    0x0000193c   0x0000193c   0x00000010   Code   RO          687    .text.EvrRtxMessageQueueGetTimeout  rtx_evr.o
    0x0000194c   0x0000194c   0x00000010   Code   RO          677    .text.EvrRtxMessageQueueInsertPending  rtx_evr.o
    0x0000195c   0x0000195c   0x00000010   Code   RO          679    .text.EvrRtxMessageQueueInserted  rtx_evr.o
    0x0000196c   0x0000196c   0x00000010   Code   RO          681    .text.EvrRtxMessageQueueNotInserted  rtx_evr.o
    0x0000197c   0x0000197c   0x00000010   Code   RO          691    .text.EvrRtxMessageQueueNotRetrieved  rtx_evr.o
    0x0000198c   0x0000198c   0x00000020   Code   RO          671    .text.EvrRtxMessageQueuePut  rtx_evr.o
    0x000019ac   0x000019ac   0x00000022   Code   RO          673    .text.EvrRtxMessageQueuePutPending  rtx_evr.o
    0x000019ce   0x000019ce   0x00000002   PAD
    0x000019d0   0x000019d0   0x00000010   Code   RO          675    .text.EvrRtxMessageQueuePutTimeout  rtx_evr.o
    0x000019e0   0x000019e0   0x00000010   Code   RO          689    .text.EvrRtxMessageQueueRetrieved  rtx_evr.o
    0x000019f0   0x000019f0   0x00000010   Code   RO          579    .text.EvrRtxMutexAcquire  rtx_evr.o
    0x00001a00   0x00001a00   0x00000010   Code   RO          581    .text.EvrRtxMutexAcquirePending  rtx_evr.o
    0x00001a10   0x00001a10   0x00000010   Code   RO          583    .text.EvrRtxMutexAcquireTimeout  rtx_evr.o
    0x00001a20   0x00001a20   0x00000010   Code   RO          585    .text.EvrRtxMutexAcquired  rtx_evr.o
    0x00001a30   0x00001a30   0x00000010   Code   RO          575    .text.EvrRtxMutexCreated  rtx_evr.o
    0x00001a40   0x00001a40   0x00000010   Code   RO          595    .text.EvrRtxMutexDelete  rtx_evr.o
    0x00001a50   0x00001a50   0x00000010   Code   RO          597    .text.EvrRtxMutexDestroyed  rtx_evr.o
    0x00001a60   0x00001a60   0x0000000c   Code   RO          571    .text.EvrRtxMutexError  rtx_evr.o
    0x00001a6c   0x00001a6c   0x00000010   Code   RO          573    .text.EvrRtxMutexNew  rtx_evr.o
    0x00001a7c   0x00001a7c   0x00000010   Code   RO          587    .text.EvrRtxMutexNotAcquired  rtx_evr.o
    0x00001a8c   0x00001a8c   0x00000010   Code   RO          589    .text.EvrRtxMutexRelease  rtx_evr.o
    0x00001a9c   0x00001a9c   0x00000010   Code   RO          591    .text.EvrRtxMutexReleased  rtx_evr.o
    0x00001aac   0x00001aac   0x00000010   Code   RO          611    .text.EvrRtxSemaphoreAcquireTimeout  rtx_evr.o
    0x00001abc   0x00001abc   0x00000010   Code   RO          463    .text.EvrRtxThreadBlocked  rtx_evr.o
    0x00001acc   0x00001acc   0x00000018   Code   RO          425    .text.EvrRtxThreadCreated  rtx_evr.o
    0x00001ae4   0x00001ae4   0x00000010   Code   RO          475    .text.EvrRtxThreadDestroyed  rtx_evr.o
    0x00001af4   0x00001af4   0x0000000c   Code   RO          421    .text.EvrRtxThreadError  rtx_evr.o
    0x00001b00   0x00001b00   0x00000010   Code   RO          471    .text.EvrRtxThreadExit  rtx_evr.o
    0x00001b10   0x00001b10   0x0000000c   Code   RO          481    .text.EvrRtxThreadFlagsError  rtx_evr.o
    0x00001b1c   0x00001b1c   0x00000010   Code   RO          483    .text.EvrRtxThreadFlagsSet  rtx_evr.o
    0x00001b2c   0x00001b2c   0x00000010   Code   RO          485    .text.EvrRtxThreadFlagsSetDone  rtx_evr.o
    0x00001b3c   0x00001b3c   0x00000022   Code   RO          493    .text.EvrRtxThreadFlagsWait  rtx_evr.o
    0x00001b5e   0x00001b5e   0x00000002   PAD
    0x00001b60   0x00001b60   0x00000020   Code   RO          499    .text.EvrRtxThreadFlagsWaitCompleted  rtx_evr.o
    0x00001b80   0x00001b80   0x00000010   Code   RO          501    .text.EvrRtxThreadFlagsWaitNotCompleted  rtx_evr.o
    0x00001b90   0x00001b90   0x00000022   Code   RO          495    .text.EvrRtxThreadFlagsWaitPending  rtx_evr.o
    0x00001bb2   0x00001bb2   0x00000002   PAD
    0x00001bb4   0x00001bb4   0x00000010   Code   RO          497    .text.EvrRtxThreadFlagsWaitTimeout  rtx_evr.o
    0x00001bc4   0x00001bc4   0x00000010   Code   RO          461    .text.EvrRtxThreadJoined  rtx_evr.o
    0x00001bd4   0x00001bd4   0x00000022   Code   RO          423    .text.EvrRtxThreadNew  rtx_evr.o
    0x00001bf6   0x00001bf6   0x00000002   PAD
    0x00001bf8   0x00001bf8   0x00000010   Code   RO          467    .text.EvrRtxThreadPreempted  rtx_evr.o
    0x00001c08   0x00001c08   0x00000010   Code   RO          469    .text.EvrRtxThreadSwitched  rtx_evr.o
    0x00001c18   0x00001c18   0x00000010   Code   RO          465    .text.EvrRtxThreadUnblocked  rtx_evr.o
    0x00001c28   0x00001c28   0x00000010   Code   RO          517    .text.EvrRtxTimerCallback  rtx_evr.o
    0x00001c38   0x00001c38   0x00000048   Code   RO         1604    .text.FLEXCOMM0_DriverIRQHandler  fsl_flexcomm.o
    0x00001c80   0x00001c80   0x00000048   Code   RO         1606    .text.FLEXCOMM1_DriverIRQHandler  fsl_flexcomm.o
    0x00001cc8   0x00001cc8   0x00000048   Code   RO         1608    .text.FLEXCOMM2_DriverIRQHandler  fsl_flexcomm.o
    0x00001d10   0x00001d10   0x00000048   Code   RO         1610    .text.FLEXCOMM3_DriverIRQHandler  fsl_flexcomm.o
    0x00001d58   0x00001d58   0x00000048   Code   RO         1612    .text.FLEXCOMM4_DriverIRQHandler  fsl_flexcomm.o
    0x00001da0   0x00001da0   0x00000048   Code   RO         1614    .text.FLEXCOMM5_DriverIRQHandler  fsl_flexcomm.o
    0x00001de8   0x00001de8   0x00000048   Code   RO         1616    .text.FLEXCOMM6_DriverIRQHandler  fsl_flexcomm.o
    0x00001e30   0x00001e30   0x00000048   Code   RO         1618    .text.FLEXCOMM7_DriverIRQHandler  fsl_flexcomm.o
    0x00001e78   0x00001e78   0x0000004c   Code   RO         1620    .text.FLEXCOMM8_DriverIRQHandler  fsl_flexcomm.o
    0x00001ec4   0x00001ec4   0x000000cc   Code   RO         1600    .text.FLEXCOMM_Init  fsl_flexcomm.o
    0x00001f90   0x00001f90   0x00000082   Code   RO         1638    .text.GPIO_PinInit  fsl_gpio.o
    0x00002012   0x00002012   0x00000002   PAD
    0x00002014   0x00002014   0x000000d4   Code   RO         1380    .text.HAL_UartInit  fsl_adapter_usart.o
    0x000020e8   0x000020e8   0x00000066   Code   RO         1386    .text.HAL_UartSendBlocking  fsl_adapter_usart.o
    0x0000214e   0x0000214e   0x00000002   PAD
    0x00002150   0x00002150   0x0000000c   Code   RO         1188    .text.OS_Tick_AcknowledgeIRQ  os_systick.o
    0x0000215c   0x0000215c   0x00000032   Code   RO         1184    .text.OS_Tick_Enable  os_systick.o
    0x0000218e   0x0000218e   0x00000002   PAD
    0x00002190   0x00002190   0x00000006   Code   RO         1190    .text.OS_Tick_GetIRQn  os_systick.o
    0x00002196   0x00002196   0x00000002   PAD
    0x00002198   0x00002198   0x00000048   Code   RO         1182    .text.OS_Tick_Setup  os_systick.o
    0x000021e0   0x000021e0   0x0000002c   Code   RO         1952    .text.POWER_SetVoltageForFreq  keil_lib_power_cm33_core0.lib(fsl_power_lib.o)
    0x0000220c   0x0000220c   0x00000042   Code   RO         1722    .text.RESET_ClearPeripheralReset  fsl_reset.o
    0x0000224e   0x0000224e   0x00000002   PAD
    0x00002250   0x00002250   0x00000052   Code   RO         1724    .text.RESET_PeripheralReset  fsl_reset.o
    0x000022a2   0x000022a2   0x00000002   PAD
    0x000022a4   0x000022a4   0x00000078   Code   RO         1526    .text.SDK_DelayAtLeastUs  fsl_common.o
    0x0000231c   0x0000231c   0x0000002e   Code   RO         1332    .text.SerialManager_Init  fsl_component_serial_manager.o
    0x0000234a   0x0000234a   0x00000002   PAD
    0x0000234c   0x0000234c   0x0000002a   Code   RO         1340    .text.SerialManager_OpenReadHandle  fsl_component_serial_manager.o
    0x00002376   0x00002376   0x00000002   PAD
    0x00002378   0x00002378   0x00000022   Code   RO         1336    .text.SerialManager_OpenWriteHandle  fsl_component_serial_manager.o
    0x0000239a   0x0000239a   0x00000002   PAD
    0x0000239c   0x0000239c   0x0000002a   Code   RO         1344    .text.SerialManager_WriteBlocking  fsl_component_serial_manager.o
    0x000023c6   0x000023c6   0x00000002   PAD
    0x000023c8   0x000023c8   0x0000001e   Code   RO         1360    .text.Serial_UartInit  fsl_component_serial_port_uart.o
    0x000023e6   0x000023e6   0x00000002   PAD
    0x000023e8   0x000023e8   0x00000016   Code   RO         1364    .text.Serial_UartWrite  fsl_component_serial_port_uart.o
    0x000023fe   0x000023fe   0x00000002   PAD
    0x00002400   0x00002400   0x000002d8   Code   RO         1924    .text.StrFormatPrintf  fsl_str.o
    0x000026d8   0x000026d8   0x000002da   Code   RO         1845    .text.SystemCoreClockUpdate  system_lpc55s69_cm33_core0.o
    0x000029b2   0x000029b2   0x00000002   PAD
    0x000029b4   0x000029b4   0x00000044   Code   RO         1841    .text.SystemInit    system_lpc55s69_cm33_core0.o
    0x000029f8   0x000029f8   0x00000002   Code   RO         1843    .text.SystemInitHook  system_lpc55s69_cm33_core0.o
    0x000029fa   0x000029fa   0x00000002   PAD
    0x000029fc   0x000029fc   0x00000048   Code   RO         1803    .text.USART_GetDefaultConfig  fsl_usart.o
    0x00002a44   0x00002a44   0x0000017c   Code   RO         1797    .text.USART_Init    fsl_usart.o
    0x00002bc0   0x00002bc0   0x000000e8   Code   RO         1799    .text.USART_SetBaudRate  fsl_usart.o
    0x00002ca8   0x00002ca8   0x0000004a   Code   RO         1811    .text.USART_WriteBlocking  fsl_usart.o
    0x00002cf2   0x00002cf2   0x00000002   PAD
    0x00002cf4   0x00002cf4   0x0000000e   Code   RO          120    .text.WR_BYTE_AND_CHECK_MP_  platform_lpc55s69sdk.o
    0x00002d02   0x00002d02   0x00000002   PAD
    0x00002d04   0x00002d04   0x0000003c   Code   RO         1915    .text.__aeabi_assert  fsl_assert.o
    0x00002d40   0x00002d40   0x00000032   Code   RO          791    .text._mutex_acquire  rtx_lib.o
    0x00002d72   0x00002d72   0x00000002   PAD
    0x00002d74   0x00002d74   0x00000006   Code   RO          795    .text._mutex_free   rtx_lib.o
    0x00002d7a   0x00002d7a   0x00000002   PAD
    0x00002d7c   0x00002d7c   0x00000020   Code   RO          789    .text._mutex_initialize  rtx_lib.o
    0x00002d9c   0x00002d9c   0x0000002e   Code   RO          793    .text._mutex_release  rtx_lib.o
    0x00002dca   0x00002dca   0x00000002   PAD
    0x00002dcc   0x00002dcc   0x00000004   Code   RO          783    .text._platform_post_stackheap_init  rtx_lib.o
    0x00002dd0   0x00002dd0   0x00000002   Code   RO         1896    .text._sys_exit     fsl_debug_console.o
    0x00002dd2   0x00002dd2   0x00000002   PAD
    0x00002dd4   0x00002dd4   0x00000010   Code   RO            4    .text.app_initialize  blinky.o
    0x00002de4   0x00002de4   0x00000038   Code   RO            6    .text.app_main      blinky.o
    0x00002e1c   0x00002e1c   0x0000026c   Code   RO           72    .text.arc_index_update  stream_scheduler.o
    0x00003088   0x00003088   0x00000092   Code   RO          218    .text.arm_biquad_cascade_df1_fast_q15  arm_biquad_cascade_df1_fast_q15.o
    0x0000311a   0x0000311a   0x00000002   PAD
    0x0000311c   0x0000311c   0x0000001a   Code   RO          227    .text.arm_biquad_cascade_df1_init_q15  arm_biquad_cascade_df1_init_q15.o
    0x00003136   0x00003136   0x00000002   PAD
    0x00003138   0x00003138   0x000002f6   Code   RO           42    .text.arm_graph_interpreter  stream_graph_interpreter.o
    0x0000342e   0x0000342e   0x00000002   PAD
    0x00003430   0x00003430   0x000000c8   Code   RO          197    .text.arm_stream_detector  arm_stream_detector.o
    0x000034f8   0x000034f8   0x000001e8   Code   RO          188    .text.arm_stream_detector_process  arm_stream_detector_process.o
    0x000036e0   0x000036e0   0x000000a8   Code   RO          209    .text.arm_stream_filter  arm_stream_filter.o
    0x00003788   0x00003788   0x00000016   Code   RO           93    .text.arm_stream_services  stream_services.o
    0x0000379e   0x0000379e   0x00000002   PAD
    0x000037a0   0x000037a0   0x00000060   Code   RO         1849    .text.findPll0MMult  system_lpc55s69_cm33_core0.o
    0x00003800   0x00003800   0x0000002c   Code   RO         1847    .text.findPll0PostDiv  system_lpc55s69_cm33_core0.o
    0x0000382c   0x0000382c   0x00000020   Code   RO          128    .text.gpio_out_0_set_stream  platform_lpc55s69sdk.o
    0x0000384c   0x0000384c   0x00000044   Code   RO          130    .text.gpio_out_0_start_data_move  platform_lpc55s69sdk.o
    0x00003890   0x00003890   0x00000004   Code   RO          132    .text.gpio_out_0_stop_stream  platform_lpc55s69sdk.o
    0x00003894   0x00003894   0x00000030   Code   RO           66    .text.lin2pack      stream_scheduler.o
    0x000038c4   0x000038c4   0x00000048   Code   RO         1954    .text.lowpower_set_dcdc_power_profile  keil_lib_power_cm33_core0.lib(fsl_power_lib.o)
    0x0000390c   0x0000390c   0x000000cc   Code   RO         1968    .text.lowpower_set_system_voltage  keil_lib_power_cm33_core0.lib(fsl_power_lib.o)
    0x000039d8   0x000039d8   0x00000094   Code   RO         1956    .text.lowpower_set_voltage_for_process  keil_lib_power_cm33_core0.lib(fsl_power_lib.o)
    0x00003a6c   0x00003a6c   0x00000026   Code   RO           33    .text.main          main.o
    0x00003a92   0x00003a92   0x00000002   PAD
    0x00003a94   0x00003a94   0x00000058   Code   RO           22    .text.main_demo     main_lpc55s69sdk.o
    0x00003aec   0x00003aec   0x00000036   Code   RO          309    .text.osDelay       rtx_delay.o
    0x00003b22   0x00003b22   0x00000002   PAD
    0x00003b24   0x00003b24   0x0000003c   Code   RO          727    .text.osKernelGetState  rtx_kernel.o
    0x00003b60   0x00003b60   0x00000036   Code   RO          721    .text.osKernelInitialize  rtx_kernel.o
    0x00003b96   0x00003b96   0x00000002   PAD
    0x00003b98   0x00003b98   0x00000032   Code   RO          731    .text.osKernelStart  rtx_kernel.o
    0x00003bca   0x00003bca   0x00000002   PAD
    0x00003bcc   0x00003bcc   0x000000d4   Code   RO          896    .text.osMessageQueueGet  rtx_msgqueue.o
    0x00003ca0   0x00003ca0   0x000000a2   Code   RO          894    .text.osMessageQueuePut  rtx_msgqueue.o
    0x00003d42   0x00003d42   0x00000002   PAD
    0x00003d44   0x00003d44   0x0000003c   Code   RO          946    .text.osMutexAcquire  rtx_mutex.o
    0x00003d80   0x00003d80   0x00000038   Code   RO          952    .text.osMutexDelete  rtx_mutex.o
    0x00003db8   0x00003db8   0x00000038   Code   RO          942    .text.osMutexNew    rtx_mutex.o
    0x00003df0   0x00003df0   0x00000038   Code   RO          948    .text.osMutexRelease  rtx_mutex.o
    0x00003e28   0x00003e28   0x00000002   Code   RO         1211    .text.osRtxErrorNotify  rtx_config.o
    0x00003e2a   0x00003e2a   0x00000002   PAD
    0x00003e2c   0x00003e2c   0x00000002   Code   RO         1209    .text.osRtxIdleThread  rtx_config.o
    0x00003e2e   0x00003e2e   0x00000002   PAD
    0x00003e30   0x00003e30   0x00000016   Code   RO          719    .text.osRtxKernelErrorNotify  rtx_kernel.o
    0x00003e46   0x00003e46   0x00000002   PAD
    0x00003e48   0x00003e48   0x00000002   Code   RO          717    .text.osRtxKernelPreInit  rtx_kernel.o
    0x00003e4a   0x00003e4a   0x00000002   PAD
    0x00003e4c   0x00003e4c   0x00000080   Code   RO          822    .text.osRtxMemoryAlloc  rtx_memory.o
    0x00003ecc   0x00003ecc   0x0000005a   Code   RO          824    .text.osRtxMemoryFree  rtx_memory.o
    0x00003f26   0x00003f26   0x00000002   PAD
    0x00003f28   0x00003f28   0x00000040   Code   RO          820    .text.osRtxMemoryInit  rtx_memory.o
    0x00003f68   0x00003f68   0x00000044   Code   RO          836    .text.osRtxMemoryPoolAlloc  rtx_mempool.o
    0x00003fac   0x00003fac   0x00000056   Code   RO          838    .text.osRtxMemoryPoolFree  rtx_mempool.o
    0x00004002   0x00004002   0x00000002   PAD
    0x00004004   0x00004004   0x00000060   Code   RO          834    .text.osRtxMemoryPoolInit  rtx_mempool.o
    0x00004064   0x00004064   0x000001ba   Code   RO          918    .text.osRtxMessageQueuePostProcess  rtx_msgqueue.o
    0x0000421e   0x0000421e   0x00000002   PAD
    0x00004220   0x00004220   0x0000002c   Code   RO          886    .text.osRtxMessageQueueTimerSetup  rtx_msgqueue.o
    0x0000424c   0x0000424c   0x00000066   Code   RO          938    .text.osRtxMutexOwnerRelease  rtx_mutex.o
    0x000042b2   0x000042b2   0x00000002   PAD
    0x000042b4   0x000042b4   0x00000050   Code   RO          940    .text.osRtxMutexOwnerRestore  rtx_mutex.o
    0x00004304   0x00004304   0x000000ac   Code   RO         1010    .text.osRtxPendSV_Handler  rtx_system.o
    0x000043b0   0x000043b0   0x00000076   Code   RO         1012    .text.osRtxPostProcess  rtx_system.o
    0x00004426   0x00004426   0x00000002   PAD
    0x00004428   0x00004428   0x00000164   Code   RO         1032    .text.osRtxThreadDelayTick  rtx_thread.o
    0x0000458c   0x0000458c   0x000000ea   Code   RO         1038    .text.osRtxThreadDispatch  rtx_thread.o
    0x00004676   0x00004676   0x00000002   PAD
    0x00004678   0x00004678   0x00000062   Code   RO         1116    .text.osRtxThreadFree  rtx_thread.o
    0x000046da   0x000046da   0x00000002   PAD
    0x000046dc   0x000046dc   0x00000014   Code   RO         1024    .text.osRtxThreadListGet  rtx_thread.o
    0x000046f0   0x000046f0   0x0000002c   Code   RO         1022    .text.osRtxThreadListPut  rtx_thread.o
    0x0000471c   0x0000471c   0x0000001a   Code   RO         1028    .text.osRtxThreadListRemove  rtx_thread.o
    0x00004736   0x00004736   0x00000002   PAD
    0x00004738   0x00004738   0x00000070   Code   RO         1026    .text.osRtxThreadListSort  rtx_thread.o
    0x000047a8   0x000047a8   0x0000009e   Code   RO         1094    .text.osRtxThreadPostProcess  rtx_thread.o
    0x00004846   0x00004846   0x00000002   PAD
    0x00004848   0x00004848   0x0000003c   Code   RO         1030    .text.osRtxThreadReadyPut  rtx_thread.o
    0x00004884   0x00004884   0x00000014   Code   RO         1034    .text.osRtxThreadRegPtr  rtx_thread.o
    0x00004898   0x00004898   0x00000020   Code   RO         1044    .text.osRtxThreadStackCheck  rtx_thread.o
    0x000048b8   0x000048b8   0x0000004c   Code   RO         1046    .text.osRtxThreadStartup  rtx_thread.o
    0x00004904   0x00004904   0x00000012   Code   RO         1036    .text.osRtxThreadSwitch  rtx_thread.o
    0x00004916   0x00004916   0x00000002   PAD
    0x00004918   0x00004918   0x000000d8   Code   RO         1042    .text.osRtxThreadWaitEnter  rtx_thread.o
    0x000049f0   0x000049f0   0x000000a4   Code   RO         1040    .text.osRtxThreadWaitExit  rtx_thread.o
    0x00004a94   0x00004a94   0x00000084   Code   RO         1008    .text.osRtxTick_Handler  rtx_system.o
    0x00004b18   0x00004b18   0x00000026   Code   RO         1144    .text.osRtxTimerSetup  rtx_timer.o
    0x00004b3e   0x00004b3e   0x00000002   PAD
    0x00004b40   0x00004b40   0x0000002a   Code   RO         1148    .text.osRtxTimerThread  rtx_timer.o
    0x00004b6a   0x00004b6a   0x00000002   PAD
    0x00004b6c   0x00004b6c   0x000000c8   Code   RO         1146    .text.osRtxTimerTick  rtx_timer.o
    0x00004c34   0x00004c34   0x0000001a   Code   RO         1078    .text.osThreadExit  rtx_thread.o
    0x00004c4e   0x00004c4e   0x00000002   PAD
    0x00004c50   0x00004c50   0x00000082   Code   RO         1086    .text.osThreadFlagsSet  rtx_thread.o
    0x00004cd2   0x00004cd2   0x00000002   PAD
    0x00004cd4   0x00004cd4   0x00000040   Code   RO         1092    .text.osThreadFlagsWait  rtx_thread.o
    0x00004d14   0x00004d14   0x00000040   Code   RO         1050    .text.osThreadNew   rtx_thread.o
    0x00004d54   0x00004d54   0x0000001e   Code   RO           64    .text.pack2linaddr_ptr  stream_scheduler.o
    0x00004d72   0x00004d72   0x00000002   PAD
    0x00004d74   0x00004d74   0x000000ca   Code   RO          104    .text.platform_al   platform_al.o
    0x00004e3e   0x00004e3e   0x00000002   PAD
    0x00004e40   0x00004e40   0x0000001a   Code   RO          116    .text.platform_specific_long_offset  platform_lpc55s69sdk.o
    0x00004e5a   0x00004e5a   0x00000002   PAD
    0x00004e5c   0x00004e5c   0x0000001a   Code   RO          118    .text.platform_specific_processor_arch_iomask  platform_lpc55s69sdk.o
    0x00004e76   0x00004e76   0x00000002   PAD
    0x00004e78   0x00004e78   0x0000001a   Code   RO          122    .text.stream_in_0_set_stream  platform_lpc55s69sdk.o
    0x00004e92   0x00004e92   0x00000002   PAD
    0x00004e94   0x00004e94   0x00000058   Code   RO          124    .text.stream_in_0_start_data_move  platform_lpc55s69sdk.o
    0x00004eec   0x00004eec   0x00000004   Code   RO          126    .text.stream_in_0_stop_stream  platform_lpc55s69sdk.o
    0x00004ef0   0x00004ef0   0x00000690   Code   RO           70    .text.stream_scan_graph  stream_scheduler.o
    0x00005580   0x00005580   0x00000034   Code   RO          313    .text.svcRtxDelay   rtx_delay.o
    0x000055b4   0x000055b4   0x00000016   Code   RO          729    .text.svcRtxKernelGetState  rtx_kernel.o
    0x000055ca   0x000055ca   0x00000002   PAD
    0x000055cc   0x000055cc   0x00000150   Code   RO          759    .text.svcRtxKernelInitialize  rtx_kernel.o
    0x0000571c   0x0000571c   0x000000b0   Code   RO          761    .text.svcRtxKernelStart  rtx_kernel.o
    0x000057cc   0x000057cc   0x000001be   Code   RO          924    .text.svcRtxMessageQueueGet  rtx_msgqueue.o
    0x0000598a   0x0000598a   0x00000002   PAD
    0x0000598c   0x0000598c   0x00000190   Code   RO          888    .text.svcRtxMessageQueueNew  rtx_msgqueue.o
    0x00005b1c   0x00005b1c   0x00000146   Code   RO          922    .text.svcRtxMessageQueuePut  rtx_msgqueue.o
    0x00005c62   0x00005c62   0x00000002   PAD
    0x00005c64   0x00005c64   0x000000e2   Code   RO          958    .text.svcRtxMutexAcquire  rtx_mutex.o
    0x00005d46   0x00005d46   0x00000002   PAD
    0x00005d48   0x00005d48   0x000000cc   Code   RO          964    .text.svcRtxMutexDelete  rtx_mutex.o
    0x00005e14   0x00005e14   0x000000a8   Code   RO          954    .text.svcRtxMutexNew  rtx_mutex.o
    0x00005ebc   0x00005ebc   0x000000f4   Code   RO          960    .text.svcRtxMutexRelease  rtx_mutex.o
    0x00005fb0   0x00005fb0   0x000000b2   Code   RO         1120    .text.svcRtxThreadExit  rtx_thread.o
    0x00006062   0x00006062   0x00000002   PAD
    0x00006064   0x00006064   0x00000152   Code   RO         1128    .text.svcRtxThreadFlagsSet  rtx_thread.o
    0x000061b6   0x000061b6   0x00000002   PAD
    0x000061b8   0x000061b8   0x0000010a   Code   RO         1134    .text.svcRtxThreadFlagsWait  rtx_thread.o
    0x000062c2   0x000062c2   0x00000002   PAD
    0x000062c4   0x000062c4   0x00000242   Code   RO         1048    .text.svcRtxThreadNew  rtx_thread.o
    0x00006506   0x00006506   0x00000002   PAD
    0x00006508   0x00006508   0x0000002e   Code   RO           10    .text.thrButton     blinky.o
    0x00006536   0x00006536   0x00000002   PAD
    0x00006538   0x00006538   0x00000060   Code   RO            8    .text.thrLED        blinky.o
    0x00006598   0x00006598   0x00000010   Code   RO          134    .text.trace_set     platform_lpc55s69sdk.o
    0x000065a8   0x000065a8   0x00000010   Code   RO          136    .text.trace_start   platform_lpc55s69sdk.o
    0x000065b8   0x000065b8   0x00000004   Code   RO          138    .text.trace_stop    platform_lpc55s69sdk.o
    0x000065bc   0x000065bc   0x00000062   Code   RO         1226    .text.vioGetSignal  vio_lpcxpresso55s69.o
    0x0000661e   0x0000661e   0x00000002   PAD
    0x00006620   0x00006620   0x00000124   Code   RO         1220    .text.vioInit       vio_lpcxpresso55s69.o
    0x00006744   0x00006744   0x0000005c   Code   RO         1224    .text.vioSetSignal  vio_lpcxpresso55s69.o
    0x000067a0   0x000067a0   0x0000008c   Code   RO         2250    x$fpl$fnaninf       fz_wm.l(fnaninf.o)
    0x0000682c   0x0000682c   0x0000001a   Code   RO         2066    x$fpl$fpinit        fz_wm.l(fpinit.o)
    0x00006846   0x00006846   0x00000002   PAD
    0x00006848   0x00006848   0x0000005c   Code   RO         2062    x$fpl$llufromf      fz_wm.l(ffixull.o)
    0x000068a4   0x000068a4   0x00000000   Code   RO         2260    x$fpl$usenofp       fz_wm.l(usenofp.o)
    0x000068a4   0x000068a4   0x00000070   Data   RO          801    .rodata             rtx_lib.o
    0x00006914   0x00006914   0x00000038   Data   RO          804    .rodata             rtx_lib.o
    0x0000694c   0x0000694c   0x00000018   Data   RO         1284    .rodata.EventRecorderInfo  eventrecorder.o
    0x00006964   0x00006964   0x00000020   Data   RO         1393    .rodata.cst32       fsl_adapter_usart.o
    0x00006984   0x00006984   0x00000008   Data   RO         1587    .rodata.cst8        fsl_dma.o
    0x0000698c   0x0000698c   0x00000008   Data   RO         1641    .rodata.cst8        fsl_gpio.o
    0x00006994   0x00006994   0x00000028   Data   RO          199    .rodata.detector_preset  arm_stream_detector.o
    0x000069bc   0x000069bc   0x00000270   Data   RO           24    .rodata.graph_input  main_lpc55s69sdk.o
    0x00006c2c   0x00006c2c   0x00000004   Data   RO          803    .rodata.osRtxUserSVC  rtx_lib.o
    0x00006c30   0x00006c30   0x00000024   Data   RO          798    .rodata.os_idle_thread_attr  rtx_lib.o
    0x00006c54   0x00006c54   0x00000018   Data   RO          800    .rodata.os_timer_mq_attr  rtx_lib.o
    0x00006c6c   0x00006c6c   0x00000024   Data   RO          799    .rodata.os_timer_thread_attr  rtx_lib.o
    0x00006c90   0x00006c90   0x00000006   Data   RO          146    .rodata.ptf_in_stream_in_0_data  platform_lpc55s69sdk.o
    0x00006c96   0x00006c96   0x00000002   PAD
    0x00006c98   0x00006c98   0x00000024   Data   RO         1623    .rodata.s_flexcommBaseAddrs  fsl_flexcomm.o
    0x00006cbc   0x00006cbc   0x00000012   Data   RO         1625    .rodata.s_flexcommClocks  fsl_flexcomm.o
    0x00006cce   0x00006cce   0x000000c0   Data   RO         1392    .rodata.str1.1      fsl_adapter_usart.o
    0x00006d8e   0x00006d8e   0x00000057   Data   RO         1528    .rodata.str1.1      fsl_common.o
    0x00006de5   0x00006de5   0x00000076   Data   RO         1585    .rodata.str1.1      fsl_dma.o
    0x00006e5b   0x00006e5b   0x00000086   Data   RO         1624    .rodata.str1.1      fsl_flexcomm.o
    0x00006ee1   0x00006ee1   0x00000078   Data   RO         1640    .rodata.str1.1      fsl_gpio.o
    0x00006f59   0x00006f59   0x00000063   Data   RO         1726    .rodata.str1.1      fsl_reset.o
    0x00006fbc   0x00006fbc   0x000000bb   Data   RO         1832    .rodata.str1.1      fsl_usart.o
    0x00007077   0x00007077   0x00000001   PAD
    0x00007078   0x00007078   0x0000000b   Data   RO          773    .rodata.str1.4      rtx_kernel.o
    0x00007083   0x00007083   0x00000001   PAD
    0x00007084   0x00007084   0x00000020   Data   RO         2462    Region$$Table       anon$$obj.o


    Execution Region RW_m_data (Exec base: 0x20000000, Load base: 0x000070a8, Size: 0x00006c20, Max: 0x00042700, ABSOLUTE, COMPRESSED[0x00000038])

    Exec Addr    Load Addr    Size         Type   Attr      Idx    E Section Name        Object

    0x20000000   COMPRESSED   0x00000004   Data   RW         1851    .data.SystemCoreClock  system_lpc55s69_cm33_core0.o
    0x20000004   COMPRESSED   0x00000050   Data   RW          165    .data.node_entry_point_table  stream_nodes.o
    0x20000054   COMPRESSED   0x000000a4   Data   RW          774    .data.os            rtx_kernel.o
    0x200000f8   COMPRESSED   0x00000084   Data   RW          145    .data.platform_io   platform_lpc55s69sdk.o
    0x2000017c   COMPRESSED   0x00000004   Data   RW         1502    .data.s_Ext_Clk_Freq  fsl_clock.o
    0x20000180   COMPRESSED   0x00000004   Data   RW           74    .graph_interpreter_section  stream_scheduler.o
    0x20000184   COMPRESSED   0x0000002c   Data   RW          108    .graph_interpreter_section  platform_al.o
    0x200001b0        -       0x00000400   Zero   RW          142    .bss.MEXT           platform_lpc55s69sdk.o
    0x200005b0        -       0x00000080   Zero   RW          143    .bss.TCM1           platform_lpc55s69sdk.o
    0x20000630        -       0x00000001   Zero   RW         1285    .bss.TS_OverflowLock  eventrecorder.o
    0x20000631   COMPRESSED   0x00000003   PAD
    0x20000634        -       0x00000010   Zero   RW           25    .bss.application_callbacks  main_lpc55s69sdk.o
    0x20000644        -       0x00000004   Zero   RW         1904    .bss.g_serialHandle  fsl_debug_console.o
    0x20000648        -       0x00000008   Zero   RW          154    .bss.long_offset    platform_lpc55s69sdk.o
    0x20000650        -       0x00005e00   Zero   RW          797    .bss.os             rtx_lib.o
    0x20006450        -       0x00000001   Zero   RW         1200    .bss.os             os_systick.o
    0x20006451   COMPRESSED   0x00000003   PAD
    0x20006454        -       0x00000034   Zero   RW          809    .bss.os.msgqueue.cb  rtx_lib.o
    0x20006488        -       0x00000050   Zero   RW          810    .bss.os.msgqueue.mem  rtx_lib.o
    0x200064d8        -       0x00000088   Zero   RW          806    .bss.os.thread.cb   rtx_lib.o
    0x20006560        -       0x00000200   Zero   RW          807    .bss.os.thread.idle.stack  rtx_lib.o
    0x20006760        -       0x00000200   Zero   RW          808    .bss.os.thread.timer.stack  rtx_lib.o
    0x20006960        -       0x00000001   Zero   RW          811    .bss.os_kernel_is_active.os_kernel_active  rtx_lib.o
    0x20006961        -       0x00000001   Zero   RW          106    .bss.platform_al.stream_initialization_done  platform_al.o
    0x20006962        -       0x00000004   Zero   RW          107    .bss.platform_al.stream_mp_synchro  platform_al.o
    0x20006966        -       0x0000000b   Zero   RW          144    .bss.platform_iocontrol  platform_lpc55s69sdk.o
    0x20006971   COMPRESSED   0x00000001   PAD
    0x20006972        -       0x00000006   Zero   RW          151    .bss.ptf_in_gpio_out_data  platform_lpc55s69sdk.o
    0x20006978        -       0x00000004   Zero   RW          152    .bss.ptr_in_gpio_out_data  platform_lpc55s69sdk.o
    0x2000697c        -       0x00000004   Zero   RW          149    .bss.ptr_in_stream_in_0_data  platform_lpc55s69sdk.o
    0x20006980        -       0x00000004   Zero   RW          147    .bss.ptr_trace      platform_lpc55s69sdk.o
    0x20006984        -       0x00000004   Zero   RW          148    .bss.rx_buffer      platform_lpc55s69sdk.o
    0x20006988        -       0x000000b8   Zero   RW         1586    .bss.s_DMAHandle    fsl_dma.o
    0x20006a40        -       0x00000004   Zero   RW         1506    .bss.s_Pll0_Freq    fsl_clock.o
    0x20006a44        -       0x00000001   Zero   RW         1903    .bss.s_debugConsoleReadWaitSemaphore  fsl_debug_console.o
    0x20006a45   COMPRESSED   0x00000003   PAD
    0x20006a48        -       0x00000020   Zero   RW         1902    .bss.s_debugConsoleState  fsl_debug_console.o
    0x20006a68        -       0x00000024   Zero   RW         1627    .bss.s_flexcommHandle  fsl_flexcomm.o
    0x20006a8c        -       0x00000024   Zero   RW         1626    .bss.s_flexcommIrqHandler  fsl_flexcomm.o
    0x20006ab0        -       0x00000004   Zero   RW           13    .bss.tid_thrButton  blinky.o
    0x20006ab4        -       0x00000004   Zero   RW           12    .bss.tid_thrLED     blinky.o
    0x20006ab8        -       0x00000004   Zero   RW          153    .bss.tx_buffer      platform_lpc55s69sdk.o
    0x20006abc   COMPRESSED   0x00000004   PAD
    0x20006ac0        -       0x00000008   Zero   RW         1249    .bss.vioAddrIPv4    vio_lpcxpresso55s69.o
    0x20006ac8        -       0x00000020   Zero   RW         1250    .bss.vioAddrIPv6    vio_lpcxpresso55s69.o
    0x20006ae8        -       0x00000100   Zero   RW         1246    .bss.vioPrintMem    vio_lpcxpresso55s69.o
    0x20006be8        -       0x00000004   Zero   RW         1244    .bss.vioSignalIn    vio_lpcxpresso55s69.o
    0x20006bec        -       0x00000004   Zero   RW         1245    .bss.vioSignalOut   vio_lpcxpresso55s69.o
    0x20006bf0        -       0x0000000c   Zero   RW         1247    .bss.vioValue       vio_lpcxpresso55s69.o
    0x20006bfc        -       0x00000024   Zero   RW         1248    .bss.vioValueXYZ    vio_lpcxpresso55s69.o


    Execution Region RW_NOINIT (Exec base: 0x20006c40, Load base: 0x000070e0, Size: 0x000004a4, Max: 0xffffffff, ABSOLUTE, UNINIT)

    Exec Addr    Load Addr    Size         Type   Attr      Idx    E Section Name        Object

    0x20006c40        -       0x000004a4   Zero   RW         1283    .bss.noinit         eventrecorder.o


    Execution Region ARM_LIB_HEAP (Exec base: 0x200070e4, Load base: 0x000070e0, Size: 0x00001000, Max: 0x00001000, ABSOLUTE)

    Exec Addr    Load Addr    Size         Type   Attr      Idx    E Section Name        Object

    0x200070e4        -       0x00001000   Zero   RW            1    ARM_LIB_HEAP.bss    anon$$obj.o


    Execution Region ARM_LIB_STACK (Exec base: 0x20043c00, Load base: 0x000070e0, Size: 0x00000400, Max: 0x00000400, ABSOLUTE)

    Exec Addr    Load Addr    Size         Type   Attr      Idx    E Section Name        Object

    0x20043c00        -       0x00000400   Zero   RW            2    ARM_LIB_STACK.bss   anon$$obj.o


    Execution Region RW_m_usb_bdt (Exec base: 0x40100000, Load base: 0x000070e0, Size: 0x00000000, Max: 0x00000000, ABSOLUTE, UNINIT)

    **** No section assigned to this execution region ****


    Execution Region RW_m_usb_ram (Exec base: 0x40100000, Load base: 0x000070e0, Size: 0x00000000, Max: 0x00004000, ABSOLUTE, UNINIT)

    **** No section assigned to this execution region ****



  Load Region LR_CORE1_IMAGE (Base: 0x00072000, Size: 0x00000000, Max: 0xffffffff, ABSOLUTE)

    Execution Region CORE1_REGION (Exec base: 0x00072000, Load base: 0x00072000, Size: 0x00000000, Max: 0x00026000, ABSOLUTE)

    **** No section assigned to this execution region ****


==============================================================================

Image component sizes


      Code (inc. data)   RO Data    RW Data    ZI Data      Debug   Object Name

       146          0          0          0          0       2590   arm_biquad_cascade_df1_fast_q15.o
        26          0          0          0          0       1366   arm_biquad_cascade_df1_init_q15.o
       200          0         40          0          0       2856   arm_stream_detector.o
       488          0          0          0          0       1806   arm_stream_detector_process.o
       168          0          0          0          0       2916   arm_stream_filter.o
       214          0          0          0          8       3286   blinky.o
        44          0          0          0          0       8248   board.o
       244         32          0          0          0      13781   clock_config.o
      1100          0         24          0       1189      22446   eventrecorder.o
       314          8        224          0          0       7108   fsl_adapter_usart.o
        60         44          0          0          0        830   fsl_assert.o
       890          4          0          4          4      43970   fsl_clock.o
       120         40         87          0          0       2441   fsl_common.o
       164          0          0          0          0       8741   fsl_component_serial_manager.o
        52          0          0          0          0       4533   fsl_component_serial_port_uart.o
       378          0          0          0         37      11370   fsl_debug_console.o
       256          0        126          0        184      32191   fsl_dma.o
       856        252        188          0         72      15378   fsl_flexcomm.o
       130          0        128          0          0      11968   fsl_gpio.o
       148          0         99          0          0       8938   fsl_reset.o
       728          0          0          0          0      10405   fsl_str.o
       758         80        187          0          0      20195   fsl_usart.o
       264         16          0          0          0        955   irq_armv8mml.o
        38          0          0          0          0        645   main.o
        88          0        624          0         16       2266   main_lpc55s69sdk.o
       140          0          0          0          1       5017   os_systick.o
         2          0          0          0          0        555   peripherals.o
       216          0          0          0          0      14046   pin_mux.o
       202         20          0         44          5       3191   platform_al.o
       324          0          6        132       1197       4501   platform_lpc55s69sdk.o
         4          0          0          0          0        692   rtx_config.o
       106          0          0          0          0       3196   rtx_delay.o
      1224          0          0          0          0      37669   rtx_evr.o
       722          0         11        164          0      18310   rtx_kernel.o
       160          0        268          0      25357       8198   rtx_lib.o
       282          0          0          0          0       2828   rtx_memory.o
       250          0          0          0          0      19062   rtx_mempool.o
      2032          0          0          0          0      23055   rtx_msgqueue.o
      1252          0          0          0          0      10570   rtx_mutex.o
       422         36          0          0          0       6227   rtx_system.o
      3278         10          0          0          0      41672   rtx_thread.o
       280          0          0          0          0      11579   rtx_timer.o
       556        272        304          0          0       2760   startup_lpc55s69_cm33_core0.o
       758          0          0          0          0       5024   stream_graph_interpreter.o
       564          0          0          0          0       3585   stream_io.o
         0          0          0         80          0        782   stream_nodes.o
      2378          0          0          4          0      19171   stream_scheduler.o
        22          0          0          0          0       2193   stream_services.o
       940         16          0          4          0      10477   system_lpc55s69_cm33_core0.o
       482          0          0          0        352      12839   vio_lpcxpresso55s69.o

    ----------------------------------------------------------------------
     24628        830       2352        432      33556     508428   Object Totals
         0          0         32          0       5120          0   (incl. Generated)
       158          0          4          0         14          0   (incl. Padding)

    ----------------------------------------------------------------------

      Code (inc. data)   RO Data    RW Data    ZI Data      Debug   Library Member Name

        58          0          0          0          0          0   __dczerorl.o
         8          0          0          0          0         68   __main.o
         0          0          0          0          0          0   __rtentry.o
        20          0          0          0          0          0   __rtentry2.o
         8          4          0          0          0          0   __rtentry7.o
        52          8          0          0          0          0   __scatter.o
        28          0          0          0          0          0   __scatter_zi.o
        16          0          0          0          0         68   aeabi_memset4.o
        18          0          0          0          0         80   exit.o
         2          0          0          0          0          0   libinit.o
         6          0          0          0          0          0   libinit2.o
         2          0          0          0          0          0   libshutdown.o
         2          0          0          0          0          0   libshutdown2.o
       240          0          0          0          0        100   lludivv7m.o
        68          0          0          0          0         68   rt_memclr.o
        78          0          0          0          0         80   rt_memclr_w.o
       138          0          0          0          0         68   rt_memcpy_v6.o
       100          0          0          0          0         80   rt_memcpy_w.o
         2          0          0          0          0          0   rtexit.o
        10          0          0          0          0          0   rtexit2.o
        62          0          0          0          0         76   strlen.o
        92          4          0          0          0        132   ffixull.o
       140          4          0          0          0        132   fnaninf.o
        26          0          0          0          0        116   fpinit.o
         0          0          0          0          0          0   usenofp.o
       468         36          0          0          0        448   fsl_power_lib.o

    ----------------------------------------------------------------------
      1648         56          0          0          0       1516   Library Totals
         4          0          0          0          0          0   (incl. Padding)

    ----------------------------------------------------------------------

      Code (inc. data)   RO Data    RW Data    ZI Data      Debug   Library Name

       918         12          0          0          0        688   c_w.l
       258          8          0          0          0        380   fz_wm.l
       468         36          0          0          0        448   keil_lib_power_cm33_core0.lib

    ----------------------------------------------------------------------
      1648         56          0          0          0       1516   Library Totals

    ----------------------------------------------------------------------

==============================================================================


      Code (inc. data)   RO Data    RW Data    ZI Data      Debug   

     26276        886       2352        432      33556     508644   Grand Totals
     26276        886       2352         56      33556     508644   ELF Image Totals (compressed)
     26276        886       2352         56          0          0   ROM Totals

==============================================================================

    Total RO  Size (Code + RO Data)                28628 (  27.96kB)
    Total RW  Size (RW Data + ZI Data)             33988 (  33.19kB)
    Total ROM Size (Code + RO Data + RW Data)      28684 (  28.01kB)

==============================================================================

