Archive member included to satisfy reference by file (symbol)

C:/nxp/MCUXpressoIDE_11.10.0_3148/ide/plugins/com.nxp.mcuxpresso.tools.win32_11.10.0.202311280810/tools/bin/../lib/gcc/arm-none-eabi/13.2.1/../../../../arm-none-eabi/lib/thumb/v8-m.main+fp/hard\libcr_nohost_nf.a(_cr__main.o)
                              ./startup/startup_lpc55s69_cm33_core0.o (__main)
C:/nxp/MCUXpressoIDE_11.10.0_3148/ide/plugins/com.nxp.mcuxpresso.tools.win32_11.10.0.202311280810/tools/bin/../lib/gcc/arm-none-eabi/13.2.1/../../../../arm-none-eabi/lib/thumb/v8-m.main+fp/hard\libcr_c.a(memset.o)
                              ./source/stream_nodes/Image/elm/TJpgDec/tjpgd3/src/tjpgd.o (memset)
C:/nxp/MCUXpressoIDE_11.10.0_3148/ide/plugins/com.nxp.mcuxpresso.tools.win32_11.10.0.202311280810/tools/bin/../lib/gcc/arm-none-eabi/13.2.1/../../../../arm-none-eabi/lib/thumb/v8-m.main+fp/hard\libcr_c.a(alloc.o)
                              ./drivers/fsl_common.o (malloc)
C:/nxp/MCUXpressoIDE_11.10.0_3148/ide/plugins/com.nxp.mcuxpresso.tools.win32_11.10.0.202311280810/tools/bin/../lib/gcc/arm-none-eabi/13.2.1/../../../../arm-none-eabi/lib/thumb/v8-m.main+fp/hard\libcr_c.a(errno.o)
                              ./utilities/fsl_str.o (errno)
C:/nxp/MCUXpressoIDE_11.10.0_3148/ide/plugins/com.nxp.mcuxpresso.tools.win32_11.10.0.202311280810/tools/bin/../lib/gcc/arm-none-eabi/13.2.1/../../../../arm-none-eabi/lib/thumb/v8-m.main+fp/hard\libcr_c.a(initio.o)
                              C:/nxp/MCUXpressoIDE_11.10.0_3148/ide/plugins/com.nxp.mcuxpresso.tools.win32_11.10.0.202311280810/tools/bin/../lib/gcc/arm-none-eabi/13.2.1/../../../../arm-none-eabi/lib/thumb/v8-m.main+fp/hard\libcr_nohost_nf.a(_cr__main.o) (_initio)
C:/nxp/MCUXpressoIDE_11.10.0_3148/ide/plugins/com.nxp.mcuxpresso.tools.win32_11.10.0.202311280810/tools/bin/../lib/gcc/arm-none-eabi/13.2.1/../../../../arm-none-eabi/lib/thumb/v8-m.main+fp/hard\libcr_c.a(scanf.o)
                              ./utilities/fsl_str.o (strtoul)
C:/nxp/MCUXpressoIDE_11.10.0_3148/ide/plugins/com.nxp.mcuxpresso.tools.win32_11.10.0.202311280810/tools/bin/../lib/gcc/arm-none-eabi/13.2.1/../../../../arm-none-eabi/lib/thumb/v8-m.main+fp/hard\libcr_c.a(setvbuf.o)
                              C:/nxp/MCUXpressoIDE_11.10.0_3148/ide/plugins/com.nxp.mcuxpresso.tools.win32_11.10.0.202311280810/tools/bin/../lib/gcc/arm-none-eabi/13.2.1/../../../../arm-none-eabi/lib/thumb/v8-m.main+fp/hard\libcr_c.a(initio.o) (setvbuf)
C:/nxp/MCUXpressoIDE_11.10.0_3148/ide/plugins/com.nxp.mcuxpresso.tools.win32_11.10.0.202311280810/tools/bin/../lib/gcc/arm-none-eabi/13.2.1/../../../../arm-none-eabi/lib/thumb/v8-m.main+fp/hard\libcr_c.a(strlen.o)
                              ./utilities/fsl_debug_console.o (strlen)
C:/nxp/MCUXpressoIDE_11.10.0_3148/ide/plugins/com.nxp.mcuxpresso.tools.win32_11.10.0.202311280810/tools/bin/../lib/gcc/arm-none-eabi/13.2.1/../../../../arm-none-eabi/lib/thumb/v8-m.main+fp/hard\libcr_c.a(ungetc.o)
                              C:/nxp/MCUXpressoIDE_11.10.0_3148/ide/plugins/com.nxp.mcuxpresso.tools.win32_11.10.0.202311280810/tools/bin/../lib/gcc/arm-none-eabi/13.2.1/../../../../arm-none-eabi/lib/thumb/v8-m.main+fp/hard\libcr_c.a(scanf.o) (ungetc)
C:/nxp/MCUXpressoIDE_11.10.0_3148/ide/plugins/com.nxp.mcuxpresso.tools.win32_11.10.0.202311280810/tools/bin/../lib/gcc/arm-none-eabi/13.2.1/../../../../arm-none-eabi/lib/thumb/v8-m.main+fp/hard\libcr_c.a(__fillbuf.o)
                              C:/nxp/MCUXpressoIDE_11.10.0_3148/ide/plugins/com.nxp.mcuxpresso.tools.win32_11.10.0.202311280810/tools/bin/../lib/gcc/arm-none-eabi/13.2.1/../../../../arm-none-eabi/lib/thumb/v8-m.main+fp/hard\libcr_c.a(scanf.o) (__filbuf)
C:/nxp/MCUXpressoIDE_11.10.0_3148/ide/plugins/com.nxp.mcuxpresso.tools.win32_11.10.0.202311280810/tools/bin/../lib/gcc/arm-none-eabi/13.2.1/../../../../arm-none-eabi/lib/thumb/v8-m.main+fp/hard\libcr_c.a(__init_alloc.o)
                              C:/nxp/MCUXpressoIDE_11.10.0_3148/ide/plugins/com.nxp.mcuxpresso.tools.win32_11.10.0.202311280810/tools/bin/../lib/gcc/arm-none-eabi/13.2.1/../../../../arm-none-eabi/lib/thumb/v8-m.main+fp/hard\libcr_c.a(alloc.o) (__heaps)
C:/nxp/MCUXpressoIDE_11.10.0_3148/ide/plugins/com.nxp.mcuxpresso.tools.win32_11.10.0.202311280810/tools/bin/../lib/gcc/arm-none-eabi/13.2.1/../../../../arm-none-eabi/lib/thumb/v8-m.main+fp/hard\libcr_c.a(_cr_sbrk.o)
                              C:/nxp/MCUXpressoIDE_11.10.0_3148/ide/plugins/com.nxp.mcuxpresso.tools.win32_11.10.0.202311280810/tools/bin/../lib/gcc/arm-none-eabi/13.2.1/../../../../arm-none-eabi/lib/thumb/v8-m.main+fp/hard\libcr_c.a(alloc.o) (_sbrk)
C:/nxp/MCUXpressoIDE_11.10.0_3148/ide/plugins/com.nxp.mcuxpresso.tools.win32_11.10.0.202311280810/tools/bin/../lib/gcc/arm-none-eabi/13.2.1/../../../../arm-none-eabi/lib/thumb/v8-m.main+fp/hard\libcr_c.a(_deferredlazyseek.o)
[...]
Memory Configuration

Name             Origin             Length             Attributes
PROGRAM_FLASH    0x00000000         0x0009d800         xr
SRAM             0x20000000         0x00040000         xrw
SRAMX            0x04000000         0x00008000         xrw
USB_RAM          0x40100000         0x00004000         xrw
SRAM4            0x20040000         0x00004000         xrw
*default*        0x00000000         0xffffffff

Linker script and memory map

LOAD ./utilities/fsl_assert.o
LOAD ./utilities/fsl_debug_console.o
LOAD ./utilities/fsl_memcpy.o
LOAD ./utilities/fsl_str.o
LOAD ./startup/boot_multicore_slave.o
LOAD ./startup/startup_lpc55s69_cm33_core0.o
LOAD ./source/stream_src/stream_graph_interpreter.o
LOAD ./source/stream_src/stream_io.o
LOAD ./source/stream_src/stream_scheduler.o
LOAD ./source/stream_src/stream_services.o
LOAD ./source/stream_platform/lpc55s69evk/main_call.o
LOAD ./source/stream_platform/lpc55s69evk/platform_lpc55s69evk.o
LOAD ./source/stream_platform/lpc55s69evk/platform_lpc55s69evk_io_services.o
LOAD ./source/stream_nodes/Image/elm/TJpgDec/tjpgd3/src/tjpgd.o
LOAD ./source/stream_nodes/Image/arm/filter2D/arm_stream_filter2D.o
LOAD ./source/stream_nodes/Basic/arm/split/arm_stream_split.o
LOAD ./source/stream_nodes/Basic/arm/script/arm_stream_graph_control.o
LOAD ./source/stream_nodes/Basic/arm/script/arm_stream_script.o
LOAD ./source/stream_nodes/Basic/arm/script/arm_stream_script_process.o
LOAD ./source/stream_nodes/Basic/arm/router/arm_stream_router.o
LOAD ./source/stream_nodes/Basic/arm/router/arm_stream_router_process.o
LOAD ./source/stream_nodes/Basic/arm/rescaler/arm_stream_rescaler.o
LOAD ./source/stream_nodes/Basic/arm/rescaler/arm_stream_rescaler_process.o
LOAD ./source/stream_nodes/Basic/arm/resampler/arm_stream_resampler.o
LOAD ./source/stream_nodes/Basic/arm/resampler/arm_stream_resampler_process.o
LOAD ./source/stream_nodes/Basic/arm/qos/arm_stream_qos.o
LOAD ./source/stream_nodes/Basic/arm/qos/arm_stream_qos_process.o
LOAD ./source/stream_nodes/Basic/arm/modulator/arm_stream_modulator.o
LOAD ./source/stream_nodes/Basic/arm/modulator/arm_stream_modulator_process.o
LOAD ./source/stream_nodes/Basic/arm/mixer/arm_stream_mixer.o
LOAD ./source/stream_nodes/Basic/arm/mixer/arm_stream_mixer_process.o
LOAD ./source/stream_nodes/Basic/arm/demodulator/arm_stream_demodulator.o
LOAD ./source/stream_nodes/Basic/arm/demodulator/arm_stream_demodulator_process.o
LOAD ./source/stream_nodes/Basic/arm/converter/arm_stream_converter.o
LOAD ./source/stream_nodes/Basic/arm/converter/arm_stream_converter_process.o
LOAD ./source/stream_nodes/Basic/arm/analysis/arm_stream_analysis.o
LOAD ./source/stream_nodes/Basic/arm/analysis/arm_stream_analysis_process.o
LOAD ./source/stream_nodes/Basic/arm/amplifier/arm_stream_amplifier.o
LOAD ./source/stream_nodes/Basic/arm/amplifier/arm_stream_amplifier_process.o
LOAD ./source/stream_nodes/Audio/arm/filter/arm_stream_filter.o
LOAD ./source/stream_nodes/Audio/arm/decompressor/arm_stream_decompressor.o
LOAD ./source/stream_nodes/Audio/arm/decompressor/arm_stream_decompressor_imadpcm.o
LOAD ./source/stream_nodes/Audio/arm/decompressor/arm_stream_decompressor_process.o
LOAD ./source/stream_nodes/Audio/arm/compressor/arm_stream_compressor.o
LOAD ./source/stream_nodes/Audio/arm/compressor/arm_stream_compressor_imadpcm.o
LOAD ./source/stream_nodes/Audio/arm/compressor/arm_stream_compressor_process.o
LOAD ./source/stream_nodes/AI/arm/detector2D/arm_stream_detector2D.o
LOAD ./source/stream_nodes/AI/arm/detector2D/arm_stream_detector2D_process.o
LOAD ./source/stream_nodes/AI/arm/detector/arm_stream_detector.o
LOAD ./source/stream_nodes/AI/arm/detector/arm_stream_detector_process.o
LOAD ./source/stream_libraries/CMSIS-DSP/Source/TransformFunctions/arm_bitreversal.o
LOAD ./source/stream_libraries/CMSIS-DSP/Source/TransformFunctions/arm_bitreversal2.o
LOAD ./source/stream_libraries/CMSIS-DSP/Source/TransformFunctions/arm_cfft_f32.o
LOAD ./source/stream_libraries/CMSIS-DSP/Source/TransformFunctions/arm_cfft_init_f32.o
LOAD ./source/stream_libraries/CMSIS-DSP/Source/TransformFunctions/arm_cfft_init_q15.o
LOAD ./source/stream_libraries/CMSIS-DSP/Source/TransformFunctions/arm_cfft_q15.o
LOAD ./source/stream_libraries/CMSIS-DSP/Source/TransformFunctions/arm_cfft_radix2_f32.o
LOAD ./source/stream_libraries/CMSIS-DSP/Source/TransformFunctions/arm_cfft_radix2_init_f32.o
LOAD ./source/stream_libraries/CMSIS-DSP/Source/TransformFunctions/arm_cfft_radix2_init_q15.o
LOAD ./source/stream_libraries/CMSIS-DSP/Source/TransformFunctions/arm_cfft_radix2_q15.o
LOAD ./source/stream_libraries/CMSIS-DSP/Source/TransformFunctions/arm_cfft_radix4_f32.o
LOAD ./source/stream_libraries/CMSIS-DSP/Source/TransformFunctions/arm_cfft_radix4_init_f32.o
LOAD ./source/stream_libraries/CMSIS-DSP/Source/TransformFunctions/arm_cfft_radix4_init_q15.o
LOAD ./source/stream_libraries/CMSIS-DSP/Source/TransformFunctions/arm_cfft_radix4_q15.o
LOAD ./source/stream_libraries/CMSIS-DSP/Source/TransformFunctions/arm_cfft_radix8_f32.o
LOAD ./source/stream_libraries/CMSIS-DSP/Source/TransformFunctions/arm_rfft_f32.o
LOAD ./source/stream_libraries/CMSIS-DSP/Source/TransformFunctions/arm_rfft_fast_f32.o
LOAD ./source/stream_libraries/CMSIS-DSP/Source/TransformFunctions/arm_rfft_fast_init_f32.o
LOAD ./source/stream_libraries/CMSIS-DSP/Source/TransformFunctions/arm_rfft_init_f32.o
LOAD ./source/stream_libraries/CMSIS-DSP/Source/TransformFunctions/arm_rfft_init_q15.o
LOAD ./source/stream_libraries/CMSIS-DSP/Source/TransformFunctions/arm_rfft_q15.o
LOAD ./source/stream_libraries/CMSIS-DSP/Source/FilteringFunctions/arm_biquad_cascade_df1_f32.o
LOAD ./source/stream_libraries/CMSIS-DSP/Source/FilteringFunctions/arm_biquad_cascade_df1_fast_q15.o
LOAD ./source/stream_libraries/CMSIS-DSP/Source/FilteringFunctions/arm_biquad_cascade_df1_init_f32.o
LOAD ./source/stream_libraries/CMSIS-DSP/Source/FilteringFunctions/arm_biquad_cascade_df1_init_q15.o
LOAD ./source/stream_libraries/CMSIS-DSP/Source/CommonTables/arm_common_tables.o
LOAD ./source/stream_libraries/CMSIS-DSP/Source/CommonTables/arm_const_structs.o
LOAD ./source/stream_libraries/CMSIS-DSP/Source/CommonTables/arm_mve_tables.o
LOAD ./source/i2s_dma_record_playback.o
LOAD ./source/semihost_hardfault.o
LOAD ./drivers/fsl_clock.o
LOAD ./drivers/fsl_common.o
LOAD ./drivers/fsl_common_arm.o
LOAD ./drivers/fsl_dma.o
LOAD ./drivers/fsl_flexcomm.o
LOAD ./drivers/fsl_gpio.o
LOAD ./drivers/fsl_i2c.o
LOAD ./drivers/fsl_i2s.o
LOAD ./drivers/fsl_i2s_dma.o
LOAD ./drivers/fsl_inputmux.o
LOAD ./drivers/fsl_power.o
LOAD ./drivers/fsl_reset.o
LOAD ./drivers/fsl_sysctl.o
LOAD ./drivers/fsl_usart.o
LOAD ./device/system_LPC55S69_cm33_core0.o
LOAD ./component/uart/fsl_adapter_usart.o
LOAD ./component/lists/fsl_component_generic_list.o
LOAD ./component/i2c/fsl_adapter_flexcomm_i2c.o
LOAD ./codec/port/wm8904/fsl_codec_wm8904_adapter.o
LOAD ./codec/fsl_codec_common.o
LOAD ./codec/fsl_codec_i2c.o
LOAD ./codec/fsl_wm8904.o
LOAD ./board/board.o
LOAD ./board/clock_config.o
LOAD ./board/pin_mux.o
START GROUP
LOAD C:/nxp/MCUXpressoIDE_11.10.0_3148/ide/plugins/com.nxp.mcuxpresso.tools.win32_11.10.0.202311280810/tools/bin/../lib/gcc/arm-none-eabi/13.2.1/../../../../arm-none-eabi/lib/thumb/v8-m.main+fp/hard\libcr_nohost_nf.a
LOAD C:/nxp/MCUXpressoIDE_11.10.0_3148/ide/plugins/com.nxp.mcuxpresso.tools.win32_11.10.0.202311280810/tools/bin/../lib/gcc/arm-none-eabi/13.2.1/../../../../arm-none-eabi/lib/thumb/v8-m.main+fp/hard\libcr_c.a
LOAD C:/nxp/MCUXpressoIDE_11.10.0_3148/ide/plugins/com.nxp.mcuxpresso.tools.win32_11.10.0.202311280810/tools/bin/../lib/gcc/arm-none-eabi/13.2.1/thumb/v8-m.main+fp/hard\libcr_eabihelpers.a
LOAD C:/nxp/MCUXpressoIDE_11.10.0_3148/ide/plugins/com.nxp.mcuxpresso.tools.win32_11.10.0.202311280810/tools/bin/../lib/gcc/arm-none-eabi/13.2.1/thumb/v8-m.main+fp/hard\libgcc.a
END GROUP
                0x00000000                        __base_PROGRAM_FLASH = 0x0
                0x00000000                        __base_Flash = 0x0
                0x0009d800                        __top_PROGRAM_FLASH = 0x9d800
                0x0009d800                        __top_Flash = 0x9d800
                0x20000000                        __base_SRAM = 0x20000000
                0x20000000                        __base_RAM = 0x20000000
                0x20040000                        __top_SRAM = 0x20040000
                0x20040000                        __top_RAM = 0x20040000
                0x04000000                        __base_SRAMX = 0x4000000
                0x04000000                        __base_RAM2 = 0x4000000
                0x04008000                        __top_SRAMX = 0x4008000
                0x04008000                        __top_RAM2 = 0x4008000
                0x40100000                        __base_USB_RAM = 0x40100000
                0x40100000                        __base_RAM3 = 0x40100000
                0x40104000                        __top_USB_RAM = 0x40104000
                0x40104000                        __top_RAM3 = 0x40104000
                0x20040000                        __base_SRAM4 = 0x20040000
                0x20040000                        __base_RAM4 = 0x20040000
                0x20044000                        __top_SRAM4 = 0x20044000
                0x20044000                        __top_RAM4 = 0x20044000

.text           0x00000000     0xc734
 FILL mask 0xff
                0x00000000                        __vectors_start__ = ABSOLUTE (.)
 *(SORT_BY_ALIGNMENT(.isr_vector))
 .isr_vector    0x00000000      0x130 ./startup/startup_lpc55s69_cm33_core0.o
                0x00000000                g_pfnVectors
                0x00000000                __Vectors
                0x00000130                        . = ALIGN (0x4)
                0x00000130                        __section_table_start = .
                0x00000130                        __data_section_table = .
                0x00000130        0x4 LONG 0xc734 LOADADDR (.data)
                0x00000134        0x4 LONG 0x20000000 ADDR (.data)
                0x00000138        0x4 LONG 0x8c SIZEOF (.data)
                0x0000013c        0x4 LONG 0xc734 LOADADDR (.data_RAM2)
                0x00000140        0x4 LONG 0x4000000 ADDR (.data_RAM2)
                0x00000144        0x4 LONG 0x0 SIZEOF (.data_RAM2)
                0x00000148        0x4 LONG 0xc734 LOADADDR (.data_RAM3)
                0x0000014c        0x4 LONG 0x40100000 ADDR (.data_RAM3)
                0x00000150        0x4 LONG 0x0 SIZEOF (.data_RAM3)
                0x00000154        0x4 LONG 0xc734 LOADADDR (.data_RAM4)
                0x00000158        0x4 LONG 0x20040000 ADDR (.data_RAM4)
                0x0000015c        0x4 LONG 0x0 SIZEOF (.data_RAM4)
                0x00000160                        __data_section_table_end = .
                0x00000160                        __bss_section_table = .
                0x00000160        0x4 LONG 0x20000200 ADDR (.bss)
                0x00000164        0x4 LONG 0x7a48 SIZEOF (.bss)
                0x00000168        0x4 LONG 0x4000000 ADDR (.bss_RAM2)
                0x0000016c        0x4 LONG 0x0 SIZEOF (.bss_RAM2)
                0x00000170        0x4 LONG 0x40100000 ADDR (.bss_RAM3)
                0x00000174        0x4 LONG 0x0 SIZEOF (.bss_RAM3)
                0x00000178        0x4 LONG 0x20040000 ADDR (.bss_RAM4)
                0x0000017c        0x4 LONG 0x0 SIZEOF (.bss_RAM4)
                0x00000180                        __bss_section_table_end = .
                0x00000180                        __section_table_end = .
 *(SORT_BY_ALIGNMENT(.after_vectors*))
 .after_vectors.reset
                0x00000180       0x68 ./startup/startup_lpc55s69_cm33_core0.o
                0x00000180                ResetISR
 .after_vectors.init_data
                0x000001e8       0x1e ./startup/startup_lpc55s69_cm33_core0.o
                0x000001e8                data_init
 .after_vectors.init_bss
                0x00000206       0x12 ./startup/startup_lpc55s69_cm33_core0.o
                0x00000206                bss_init
 .after_vectors
                0x00000218       0x16 ./startup/startup_lpc55s69_cm33_core0.o
                0x00000218                NMI_Handler
                0x0000021c                MemManage_Handler
                0x0000021e                BusFault_Handler
                0x00000220                UsageFault_Handler
                0x00000222                SecureFault_Handler
                0x00000224                SVC_Handler
                0x00000226                DebugMon_Handler
                0x00000228                PendSV_Handler
                0x0000022a                SysTick_Handler
                0x0000022c                Reserved56_DriverIRQHandler
                0x0000022c                PIN_INT0_DriverIRQHandler
                0x0000022c                CTIMER2_DriverIRQHandler
                0x0000022c                SEC_VIO_DriverIRQHandler
                0x0000022c                IntDefaultHandler
                0x0000022c                USB0_DriverIRQHandler
                0x0000022c                CASER_DriverIRQHandler
                0x0000022c                MRT0_DriverIRQHandler
                0x0000022c                PIN_INT2_DriverIRQHandler
                0x0000022c                Reserved41_DriverIRQHandler
                0x0000022c                PIN_INT4_DriverIRQHandler
                0x0000022c                PIN_INT5_DriverIRQHandler
                0x0000022c                SEC_GPIO_INT0_IRQ0_DriverIRQHandler
                0x0000022c                CTIMER4_DriverIRQHandler
                0x0000022c                GINT1_DriverIRQHandler
                0x0000022c                PIN_INT7_DriverIRQHandler
                0x0000022c                Reserved55_DriverIRQHandler
                0x0000022c                UTICK0_DriverIRQHandler
                0x0000022c                USB0_NEEDCLK_DriverIRQHandler
                0x0000022c                CTIMER0_DriverIRQHandler
                0x0000022c                CTIMER1_DriverIRQHandler
                0x0000022c                PIN_INT3_DriverIRQHandler
                0x0000022c                PIN_INT6_DriverIRQHandler
                0x0000022c                PQ_DriverIRQHandler
                0x0000022c                MAILBOX_DriverIRQHandler
                0x0000022c                PIN_INT1_DriverIRQHandler
                0x0000022c                CTIMER3_DriverIRQHandler
                0x0000022c                Reserved61_DriverIRQHandler
                0x0000022c                SEC_GPIO_INT0_IRQ1_DriverIRQHandler
                0x0000022c                PUF_DriverIRQHandler
                0x0000022c                RTC_DriverIRQHandler
                0x0000022c                Reserved42_DriverIRQHandler
                0x0000022c                Reserved39_DriverIRQHandler
                0x0000022c                USB1_DriverIRQHandler
                0x0000022c                Reserved60_DriverIRQHandler
                0x0000022c                ADC0_DriverIRQHandler
                0x0000022c                USB1_NEEDCLK_DriverIRQHandler
                0x0000022c                Reserved59_DriverIRQHandler
                0x0000022c                SDIO_DriverIRQHandler
                0x0000022c                GINT0_DriverIRQHandler
                0x0000022c                USB1_PHY_DriverIRQHandler
                0x0000022c                ACMP_DriverIRQHandler
                0x0000022c                Reserved57_DriverIRQHandler
                0x0000022c                HASHCRYPT_DriverIRQHandler
                0x0000022c                Reserved46_DriverIRQHandler
                0x0000022c                WDT_BOD_DriverIRQHandler
                0x0000022c                SCT0_DriverIRQHandler
                0x0000022c                PLU_DriverIRQHandler
                0x0000022c                OS_EVENT_DriverIRQHandler
                0x0000022c                SEC_HYPERVISOR_CALL_DriverIRQHandler
 *(SORT_BY_ALIGNMENT(.text*))
 *fill*         0x0000022e        0x2 ff
 .text.__assertion_failed
                0x00000230       0x2c ./utilities/fsl_assert.o
                0x00000230                __assertion_failed
 .text.DbgConsole_Init
                0x0000025c       0x88 ./utilities/fsl_debug_console.o
                0x0000025c                DbgConsole_Init
 .text.DbgConsole_Vprintf
                0x000002e4       0x3c ./utilities/fsl_debug_console.o
                0x000002e4                DbgConsole_Vprintf
 .text.DbgConsole_Putchar
                0x00000320       0x30 ./utilities/fsl_debug_console.o
                0x00000320                DbgConsole_Putchar
 .text.DbgConsole_PrintfFormattedData
                0x00000350      0x3e0 ./utilities/fsl_debug_console.o
 .text          0x00000730       0xa0 ./utilities/fsl_memcpy.o
                0x00000730                memcpy
 .text.arm_graph_interpreter
                0x000007d0       0x80 ./source/stream_src/stream_graph_interpreter.o
                0x000007d0                arm_graph_interpreter
 .text.arm_graph_interpreter_io_ack
                0x00000850      0x354 ./source/stream_src/stream_io.o
                0x00000850                arm_graph_interpreter_io_ack
 .text.arc_data_operations
                0x00000ba4      0x1dc ./source/stream_src/stream_scheduler.o
 .text.stream_scan_graph
                0x00000d80      0x204 ./source/stream_src/stream_scheduler.o
                0x00000d80                stream_scan_graph
 .text.reset_component
                0x00000f84      0x17c ./source/stream_src/stream_scheduler.o
 .text.arm_stream_services_internal
                0x00001100       0x58 ./source/stream_src/stream_services.o
 .text.arm_stream_services
                0x00001158       0xfc ./source/stream_src/stream_services.o
                0x00001158                arm_stream_services
 .text.main_init
                0x00001254       0x20 ./source/stream_platform/lpc55s69evk/main_call.o
                0x00001254                main_init
 .text.main_run
                0x00001274       0x18 ./source/stream_platform/lpc55s69evk/main_call.o
                0x00001274                main_run
 .text.lin2pack
                0x0000128c       0x5c ./source/stream_platform/lpc55s69evk/platform_lpc55s69evk.o
                0x0000128c                lin2pack
 .text.platform_init_stream_instance
                0x000012e8      0x1ec ./source/stream_platform/lpc55s69evk/platform_lpc55s69evk.o
                0x000012e8                platform_init_stream_instance
 .text.platform_init_copy_graph
                0x000014d4      0x128 ./source/stream_platform/lpc55s69evk/platform_lpc55s69evk.o
                0x000014d4                platform_init_copy_graph
 .text.platform_init_io
                0x000015fc      0x144 ./source/stream_platform/lpc55s69evk/platform_lpc55s69evk.o
                0x000015fc                platform_init_io
 .text.al_services
                0x00001740       0x74 ./source/stream_platform/lpc55s69evk/platform_lpc55s69evk.o
                0x00001740                al_services
 .text.analog_sensor_0
                0x000017b4       0x30 ./source/stream_platform/lpc55s69evk/platform_lpc55s69evk_io_services.o
                0x000017b4                analog_sensor_0
 .text.gpio_out_0
                0x000017e4       0x48 ./source/stream_platform/lpc55s69evk/platform_lpc55s69evk_io_services.o
                0x000017e4                gpio_out_0
 .text.arm_stream_filter2D
                0x0000182c      0x244 ./source/stream_nodes/Image/arm/filter2D/arm_stream_filter2D.o
                0x0000182c                arm_stream_filter2D
 .text.arm_stream_split
                0x00001a70      0x1f8 ./source/stream_nodes/Basic/arm/split/arm_stream_split.o
                0x00001a70                arm_stream_split
 .text.arm_stream_script_interpreter
                0x00001c68      0x34c ./source/stream_nodes/Basic/arm/script/arm_stream_script_process.o
                0x00001c68                arm_stream_script_interpreter
 .text.arm_stream_rescaler
                0x00001fb4       0xa8 ./source/stream_nodes/Basic/arm/rescaler/arm_stream_rescaler.o
                0x00001fb4                arm_stream_rescaler
 .text.arm_stream_modulator
                0x0000205c       0xc8 ./source/stream_nodes/Basic/arm/modulator/arm_stream_modulator.o
                0x0000205c                arm_stream_modulator
 .text.arm_stream_mixer
                0x00002124      0x1fc ./source/stream_nodes/Basic/arm/mixer/arm_stream_mixer.o
                0x00002124                arm_stream_mixer
 .text.arm_stream_demodulator
                0x00002320       0xd0 ./source/stream_nodes/Basic/arm/demodulator/arm_stream_demodulator.o
                0x00002320                arm_stream_demodulator
 .text.arm_stream_amplifier
                0x000023f0      0x1c4 ./source/stream_nodes/Basic/arm/amplifier/arm_stream_amplifier.o
                0x000023f0                arm_stream_amplifier
 .text.arm_stream_decompressor
                0x000025b4       0xc8 ./source/stream_nodes/Audio/arm/decompressor/arm_stream_decompressor.o
                0x000025b4                arm_stream_decompressor
 .text.arm_stream_compressor
                0x0000267c       0xc8 ./source/stream_nodes/Audio/arm/compressor/arm_stream_compressor.o
                0x0000267c                arm_stream_compressor
 .text.arm_stream_detector2D
                0x00002744      0x1ac ./source/stream_nodes/AI/arm/detector2D/arm_stream_detector2D.o
                0x00002744                arm_stream_detector2D
 .text.arm_stream_detector
                0x000028f0      0x1c0 ./source/stream_nodes/AI/arm/detector/arm_stream_detector.o
                0x000028f0                arm_stream_detector
 .text.arm_stream_detector_process
                0x00002ab0      0x30c ./source/stream_nodes/AI/arm/detector/arm_stream_detector_process.o
                0x00002ab0                arm_stream_detector_process
 .text.__NVIC_EnableIRQ
                0x00002dbc       0x3c ./source/i2s_dma_record_playback.o
 .text.__NVIC_ClearPendingIRQ
                0x00002df8       0x3c ./source/i2s_dma_record_playback.o
 .text.DMA_EnableChannel
                0x00002e34       0x58 ./source/i2s_dma_record_playback.o
 .text.DMA_SetChannelPriority
                0x00002e8c       0x4c ./source/i2s_dma_record_playback.o
 .text.POWER_SetBodVbatLevel
                0x00002ed8       0x58 ./source/i2s_dma_record_playback.o
 .text.BOARD_InitSysctrl
                0x00002f30       0x5c ./source/i2s_dma_record_playback.o
                0x00002f30                BOARD_InitSysctrl
 .text.main     0x00002f8c      0x260 ./source/i2s_dma_record_playback.o
                0x00002f8c                main
 .text.StartDigitalLoopback
                0x000031ec       0xb4 ./source/i2s_dma_record_playback.o
 .text.TxCallback
                0x000032a0       0x48 ./source/i2s_dma_record_playback.o
 .text.RxCallback
                0x000032e8       0x48 ./source/i2s_dma_record_playback.o
 .text.POWER_EnablePD
                0x00003330       0x20 ./drivers/fsl_clock.o
 .text.POWER_DisablePD
                0x00003350       0x20 ./drivers/fsl_clock.o
 .text.CLOCK_AttachClk
                0x00003370       0xa0 ./drivers/fsl_clock.o
                0x00003370                CLOCK_AttachClk
 .text.CLOCK_SetClkDiv
                0x00003410       0x80 ./drivers/fsl_clock.o
                0x00003410                CLOCK_SetClkDiv
 .text.CLOCK_SetupFROClocking
                0x00003490       0x80 ./drivers/fsl_clock.o
                0x00003490                CLOCK_SetupFROClocking
 .text.CLOCK_SetFLASHAccessCyclesForFreq
                0x00003510      0x17c ./drivers/fsl_clock.o
                0x00003510                CLOCK_SetFLASHAccessCyclesForFreq
 .text.CLOCK_GetFro1MFreq
                0x0000368c       0x28 ./drivers/fsl_clock.o
                0x0000368c                CLOCK_GetFro1MFreq
 .text.CLOCK_GetExtClkFreq
                0x000036b4       0x2c ./drivers/fsl_clock.o
                0x000036b4                CLOCK_GetExtClkFreq
 .text.CLOCK_GetPll0OutFreq
                0x000036e0       0x18 ./drivers/fsl_clock.o
                0x000036e0                CLOCK_GetPll0OutFreq
 .text.CLOCK_GetOsc32KFreq
                0x000036f8       0x58 ./drivers/fsl_clock.o
                0x000036f8                CLOCK_GetOsc32KFreq
 .text.CLOCK_GetPLL0InClockRate
                0x00003750       0x64 ./drivers/fsl_clock.o
                0x00003750                CLOCK_GetPLL0InClockRate
 .text.CLOCK_SetPLL0Freq
                0x000037b4      0x14c ./drivers/fsl_clock.o
                0x000037b4                CLOCK_SetPLL0Freq
 .text.SDK_DelayAtLeastUs
                0x00003900       0x8c ./drivers/fsl_common_arm.o
                0x00003900                SDK_DelayAtLeastUs
 .text.__NVIC_EnableIRQ
                0x0000398c       0x3c ./drivers/fsl_dma.o
 .text.DMA_EnableChannelInterrupts
                0x000039c8       0x58 ./drivers/fsl_dma.o
 .text.DMA_EnableChannel
                0x00003a20       0x58 ./drivers/fsl_dma.o
 .text.DMA_DisableChannel
                0x00003a78       0x58 ./drivers/fsl_dma.o
 .text.DMA_GetInstance
                0x00003ad0       0x4c ./drivers/fsl_dma.o
 .text.DMA_Init
                0x00003b1c       0x68 ./drivers/fsl_dma.o
                0x00003b1c                DMA_Init
 .text.DMA_SetupDescriptor
                0x00003b84      0x124 ./drivers/fsl_dma.o
                0x00003b84                DMA_SetupDescriptor
 .text.DMA_AbortTransfer
                0x00003ca8       0xa8 ./drivers/fsl_dma.o
                0x00003ca8                DMA_AbortTransfer
 .text.DMA_CreateHandle
                0x00003d50       0x88 ./drivers/fsl_dma.o
                0x00003d50                DMA_CreateHandle
 .text.DMA_SetCallback
                0x00003dd8       0x30 ./drivers/fsl_dma.o
                0x00003dd8                DMA_SetCallback
 .text.DMA_SubmitChannelTransferParameter
                0x00003e08       0x84 ./drivers/fsl_dma.o
                0x00003e08                DMA_SubmitChannelTransferParameter
 .text.DMA_StartTransfer
                0x00003e8c       0x80 ./drivers/fsl_dma.o
                0x00003e8c                DMA_StartTransfer
 .text.DMA_IRQHandle
                0x00003f0c      0x1c4 ./drivers/fsl_dma.o
                0x00003f0c                DMA_IRQHandle
 .text.DMA0_DriverIRQHandler
                0x000040d0       0x14 ./drivers/fsl_dma.o
                0x000040d0                DMA0_DriverIRQHandler
 .text.DMA1_DriverIRQHandler
                0x000040e4       0x14 ./drivers/fsl_dma.o
                0x000040e4                DMA1_DriverIRQHandler
 .text.FLEXCOMM_GetInstance
                0x000040f8       0x4c ./drivers/fsl_flexcomm.o
                0x000040f8                FLEXCOMM_GetInstance
 .text.FLEXCOMM_Init
                0x00004144       0x50 ./drivers/fsl_flexcomm.o
                0x00004144                FLEXCOMM_Init
 .text.FLEXCOMM0_DriverIRQHandler
                0x00004194       0x5c ./drivers/fsl_flexcomm.o
                0x00004194                FLEXCOMM0_DriverIRQHandler
 .text.FLEXCOMM1_DriverIRQHandler
                0x000041f0       0x5c ./drivers/fsl_flexcomm.o
                0x000041f0                FLEXCOMM1_DriverIRQHandler
 .text.FLEXCOMM2_DriverIRQHandler
                0x0000424c       0x5c ./drivers/fsl_flexcomm.o
                0x0000424c                FLEXCOMM2_DriverIRQHandler
 .text.FLEXCOMM3_DriverIRQHandler
                0x000042a8       0x5c ./drivers/fsl_flexcomm.o
                0x000042a8                FLEXCOMM3_DriverIRQHandler
 .text.FLEXCOMM4_DriverIRQHandler
                0x00004304       0x5c ./drivers/fsl_flexcomm.o
                0x00004304                FLEXCOMM4_DriverIRQHandler
 .text.FLEXCOMM5_DriverIRQHandler
                0x00004360       0x5c ./drivers/fsl_flexcomm.o
                0x00004360                FLEXCOMM5_DriverIRQHandler
 .text.FLEXCOMM6_DriverIRQHandler
                0x000043bc       0x5c ./drivers/fsl_flexcomm.o
                0x000043bc                FLEXCOMM6_DriverIRQHandler
 .text.FLEXCOMM7_DriverIRQHandler
                0x00004418       0x5c ./drivers/fsl_flexcomm.o
                0x00004418                FLEXCOMM7_DriverIRQHandler
 .text.FLEXCOMM8_DriverIRQHandler
                0x00004474       0x5c ./drivers/fsl_flexcomm.o
                0x00004474                FLEXCOMM8_DriverIRQHandler
 .text.I2C_ClearStatusFlags
                0x000044d0       0x2c ./drivers/fsl_i2c.o
 .text.I2C_MasterGetDefaultConfig
                0x000044fc       0x38 ./drivers/fsl_i2c.o
                0x000044fc                I2C_MasterGetDefaultConfig
 .text.I2C_MasterSetBaudRate
                0x00004534      0x13c ./drivers/fsl_i2c.o
                0x00004534                I2C_MasterSetBaudRate
 .text.I2C_MasterSetTimeoutValue
                0x00004670       0x84 ./drivers/fsl_i2c.o
                0x00004670                I2C_MasterSetTimeoutValue
 .text.I2C_PendingStatusWait
                0x000046f4       0x74 ./drivers/fsl_i2c.o
 .text.I2C_MasterWriteBlocking
                0x00004768       0xe4 ./drivers/fsl_i2c.o
                0x00004768                I2C_MasterWriteBlocking
 .text.I2C_MasterReadBlocking
                0x0000484c       0xcc ./drivers/fsl_i2c.o
                0x0000484c                I2C_MasterReadBlocking
 .text.I2C_MasterTransferBlocking
                0x00004918      0x178 ./drivers/fsl_i2c.o
                0x00004918                I2C_MasterTransferBlocking
 .text.I2S_EmptyTxFifo
                0x00004a90       0x84 ./drivers/fsl_i2s.o
                0x00004a90                I2S_EmptyTxFifo
 .text.I2S_Config
                0x00004b14       0xf0 ./drivers/fsl_i2s.o
 .text.DMA_EnableChannelInterrupts
                0x00004c04       0x58 ./drivers/fsl_i2s_dma.o
 .text.DMA_DisableChannelInterrupts
                0x00004c5c       0x58 ./drivers/fsl_i2s_dma.o
 .text.DMA_EnableChannelPeriphRq
                0x00004cb4       0x40 ./drivers/fsl_i2s_dma.o
 .text.DMA_SetChannelXferConfig
                0x00004cf4       0xb4 ./drivers/fsl_i2s_dma.o
 .text.I2S_EnqueueUserBuffer
                0x00004da8      0x134 ./drivers/fsl_i2s_dma.o
 .text.I2S_GetInstance
                0x00004edc       0x44 ./drivers/fsl_i2s_dma.o
 .text.I2S_TxTransferCreateHandleDMA
                0x00004f20       0xd0 ./drivers/fsl_i2s_dma.o
                0x00004f20                I2S_TxTransferCreateHandleDMA
 .text.I2S_TransferAbortDMA
                0x00004ff0       0xe8 ./drivers/fsl_i2s_dma.o
                0x00004ff0                I2S_TransferAbortDMA
 .text.I2S_GetTransferBytes
                0x000050d8       0x64 ./drivers/fsl_i2s_dma.o
 .text.I2S_StartTransferDMA
                0x0000513c      0x1fc ./drivers/fsl_i2s_dma.o
 .text.I2S_AddTransferDMA
                0x00005338      0x1e4 ./drivers/fsl_i2s_dma.o
 .text.lowpower_set_system_voltage
                0x0000551c      0x154 ./drivers/fsl_power.o
 .text.lowpower_set_dcdc_power_profile
                0x00005670       0xec ./drivers/fsl_power.o
 .text.lowpower_get_part_process_corner
                0x0000575c       0x94 ./drivers/fsl_power.o
 .text.POWER_SetVoltageForFreq
                0x000057f0       0x50 ./drivers/fsl_power.o
                0x000057f0                POWER_SetVoltageForFreq
 .text.RESET_SetPeripheralReset
                0x00005840       0x5c ./drivers/fsl_reset.o
                0x00005840                RESET_SetPeripheralReset
 .text.RESET_ClearPeripheralReset
                0x0000589c       0x60 ./drivers/fsl_reset.o
                0x0000589c                RESET_ClearPeripheralReset
 .text.SYSCTL_GetInstance
                0x000058fc       0x40 ./drivers/fsl_sysctl.o
 .text.USART_Init
                0x0000593c      0x1cc ./drivers/fsl_usart.o
                0x0000593c                USART_Init
 .text.USART_GetDefaultConfig
                0x00005b08       0x80 ./drivers/fsl_usart.o
                0x00005b08                USART_GetDefaultConfig
 .text.USART_SetBaudRate
                0x00005b88      0x18c ./drivers/fsl_usart.o
                0x00005b88                USART_SetBaudRate
 .text.USART_WriteBlocking
                0x00005d14       0x8c ./drivers/fsl_usart.o
                0x00005d14                USART_WriteBlocking
 .text.USART_ReadBlocking
                0x00005da0      0x104 ./drivers/fsl_usart.o
                0x00005da0                USART_ReadBlocking
 .text.SystemInit
                0x00005ea4       0x64 ./device/system_LPC55S69_cm33_core0.o
                0x00005ea4                SystemInit
 .text.HAL_UartInitCommon
                0x00005f08      0x110 ./component/uart/fsl_adapter_usart.o
 .text.HAL_UartReceiveBlocking
                0x00006018       0x6c ./component/uart/fsl_adapter_usart.o
                0x00006018                HAL_UartReceiveBlocking
 .text.HAL_UartSendBlocking
                0x00006084       0x64 ./component/uart/fsl_adapter_usart.o
                0x00006084                HAL_UartSendBlocking
 .text.HAL_I2cGetStatus
                0x000060e8       0xa8 ./component/i2c/fsl_adapter_flexcomm_i2c.o
 .text.HAL_I2cMasterInit
                0x00006190       0x78 ./component/i2c/fsl_adapter_flexcomm_i2c.o
                0x00006190                HAL_I2cMasterInit
 .text.HAL_I2cMasterTransferBlocking
                0x00006208       0x94 ./component/i2c/fsl_adapter_flexcomm_i2c.o
                0x00006208                HAL_I2cMasterTransferBlocking
 .text.HAL_CODEC_WM8904_Init
                0x0000629c       0x4c ./codec/port/wm8904/fsl_codec_wm8904_adapter.o
                0x0000629c                HAL_CODEC_WM8904_Init
 .text.HAL_CODEC_WM8904_SetVolume
                0x000062e8       0xd8 ./codec/port/wm8904/fsl_codec_wm8904_adapter.o
                0x000062e8                HAL_CODEC_WM8904_SetVolume
 .text.CODEC_Init
                0x000063c0       0x38 ./codec/fsl_codec_common.o
                0x000063c0                CODEC_Init
 .text.CODEC_SetVolume
                0x000063f8       0x74 ./codec/fsl_codec_common.o
                0x000063f8                CODEC_SetVolume
 .text.WM8904_WriteRegister
                0x0000646c       0x64 ./codec/fsl_wm8904.o
                0x0000646c                WM8904_WriteRegister
 .text.WM8904_ReadRegister
                0x000064d0       0x70 ./codec/fsl_wm8904.o
                0x000064d0                WM8904_ReadRegister
 .text.WM8904_Init
                0x00006540      0x3d8 ./codec/fsl_wm8904.o
                0x00006540                WM8904_Init
 .text.WM8904_SetMasterClock
                0x00006918      0x434 ./codec/fsl_wm8904.o
                0x00006918                WM8904_SetMasterClock
 .text.WM8904_SetFLLConfig
                0x00006d4c      0x238 ./codec/fsl_wm8904.o
                0x00006d4c                WM8904_SetFLLConfig
 .text.WM8904_CheckAudioFormat
                0x00006f84      0x210 ./codec/fsl_wm8904.o
                0x00006f84                WM8904_CheckAudioFormat
 .text.WM8904_SetChannelVolume
                0x00007194       0xb4 ./codec/fsl_wm8904.o
                0x00007194                WM8904_SetChannelVolume
 .text.WM8904_SetRecord
                0x00007248       0xd0 ./codec/fsl_wm8904.o
                0x00007248                WM8904_SetRecord
 .text.BOARD_InitDebugConsole
                0x00007318       0x38 ./board/board.o
                0x00007318                BOARD_InitDebugConsole
 .text.POWER_DisablePD
                0x00007350       0x20 ./board/clock_config.o
 .text.BOARD_BootClockFROHF96M
                0x00007370       0x58 ./board/clock_config.o
                0x00007370                BOARD_BootClockFROHF96M
 .text.BOARD_InitPins
                0x000073c8       0xe0 ./board/pin_mux.o
                0x000073c8                BOARD_InitPins
 .text._initio  0x000074a8       0x78 C:/nxp/MCUXpressoIDE_11.10.0_3148/ide/plugins/com.nxp.mcuxpresso.tools.win32_11.10.0.202311280810/tools/bin/../lib/gcc/arm-none-eabi/13.2.1/../../../../arm-none-eabi/lib/thumb/v8-m.main+fp/hard\libcr_c.a(initio.o)
                0x000074a8                _initio
 .text._Cwritebuf
                0x00007520       0x6c C:/nxp/MCUXpressoIDE_11.10.0_3148/ide/plugins/com.nxp.mcuxpresso.tools.win32_11.10.0.202311280810/tools/bin/../lib/gcc/arm-none-eabi/13.2.1/../../../../arm-none-eabi/lib/thumb/v8-m.main+fp/hard\libcr_c.a(_writebuf.o)
                0x00007520                _Cwritebuf
 .text.fflush   0x0000758c       0x3c C:/nxp/MCUXpressoIDE_11.10.0_3148/ide/plugins/com.nxp.mcuxpresso.tools.win32_11.10.0.202311280810/tools/bin/../lib/gcc/arm-none-eabi/13.2.1/../../../../arm-none-eabi/lib/thumb/v8-m.main+fp/hard\libcr_c.a(fflush.o)
                0x0000758c                fflush
 .text.fseek    0x000075c8       0xf8 C:/nxp/MCUXpressoIDE_11.10.0_3148/ide/plugins/com.nxp.mcuxpresso.tools.win32_11.10.0.202311280810/tools/bin/../lib/gcc/arm-none-eabi/13.2.1/../../../../arm-none-eabi/lib/thumb/v8-m.main+fp/hard\libcr_c.a(fseek.o)
                0x000075c8                fseek
 .text.ftell    0x000076c0       0x44 C:/nxp/MCUXpressoIDE_11.10.0_3148/ide/plugins/com.nxp.mcuxpresso.tools.win32_11.10.0.202311280810/tools/bin/../lib/gcc/arm-none-eabi/13.2.1/../../../../arm-none-eabi/lib/thumb/v8-m.main+fp/hard\libcr_c.a(ftell.o)
                0x000076c0                ftell
 .text.fsl_assert_hook
                0x00007704       0x1a ./utilities/fsl_assert.o
                0x00007704                fsl_assert_hook
 .text.DbgConsole_Printf
                0x0000771e       0x2c ./utilities/fsl_debug_console.o
                0x0000771e                DbgConsole_Printf
 .text.DbgConsole_PrintfPaddingCharacter
                0x0000774a       0x40 ./utilities/fsl_debug_console.o
 .text.DbgConsole_ConvertRadixNumToString
                0x0000778a       0xc2 ./utilities/fsl_debug_console.o
 .text.WDT_BOD_IRQHandler
                0x0000784c        0x8 ./startup/startup_lpc55s69_cm33_core0.o
                0x0000784c                WDT_BOD_IRQHandler
 .text.DMA0_IRQHandler
                0x00007854        0x8 ./startup/startup_lpc55s69_cm33_core0.o
                0x00007854                DMA0_IRQHandler
 .text.GINT0_IRQHandler
                0x0000785c        0x8 ./startup/startup_lpc55s69_cm33_core0.o
                0x0000785c                GINT0_IRQHandler
 .text.GINT1_IRQHandler
                0x00007864        0x8 ./startup/startup_lpc55s69_cm33_core0.o
                0x00007864                GINT1_IRQHandler
 .text.PIN_INT0_IRQHandler
                0x0000786c        0x8 ./startup/startup_lpc55s69_cm33_core0.o
                0x0000786c                PIN_INT0_IRQHandler
 .text.PIN_INT1_IRQHandler
                0x00007874        0x8 ./startup/startup_lpc55s69_cm33_core0.o
                0x00007874                PIN_INT1_IRQHandler
 .text.PIN_INT2_IRQHandler
                0x0000787c        0x8 ./startup/startup_lpc55s69_cm33_core0.o
                0x0000787c                PIN_INT2_IRQHandler
 .text.PIN_INT3_IRQHandler
                0x00007884        0x8 ./startup/startup_lpc55s69_cm33_core0.o
                0x00007884                PIN_INT3_IRQHandler
 .text.UTICK0_IRQHandler
                0x0000788c        0x8 ./startup/startup_lpc55s69_cm33_core0.o
                0x0000788c                UTICK0_IRQHandler
 .text.MRT0_IRQHandler
                0x00007894        0x8 ./startup/startup_lpc55s69_cm33_core0.o
                0x00007894                MRT0_IRQHandler
 .text.CTIMER0_IRQHandler
                0x0000789c        0x8 ./startup/startup_lpc55s69_cm33_core0.o
                0x0000789c                CTIMER0_IRQHandler
 .text.CTIMER1_IRQHandler
                0x000078a4        0x8 ./startup/startup_lpc55s69_cm33_core0.o
                0x000078a4                CTIMER1_IRQHandler
 .text.SCT0_IRQHandler
                0x000078ac        0x8 ./startup/startup_lpc55s69_cm33_core0.o
                0x000078ac                SCT0_IRQHandler
 .text.CTIMER3_IRQHandler
                0x000078b4        0x8 ./startup/startup_lpc55s69_cm33_core0.o
                0x000078b4                CTIMER3_IRQHandler
 .text.FLEXCOMM0_IRQHandler
                0x000078bc        0x8 ./startup/startup_lpc55s69_cm33_core0.o
                0x000078bc                FLEXCOMM0_IRQHandler
 .text.FLEXCOMM1_IRQHandler
                0x000078c4        0x8 ./startup/startup_lpc55s69_cm33_core0.o
                0x000078c4                FLEXCOMM1_IRQHandler
 .text.FLEXCOMM2_IRQHandler
                0x000078cc        0x8 ./startup/startup_lpc55s69_cm33_core0.o
                0x000078cc                FLEXCOMM2_IRQHandler
 .text.FLEXCOMM3_IRQHandler
                0x000078d4        0x8 ./startup/startup_lpc55s69_cm33_core0.o
                0x000078d4                FLEXCOMM3_IRQHandler
 .text.FLEXCOMM4_IRQHandler
                0x000078dc        0x8 ./startup/startup_lpc55s69_cm33_core0.o
                0x000078dc                FLEXCOMM4_IRQHandler
 .text.FLEXCOMM5_IRQHandler
                0x000078e4        0x8 ./startup/startup_lpc55s69_cm33_core0.o
                0x000078e4                FLEXCOMM5_IRQHandler
 .text.FLEXCOMM6_IRQHandler
                0x000078ec        0x8 ./startup/startup_lpc55s69_cm33_core0.o
                0x000078ec                FLEXCOMM6_IRQHandler
 .text.FLEXCOMM7_IRQHandler
                0x000078f4        0x8 ./startup/startup_lpc55s69_cm33_core0.o
                0x000078f4                FLEXCOMM7_IRQHandler
 .text.ADC0_IRQHandler
                0x000078fc        0x8 ./startup/startup_lpc55s69_cm33_core0.o
                0x000078fc                ADC0_IRQHandler
 .text.Reserved39_IRQHandler
                0x00007904        0x8 ./startup/startup_lpc55s69_cm33_core0.o
                0x00007904                Reserved39_IRQHandler
 .text.ACMP_IRQHandler
                0x0000790c        0x8 ./startup/startup_lpc55s69_cm33_core0.o
                0x0000790c                ACMP_IRQHandler
 .text.Reserved41_IRQHandler
                0x00007914        0x8 ./startup/startup_lpc55s69_cm33_core0.o
                0x00007914                Reserved41_IRQHandler
 .text.Reserved42_IRQHandler
                0x0000791c        0x8 ./startup/startup_lpc55s69_cm33_core0.o
                0x0000791c                Reserved42_IRQHandler
 .text.USB0_NEEDCLK_IRQHandler
                0x00007924        0x8 ./startup/startup_lpc55s69_cm33_core0.o
                0x00007924                USB0_NEEDCLK_IRQHandler
 .text.USB0_IRQHandler
                0x0000792c        0x8 ./startup/startup_lpc55s69_cm33_core0.o
                0x0000792c                USB0_IRQHandler
 .text.RTC_IRQHandler
                0x00007934        0x8 ./startup/startup_lpc55s69_cm33_core0.o
                0x00007934                RTC_IRQHandler
 .text.Reserved46_IRQHandler
                0x0000793c        0x8 ./startup/startup_lpc55s69_cm33_core0.o
                0x0000793c                Reserved46_IRQHandler
 .text.MAILBOX_IRQHandler
                0x00007944        0x8 ./startup/startup_lpc55s69_cm33_core0.o
                0x00007944                MAILBOX_IRQHandler
 .text.PIN_INT4_IRQHandler
                0x0000794c        0x8 ./startup/startup_lpc55s69_cm33_core0.o
                0x0000794c                PIN_INT4_IRQHandler
 .text.PIN_INT5_IRQHandler
                0x00007954        0x8 ./startup/startup_lpc55s69_cm33_core0.o
                0x00007954                PIN_INT5_IRQHandler
 .text.PIN_INT6_IRQHandler
                0x0000795c        0x8 ./startup/startup_lpc55s69_cm33_core0.o
                0x0000795c                PIN_INT6_IRQHandler
 .text.PIN_INT7_IRQHandler
                0x00007964        0x8 ./startup/startup_lpc55s69_cm33_core0.o
                0x00007964                PIN_INT7_IRQHandler
 .text.CTIMER2_IRQHandler
                0x0000796c        0x8 ./startup/startup_lpc55s69_cm33_core0.o
                0x0000796c                CTIMER2_IRQHandler
 .text.CTIMER4_IRQHandler
                0x00007974        0x8 ./startup/startup_lpc55s69_cm33_core0.o
                0x00007974                CTIMER4_IRQHandler
 .text.OS_EVENT_IRQHandler
                0x0000797c        0x8 ./startup/startup_lpc55s69_cm33_core0.o
                0x0000797c                OS_EVENT_IRQHandler
 .text.Reserved55_IRQHandler
                0x00007984        0x8 ./startup/startup_lpc55s69_cm33_core0.o
                0x00007984                Reserved55_IRQHandler
 .text.Reserved56_IRQHandler
                0x0000798c        0x8 ./startup/startup_lpc55s69_cm33_core0.o
                0x0000798c                Reserved56_IRQHandler
 .text.Reserved57_IRQHandler
                0x00007994        0x8 ./startup/startup_lpc55s69_cm33_core0.o
                0x00007994                Reserved57_IRQHandler
 .text.SDIO_IRQHandler
                0x0000799c        0x8 ./startup/startup_lpc55s69_cm33_core0.o
                0x0000799c                SDIO_IRQHandler
 .text.Reserved59_IRQHandler
                0x000079a4        0x8 ./startup/startup_lpc55s69_cm33_core0.o
                0x000079a4                Reserved59_IRQHandler
 .text.Reserved60_IRQHandler
                0x000079ac        0x8 ./startup/startup_lpc55s69_cm33_core0.o
                0x000079ac                Reserved60_IRQHandler
 .text.Reserved61_IRQHandler
                0x000079b4        0x8 ./startup/startup_lpc55s69_cm33_core0.o
                0x000079b4                Reserved61_IRQHandler
 .text.USB1_PHY_IRQHandler
                0x000079bc        0x8 ./startup/startup_lpc55s69_cm33_core0.o
                0x000079bc                USB1_PHY_IRQHandler
 .text.USB1_IRQHandler
                0x000079c4        0x8 ./startup/startup_lpc55s69_cm33_core0.o
                0x000079c4                USB1_IRQHandler
 .text.USB1_NEEDCLK_IRQHandler
                0x000079cc        0x8 ./startup/startup_lpc55s69_cm33_core0.o
                0x000079cc                USB1_NEEDCLK_IRQHandler
 .text.SEC_HYPERVISOR_CALL_IRQHandler
                0x000079d4        0x8 ./startup/startup_lpc55s69_cm33_core0.o
                0x000079d4                SEC_HYPERVISOR_CALL_IRQHandler
 .text.SEC_GPIO_INT0_IRQ0_IRQHandler
                0x000079dc        0x8 ./startup/startup_lpc55s69_cm33_core0.o
                0x000079dc                SEC_GPIO_INT0_IRQ0_IRQHandler
 .text.SEC_GPIO_INT0_IRQ1_IRQHandler
                0x000079e4        0x8 ./startup/startup_lpc55s69_cm33_core0.o
                0x000079e4                SEC_GPIO_INT0_IRQ1_IRQHandler
 .text.PLU_IRQHandler
                0x000079ec        0x8 ./startup/startup_lpc55s69_cm33_core0.o
                0x000079ec                PLU_IRQHandler
 .text.SEC_VIO_IRQHandler
                0x000079f4        0x8 ./startup/startup_lpc55s69_cm33_core0.o
                0x000079f4                SEC_VIO_IRQHandler
 .text.HASHCRYPT_IRQHandler
                0x000079fc        0x8 ./startup/startup_lpc55s69_cm33_core0.o
                0x000079fc                HASHCRYPT_IRQHandler
 .text.CASER_IRQHandler
                0x00007a04        0x8 ./startup/startup_lpc55s69_cm33_core0.o
                0x00007a04                CASER_IRQHandler
 .text.PUF_IRQHandler
                0x00007a0c        0x8 ./startup/startup_lpc55s69_cm33_core0.o
                0x00007a0c                PUF_IRQHandler
 .text.PQ_IRQHandler
                0x00007a14        0x8 ./startup/startup_lpc55s69_cm33_core0.o
                0x00007a14                PQ_IRQHandler
 .text.DMA1_IRQHandler
                0x00007a1c        0x8 ./startup/startup_lpc55s69_cm33_core0.o
                0x00007a1c                DMA1_IRQHandler
 .text.FLEXCOMM8_IRQHandler
                0x00007a24        0x8 ./startup/startup_lpc55s69_cm33_core0.o
                0x00007a24                FLEXCOMM8_IRQHandler
 .text.stream_calls_swc
                0x00007a2c       0x3e ./source/stream_src/stream_scheduler.o
 .text.script_processing
                0x00007a6a       0x14 ./source/stream_src/stream_scheduler.o
 .text.pack2linaddr_int
                0x00007a7e       0x56 ./source/stream_src/stream_scheduler.o
 .text.arc_extract_info_int
                0x00007ad4       0x78 ./source/stream_src/stream_scheduler.o
 .text.arc_extract_info_pt
                0x00007b4c       0x6e ./source/stream_src/stream_scheduler.o
 .text.set_alignment_bit
                0x00007bba       0x7c ./source/stream_src/stream_scheduler.o
 .text.arc_ready_for_write
                0x00007c36       0x72 ./source/stream_src/stream_scheduler.o
 .text.arc_ready_for_read
                0x00007ca8       0x84 ./source/stream_src/stream_scheduler.o
 .text.arc_index_update
                0x00007d2c      0x33e ./source/stream_src/stream_scheduler.o
 .text.load_memory_segments
                0x0000806a       0xcc ./source/stream_src/stream_scheduler.o
 .text.check_graph_boundaries
                0x00008136      0x16a ./source/stream_src/stream_scheduler.o
                0x00008136                check_graph_boundaries
 .text.check_hwsw_compatibility
                0x000082a0       0x98 ./source/stream_src/stream_scheduler.o
 .text.read_header
                0x00008338      0x208 ./source/stream_src/stream_scheduler.o
 .text.lock_this_component
                0x00008540       0x1c ./source/stream_src/stream_scheduler.o
 .text.unlock_this_component
                0x0000855c       0x32 ./source/stream_src/stream_scheduler.o
 .text.set_new_parameters
                0x0000858e       0x70 ./source/stream_src/stream_scheduler.o
 .text.run_node
                0x000085fe       0xbc ./source/stream_src/stream_scheduler.o
 .text.arm_stream_services_flow
                0x000086ba       0x1a ./source/stream_src/stream_services.o
 .text.arm_stream_services_conversion
                0x000086d4       0x22 ./source/stream_src/stream_services.o
 .text.arm_stream_services_stdlib
                0x000086f6       0x2a ./source/stream_src/stream_services.o
                0x000086f6                arm_stream_services_stdlib
 .text.arm_stream_services_math
                0x00008720       0x1a ./source/stream_src/stream_services.o
                0x00008720                arm_stream_services_math
 .text.arm_stream_services_mm_audio
                0x0000873a       0x1a ./source/stream_src/stream_services.o
                0x0000873a                arm_stream_services_mm_audio
 .text.arm_stream_services_mm_image
                0x00008754       0x1a ./source/stream_src/stream_services.o
                0x00008754                arm_stream_services_mm_image
 .text.pack2linaddr_int
                0x0000876e       0x56 ./source/stream_platform/lpc55s69evk/platform_lpc55s69evk.o
 .text.pack2linaddr_ptr
                0x000087c4       0x20 ./source/stream_platform/lpc55s69evk/platform_lpc55s69evk.o
                0x000087c4                pack2linaddr_ptr
 .text.al_service_time_functions
                0x000087e4       0x28 ./source/stream_platform/lpc55s69evk/platform_lpc55s69evk.o
                0x000087e4                al_service_time_functions
 .text.al_service_mutual_exclusion
                0x0000880c       0x8e ./source/stream_platform/lpc55s69evk/platform_lpc55s69evk.o
                0x0000880c                al_service_mutual_exclusion
 .text.data_in_0
                0x0000889a       0x1a ./source/stream_platform/lpc55s69evk/platform_lpc55s69evk_io_services.o
                0x0000889a                data_in_0
 .text.data_in_1
                0x000088b4       0x1a ./source/stream_platform/lpc55s69evk/platform_lpc55s69evk_io_services.o
                0x000088b4                data_in_1
 .text.motion_in_0
                0x000088ce       0x1a ./source/stream_platform/lpc55s69evk/platform_lpc55s69evk_io_services.o
                0x000088ce                motion_in_0
 .text.audio_in_0
                0x000088e8       0x1a ./source/stream_platform/lpc55s69evk/platform_lpc55s69evk_io_services.o
                0x000088e8                audio_in_0
 .text.d2_in_0  0x00008902       0x1a ./source/stream_platform/lpc55s69evk/platform_lpc55s69evk_io_services.o
                0x00008902                d2_in_0
 .text.line_out_0
                0x0000891c       0x1a ./source/stream_platform/lpc55s69evk/platform_lpc55s69evk_io_services.o
                0x0000891c                line_out_0
 .text.gpio_out_1
                0x00008936       0x1a ./source/stream_platform/lpc55s69evk/platform_lpc55s69evk_io_services.o
                0x00008936                gpio_out_1
 .text.data_out_0
                0x00008950       0x1a ./source/stream_platform/lpc55s69evk/platform_lpc55s69evk_io_services.o
                0x00008950                data_out_0
 .text.arm_stream_graph_control
                0x0000896a       0x24 ./source/stream_nodes/Basic/arm/script/arm_stream_graph_control.o
                0x0000896a                arm_stream_graph_control
 .text.pack2linaddr_int
                0x0000898e       0x56 ./source/stream_nodes/Basic/arm/script/arm_stream_script.o
 .text.pack2linaddr_ptr
                0x000089e4       0x20 ./source/stream_nodes/Basic/arm/script/arm_stream_script.o
 .text.arm_stream_script
                0x00008a04       0xf6 ./source/stream_nodes/Basic/arm/script/arm_stream_script.o
                0x00008a04                arm_stream_script
 .text.arm_stream_router
                0x00008afa       0xb4 ./source/stream_nodes/Basic/arm/router/arm_stream_router.o
                0x00008afa                arm_stream_router
 .text.arm_stream_router_process
                0x00008bae       0x16 ./source/stream_nodes/Basic/arm/router/arm_stream_router_process.o
                0x00008bae                arm_stream_router_process
 .text.arm_stream_rescaler_process
                0x00008bc4       0x1a ./source/stream_nodes/Basic/arm/rescaler/arm_stream_rescaler_process.o
                0x00008bc4                arm_stream_rescaler_process
 .text.arm_stream_resampler
                0x00008bde       0x60 ./source/stream_nodes/Basic/arm/resampler/arm_stream_resampler.o
                0x00008bde                arm_stream_resampler
 .text.arm_stream_qos
                0x00008c3e       0xb0 ./source/stream_nodes/Basic/arm/qos/arm_stream_qos.o
                0x00008c3e                arm_stream_qos
 .text.arm_stream_qos_process
                0x00008cee       0x1a ./source/stream_nodes/Basic/arm/qos/arm_stream_qos_process.o
                0x00008cee                arm_stream_qos_process
 .text.arm_stream_modulator_process
                0x00008d08       0x1a ./source/stream_nodes/Basic/arm/modulator/arm_stream_modulator_process.o
                0x00008d08                arm_stream_modulator_process
 .text.arm_stream_mixer_process
                0x00008d22      0x2b8 ./source/stream_nodes/Basic/arm/mixer/arm_stream_mixer_process.o
                0x00008d22                arm_stream_mixer_process
 .text.arm_stream_demodulator_process
                0x00008fda       0x1a ./source/stream_nodes/Basic/arm/demodulator/arm_stream_demodulator_process.o
                0x00008fda                arm_stream_demodulator_process
 .text.arm_stream_converter
                0x00008ff4      0x11c ./source/stream_nodes/Basic/arm/converter/arm_stream_converter.o
                0x00008ff4                arm_stream_converter
 .text.arm_stream_converter_process
                0x00009110       0x18 ./source/stream_nodes/Basic/arm/converter/arm_stream_converter_process.o
                0x00009110                arm_stream_converter_process
 .text.arm_stream_analysis
                0x00009128       0xb0 ./source/stream_nodes/Basic/arm/analysis/arm_stream_analysis.o
                0x00009128                arm_stream_analysis
 .text.arm_stream_analysis_process
                0x000091d8       0x1a ./source/stream_nodes/Basic/arm/analysis/arm_stream_analysis_process.o
                0x000091d8                arm_stream_analysis_process
 .text.arm_stream_amplitude_process
                0x000091f2      0x174 ./source/stream_nodes/Basic/arm/amplifier/arm_stream_amplifier_process.o
                0x000091f2                arm_stream_amplitude_process
 .text.arm_stream_filter
                0x00009366      0x200 ./source/stream_nodes/Audio/arm/filter/arm_stream_filter.o
                0x00009366                arm_stream_filter
 .text.arm_stream_decompressor_process
                0x00009566       0x1a ./source/stream_nodes/Audio/arm/decompressor/arm_stream_decompressor_process.o
                0x00009566                arm_stream_decompressor_process
 .text.arm_stream_compressor_process
                0x00009580       0x1a ./source/stream_nodes/Audio/arm/compressor/arm_stream_compressor_process.o
                0x00009580                arm_stream_compressor_process
 .text.arm_stream_detector2D_process
                0x0000959a       0x1a ./source/stream_nodes/AI/arm/detector2D/arm_stream_detector2D_process.o
                0x0000959a                arm_stream_detector2D_process
 .text.arm_biquad_cascade_df1_fast_q15
                0x000095b4      0x27c ./source/stream_libraries/CMSIS-DSP/Source/FilteringFunctions/arm_biquad_cascade_df1_fast_q15.o
                0x000095b4                arm_biquad_cascade_df1_fast_q15
 .text.arm_biquad_cascade_df1_init_q15
                0x00009830       0x40 ./source/stream_libraries/CMSIS-DSP/Source/FilteringFunctions/arm_biquad_cascade_df1_init_q15.o
                0x00009830                arm_biquad_cascade_df1_init_q15
 .text.CLOCK_EnableClock
                0x00009870       0x30 ./source/i2s_dma_record_playback.o
 .text.EnableIRQ
                0x000098a0       0x32 ./source/i2s_dma_record_playback.o
 .text.HardFault_Handler
                0x000098d2       0x36 ./source/semihost_hardfault.o
                0x000098d2                HardFault_Handler
 .text.CLOCK_IsPLL0Locked
                0x00009908       0x24 ./drivers/fsl_clock.o
 .text.findPll0PreDiv
                0x0000992c       0x3e ./drivers/fsl_clock.o
 .text.DelayLoop
                0x0000996a       0x20 ./drivers/fsl_common_arm.o
 .text.CLOCK_EnableClock
                0x0000998a       0x30 ./drivers/fsl_dma.o
 .text.EnableIRQ
                0x000099ba       0x32 ./drivers/fsl_dma.o
 .text.DMA_GetVirtualStartChannel
                0x000099ec       0x40 ./drivers/fsl_dma.o
 .text.CLOCK_EnableClock
                0x00009a2c       0x30 ./drivers/fsl_flexcomm.o
 .text.FLEXCOMM_PeripheralIsPresent
                0x00009a5c       0x64 ./drivers/fsl_flexcomm.o
 .text.FLEXCOMM_SetPeriph
                0x00009ac0       0x74 ./drivers/fsl_flexcomm.o
 .text.I2C_MasterEnable
                0x00009b34       0x44 ./drivers/fsl_i2c.o
 .text.I2C_MasterRepeatedStart
                0x00009b78       0x26 ./drivers/fsl_i2c.o
 .text.I2C_SlaveEnable
                0x00009b9e       0x44 ./drivers/fsl_i2c.o
 .text.I2C_MasterInit
                0x00009be2       0x6e ./drivers/fsl_i2c.o
                0x00009be2                I2C_MasterInit
 .text.I2C_GetStatusFlags
                0x00009c50       0x88 ./drivers/fsl_i2c.o
                0x00009c50                I2C_GetStatusFlags
 .text.I2C_MasterStart
                0x00009cd8       0x46 ./drivers/fsl_i2c.o
                0x00009cd8                I2C_MasterStart
 .text.I2C_MasterStop
                0x00009d1e       0x2c ./drivers/fsl_i2c.o
                0x00009d1e                I2C_MasterStop
 .text.I2C_MasterCheckStartResponse
                0x00009d4a       0x3e ./drivers/fsl_i2c.o
 .text.I2S_TxInit
                0x00009d88       0x82 ./drivers/fsl_i2s.o
                0x00009d88                I2S_TxInit
 .text.I2S_RxInit
                0x00009e0a       0x72 ./drivers/fsl_i2s.o
                0x00009e0a                I2S_RxInit
 .text.I2S_TxGetDefaultConfig
                0x00009e7c       0x68 ./drivers/fsl_i2s.o
                0x00009e7c                I2S_TxGetDefaultConfig
 .text.I2S_RxGetDefaultConfig
                0x00009ee4       0x68 ./drivers/fsl_i2s.o
                0x00009ee4                I2S_RxGetDefaultConfig
 .text.I2S_Enable
                0x00009f4c       0x24 ./drivers/fsl_i2s_dma.o
 .text.I2S_Disable
                0x00009f70       0x24 ./drivers/fsl_i2s_dma.o
 .text.I2S_DisableDMAInterrupts
                0x00009f94       0x24 ./drivers/fsl_i2s_dma.o
 .text.I2S_EnableDMAInterrupts
                0x00009fb8       0x2c ./drivers/fsl_i2s_dma.o
 .text.I2S_TxTransferSendDMA
                0x00009fe4       0x74 ./drivers/fsl_i2s_dma.o
                0x00009fe4                I2S_TxTransferSendDMA
 .text.I2S_RxTransferCreateHandleDMA
                0x0000a058       0x26 ./drivers/fsl_i2s_dma.o
                0x0000a058                I2S_RxTransferCreateHandleDMA
 .text.I2S_RxTransferReceiveDMA
                0x0000a07e       0x74 ./drivers/fsl_i2s_dma.o
                0x0000a07e                I2S_RxTransferReceiveDMA
 .text.I2S_TxEnableDMA
                0x0000a0f2       0x50 ./drivers/fsl_i2s_dma.o
 .text.I2S_RxEnableDMA
                0x0000a142       0x50 ./drivers/fsl_i2s_dma.o
 .text.I2S_DMACallback
                0x0000a192      0x15e ./drivers/fsl_i2s_dma.o
                0x0000a192                I2S_DMACallback
 .text.lowpower_set_voltage_for_process
                0x0000a2f0       0xaa ./drivers/fsl_power.o
 .text.RESET_PeripheralReset
                0x0000a39a       0x1c ./drivers/fsl_reset.o
                0x0000a39a                RESET_PeripheralReset
 .text.CLOCK_EnableClock
                0x0000a3b6       0x30 ./drivers/fsl_sysctl.o
 .text.SYSCTL_UpdateRegister
                0x0000a3e6       0x36 ./drivers/fsl_sysctl.o
 .text.SYSCTL_Init
                0x0000a41c       0x20 ./drivers/fsl_sysctl.o
                0x0000a41c                SYSCTL_Init
 .text.SYSCTL_SetShareSet
                0x0000a43c       0x58 ./drivers/fsl_sysctl.o
                0x0000a43c                SYSCTL_SetShareSet
 .text.SYSCTL_SetShareSignalSrc
                0x0000a494       0x70 ./drivers/fsl_sysctl.o
                0x0000a494                SYSCTL_SetShareSignalSrc
 .text.USART_EnableContinuousSCLK
                0x0000a504       0x38 ./drivers/fsl_usart.o
 .text.SystemInitHook
                0x0000a53c        0xe ./device/system_LPC55S69_cm33_core0.o
                0x0000a53c                SystemInitHook
 .text.HAL_UartGetStatus
                0x0000a54a       0x22 ./component/uart/fsl_adapter_usart.o
 .text.HAL_UartInit
                0x0000a56c       0x36 ./component/uart/fsl_adapter_usart.o
                0x0000a56c                HAL_UartInit
 .text.HAL_CODEC_Init
                0x0000a5a2       0x1c ./codec/fsl_codec_common.o
 .text.HAL_CODEC_SetVolume
                0x0000a5be       0x20 ./codec/fsl_codec_common.o
 .text.CODEC_I2C_Init
                0x0000a5de       0x36 ./codec/fsl_codec_i2c.o
                0x0000a5de                CODEC_I2C_Init
 .text.CODEC_I2C_Send
                0x0000a614       0x4e ./codec/fsl_codec_i2c.o
                0x0000a614                CODEC_I2C_Send
 .text.CODEC_I2C_Receive
                0x0000a662       0x4e ./codec/fsl_codec_i2c.o
                0x0000a662                CODEC_I2C_Receive
 .text.WM8904_UpdateFormat
                0x0000a6b0       0x9c ./codec/fsl_wm8904.o
 .text.WM8904_WaitOnWriteSequencer
                0x0000a74c       0x36 ./codec/fsl_wm8904.o
 .text.WM8904_ModifyRegister
                0x0000a782       0x66 ./codec/fsl_wm8904.o
                0x0000a782                WM8904_ModifyRegister
 .text.WM8904_SetProtocol
                0x0000a7e8       0x24 ./codec/fsl_wm8904.o
                0x0000a7e8                WM8904_SetProtocol
 .text.WM8904_SetChannelMute
                0x0000a80c       0x9a ./codec/fsl_wm8904.o
                0x0000a80c                WM8904_SetChannelMute
 .text.WM8904_SetDACVolume
                0x0000a8a6       0x4c ./codec/fsl_wm8904.o
                0x0000a8a6                WM8904_SetDACVolume
 .text.WM8904_SetRecordChannel
                0x0000a8f2      0x18a ./codec/fsl_wm8904.o
                0x0000a8f2                WM8904_SetRecordChannel
 .text.WM8904_SetPlay
                0x0000aa7c       0x44 ./codec/fsl_wm8904.o
                0x0000aa7c                WM8904_SetPlay
 .text.CLOCK_EnableClock
                0x0000aac0       0x30 ./board/pin_mux.o
 .text.IOCON_PinMuxSet
                0x0000aaf0       0x2e ./board/pin_mux.o
 .text.BOARD_InitBootPins
                0x0000ab1e        0xc ./board/pin_mux.o
                0x0000ab1e                BOARD_InitBootPins
 .text.__main   0x0000ab2a        0xe C:/nxp/MCUXpressoIDE_11.10.0_3148/ide/plugins/com.nxp.mcuxpresso.tools.win32_11.10.0.202311280810/tools/bin/../lib/gcc/arm-none-eabi/13.2.1/../../../../arm-none-eabi/lib/thumb/v8-m.main+fp/hard\libcr_nohost_nf.a(_cr__main.o)
                0x0000ab2a                __main
 .text.memset   0x0000ab38        0x4 C:/nxp/MCUXpressoIDE_11.10.0_3148/ide/plugins/com.nxp.mcuxpresso.tools.win32_11.10.0.202311280810/tools/bin/../lib/gcc/arm-none-eabi/13.2.1/../../../../arm-none-eabi/lib/thumb/v8-m.main+fp/hard\libcr_c.a(memset.o)
                0x0000ab38                memset
 .text.free     0x0000ab3c       0x30 C:/nxp/MCUXpressoIDE_11.10.0_3148/ide/plugins/com.nxp.mcuxpresso.tools.win32_11.10.0.202311280810/tools/bin/../lib/gcc/arm-none-eabi/13.2.1/../../../../arm-none-eabi/lib/thumb/v8-m.main+fp/hard\libcr_c.a(alloc.o)
                0x0000ab3c                free
 .text.setvbuf  0x0000ab6c       0x3e C:/nxp/MCUXpressoIDE_11.10.0_3148/ide/plugins/com.nxp.mcuxpresso.tools.win32_11.10.0.202311280810/tools/bin/../lib/gcc/arm-none-eabi/13.2.1/../../../../arm-none-eabi/lib/thumb/v8-m.main+fp/hard\libcr_c.a(setvbuf.o)
                0x0000ab6c                setvbuf
 .text.strlen   0x0000abaa       0x4e C:/nxp/MCUXpressoIDE_11.10.0_3148/ide/plugins/com.nxp.mcuxpresso.tools.win32_11.10.0.202311280810/tools/bin/../lib/gcc/arm-none-eabi/13.2.1/../../../../arm-none-eabi/lib/thumb/v8-m.main+fp/hard\libcr_c.a(strlen.o)
                0x0000abaa                strlen
 .text._deferredlazyseek
                0x0000abf8       0x40 C:/nxp/MCUXpressoIDE_11.10.0_3148/ide/plugins/com.nxp.mcuxpresso.tools.win32_11.10.0.202311280810/tools/bin/../lib/gcc/arm-none-eabi/13.2.1/../../../../arm-none-eabi/lib/thumb/v8-m.main+fp/hard\libcr_c.a(_deferredlazyseek.o)
                0x0000abf8                _deferredlazyseek
 .text._fdopen  0x0000ac38       0x68 C:/nxp/MCUXpressoIDE_11.10.0_3148/ide/plugins/com.nxp.mcuxpresso.tools.win32_11.10.0.202311280810/tools/bin/../lib/gcc/arm-none-eabi/13.2.1/../../../../arm-none-eabi/lib/thumb/v8-m.main+fp/hard\libcr_c.a(_fdopen.o)
                0x0000ac38                _fdopen
 .text._fflush  0x0000aca0       0x52 C:/nxp/MCUXpressoIDE_11.10.0_3148/ide/plugins/com.nxp.mcuxpresso.tools.win32_11.10.0.202311280810/tools/bin/../lib/gcc/arm-none-eabi/13.2.1/../../../../arm-none-eabi/lib/thumb/v8-m.main+fp/hard\libcr_c.a(_fflush.o)
                0x0000aca0                _fflush
 .text.fclose   0x0000acf2       0x58 C:/nxp/MCUXpressoIDE_11.10.0_3148/ide/plugins/com.nxp.mcuxpresso.tools.win32_11.10.0.202311280810/tools/bin/../lib/gcc/arm-none-eabi/13.2.1/../../../../arm-none-eabi/lib/thumb/v8-m.main+fp/hard\libcr_c.a(fclose.o)
                0x0000acf2                fclose
 .text.remove   0x0000ad4a       0x14 C:/nxp/MCUXpressoIDE_11.10.0_3148/ide/plugins/com.nxp.mcuxpresso.tools.win32_11.10.0.202311280810/tools/bin/../lib/gcc/arm-none-eabi/13.2.1/../../../../arm-none-eabi/lib/thumb/v8-m.main+fp/hard\libcr_c.a(remove.o)
                0x0000ad4a                remove
 .text._do_fflush
                0x0000ad5e       0x40 C:/nxp/MCUXpressoIDE_11.10.0_3148/ide/plugins/com.nxp.mcuxpresso.tools.win32_11.10.0.202311280810/tools/bin/../lib/gcc/arm-none-eabi/13.2.1/../../../../arm-none-eabi/lib/thumb/v8-m.main+fp/hard\libcr_c.a(_do_fflush.o)
                0x0000ad5e                _do_fflush
 .text.__aeabi_division_uldivmod
                0x0000ad9e      0x174 C:/nxp/MCUXpressoIDE_11.10.0_3148/ide/plugins/com.nxp.mcuxpresso.tools.win32_11.10.0.202311280810/tools/bin/../lib/gcc/arm-none-eabi/13.2.1/thumb/v8-m.main+fp/hard\libcr_eabihelpers.a(division_64.o)
                0x0000ad9e                __aeabi_uldivmod
                0x0000ada2                __bhs_ldivmod1
 .text.__aeabi_division_idiv0
                0x0000af12        0x2 C:/nxp/MCUXpressoIDE_11.10.0_3148/ide/plugins/com.nxp.mcuxpresso.tools.win32_11.10.0.202311280810/tools/bin/../lib/gcc/arm-none-eabi/13.2.1/thumb/v8-m.main+fp/hard\libcr_eabihelpers.a(division_idiv0.o)
                0x0000af12                __aeabi_idiv0
 .text.__aeabi_memset_lowlevel
                0x0000af14       0x32 C:/nxp/MCUXpressoIDE_11.10.0_3148/ide/plugins/com.nxp.mcuxpresso.tools.win32_11.10.0.202311280810/tools/bin/../lib/gcc/arm-none-eabi/13.2.1/thumb/v8-m.main+fp/hard\libcr_eabihelpers.a(memcpy.o)
                0x0000af14                __aeabi_lowlevel_memset
 .text.__sys_close
                0x0000af46        0x6 C:/nxp/MCUXpressoIDE_11.10.0_3148/ide/plugins/com.nxp.mcuxpresso.tools.win32_11.10.0.202311280810/tools/bin/../lib/gcc/arm-none-eabi/13.2.1/../../../../arm-none-eabi/lib/thumb/v8-m.main+fp/hard\libcr_nohost_nf.a(__sys_close.o)
                0x0000af46                __sys_close
 .text.__sys_flen
                0x0000af4c        0x6 C:/nxp/MCUXpressoIDE_11.10.0_3148/ide/plugins/com.nxp.mcuxpresso.tools.win32_11.10.0.202311280810/tools/bin/../lib/gcc/arm-none-eabi/13.2.1/../../../../arm-none-eabi/lib/thumb/v8-m.main+fp/hard\libcr_nohost_nf.a(__sys_flen.o)
                0x0000af4c                __sys_flen
 .text.__sys_istty
                0x0000af52        0x6 C:/nxp/MCUXpressoIDE_11.10.0_3148/ide/plugins/com.nxp.mcuxpresso.tools.win32_11.10.0.202311280810/tools/bin/../lib/gcc/arm-none-eabi/13.2.1/../../../../arm-none-eabi/lib/thumb/v8-m.main+fp/hard\libcr_nohost_nf.a(__sys_istty.o)
                0x0000af52                __sys_istty
 .text.__sys_remove
                0x0000af58        0x6 C:/nxp/MCUXpressoIDE_11.10.0_3148/ide/plugins/com.nxp.mcuxpresso.tools.win32_11.10.0.202311280810/tools/bin/../lib/gcc/arm-none-eabi/13.2.1/../../../../arm-none-eabi/lib/thumb/v8-m.main+fp/hard\libcr_nohost_nf.a(__sys_remove.o)
                0x0000af58                __sys_remove
 .text.__sys_seek
                0x0000af5e        0x6 C:/nxp/MCUXpressoIDE_11.10.0_3148/ide/plugins/com.nxp.mcuxpresso.tools.win32_11.10.0.202311280810/tools/bin/../lib/gcc/arm-none-eabi/13.2.1/../../../../arm-none-eabi/lib/thumb/v8-m.main+fp/hard\libcr_nohost_nf.a(__sys_seek.o)
                0x0000af5e                __sys_seek
 .text.__sys_tmpnam
                0x0000af64        0x6 C:/nxp/MCUXpressoIDE_11.10.0_3148/ide/plugins/com.nxp.mcuxpresso.tools.win32_11.10.0.202311280810/tools/bin/../lib/gcc/arm-none-eabi/13.2.1/../../../../arm-none-eabi/lib/thumb/v8-m.main+fp/hard\libcr_nohost_nf.a(__sys_tmpnam.o)
                0x0000af64                __sys_tmpnam
 .text.__sys_write
                0x0000af6a        0x4 C:/nxp/MCUXpressoIDE_11.10.0_3148/ide/plugins/com.nxp.mcuxpresso.tools.win32_11.10.0.202311280810/tools/bin/../lib/gcc/arm-none-eabi/13.2.1/../../../../arm-none-eabi/lib/thumb/v8-m.main+fp/hard\libcr_nohost_nf.a(__sys_write.o)
                0x0000af6a                __sys_write
 *(SORT_BY_ALIGNMENT(.rodata) SORT_BY_ALIGNMENT(.rodata.*) SORT_BY_ALIGNMENT(.constdata) SORT_BY_ALIGNMENT(.constdata.*))
 *fill*         0x0000af6e        0x2 ff
 .rodata.__assertion_failed.str1.4
                0x0000af70     0x145e ./utilities/fsl_assert.o
                                 0x14 (size before relaxing)
 *fill*         0x0000c3ce        0x2 ff
 .rodata.long_offset
                0x0000c3d0       0x10 ./source/stream_platform/lpc55s69evk/platform_lpc55s69evk.o
                0x0000c3d0                long_offset
 .rodata.platform_io
                0x0000c3e0       0x28 ./source/stream_platform/lpc55s69evk/platform_lpc55s69evk.o
                0x0000c3e0                platform_io
 .rodata.graph_input
                0x0000c408       0xc4 ./source/stream_platform/lpc55s69evk/platform_lpc55s69evk.o
                0x0000c408                graph_input
 .rodata.application_callbacks
                0x0000c4cc       0x20 ./source/stream_platform/lpc55s69evk/platform_lpc55s69evk.o
                0x0000c4cc                application_callbacks
 .rodata.al_service
                0x0000c4ec        0x4 ./source/stream_platform/lpc55s69evk/platform_lpc55s69evk.o
                0x0000c4ec                al_service
 .rodata.share_parameter_presets
                0x0000c4f0       0x84 ./source/stream_nodes/Basic/arm/split/arm_stream_split.o
                0x0000c4f0                share_parameter_presets
 .rodata.mixer_parameter_presets
                0x0000c574       0x84 ./source/stream_nodes/Basic/arm/mixer/arm_stream_mixer.o
                0x0000c574                mixer_parameter_presets
 .rodata.detector2D_preset
                0x0000c5f8       0x28 ./source/stream_nodes/AI/arm/detector2D/arm_stream_detector2D.o
                0x0000c5f8                detector2D_preset
 .rodata.detector_preset
                0x0000c620       0x28 ./source/stream_nodes/AI/arm/detector/arm_stream_detector.o
                0x0000c620                detector_preset
 .rodata.DMA_EnableChannel.str1.4
                0x0000c648       0xf6 ./source/i2s_dma_record_playback.o
 .rodata.DMA_SetChannelPriority.str1.4
                0x0000c648       0xf6 ./source/i2s_dma_record_playback.o
 .rodata.main.str1.4
                0x0000c648       0x8c ./source/i2s_dma_record_playback.o
 .rodata.StartDigitalLoopback.str1.4
                0x0000c648       0x19 ./source/i2s_dma_record_playback.o
 .rodata.SDK_DelayAtLeastUs.str1.4
                0x0000c648       0x2b ./drivers/fsl_common_arm.o
 .rodata.DMA_EnableChannelInterrupts.str1.4
                0x0000c648       0x85 ./drivers/fsl_dma.o
 .rodata.DMA_EnableChannel.str1.4
                0x0000c648       0x85 ./drivers/fsl_dma.o
 .rodata.DMA_DisableChannel.str1.4
                0x0000c648       0x85 ./drivers/fsl_dma.o
 .rodata.s_dmaBases
                0x0000c648        0x8 ./drivers/fsl_dma.o
 .rodata.s_dmaClockName
                0x0000c650        0x4 ./drivers/fsl_dma.o
 .rodata.s_dmaResets
                0x0000c654        0x8 ./drivers/fsl_dma.o
 .rodata.s_dmaIRQNumber
                0x0000c65c        0x2 ./drivers/fsl_dma.o
 .rodata.DMA_GetInstance.str1.4
                0x0000c65e       0x32 ./drivers/fsl_dma.o
 .rodata.DMA_SetupDescriptor.str1.4
                0x0000c65e       0x79 ./drivers/fsl_dma.o
 .rodata.DMA_AbortTransfer.str1.4
                0x0000c65e       0x1f ./drivers/fsl_dma.o
 .rodata.DMA_CreateHandle.str1.4
                0x0000c65e       0x64 ./drivers/fsl_dma.o
 .rodata.DMA_SetCallback.str1.4
                0x0000c65e       0x1f ./drivers/fsl_dma.o
 .rodata.DMA_SubmitChannelTransferParameter.str1.4
                0x0000c65e       0xa1 ./drivers/fsl_dma.o
 .rodata.DMA_StartTransfer.str1.4
                0x0000c65e       0x76 ./drivers/fsl_dma.o
 *fill*         0x0000c65e        0x2 ff
 .rodata.s_flexcommBaseAddrs
                0x0000c660       0x24 ./drivers/fsl_flexcomm.o
 .rodata.s_flexcommClocks
                0x0000c684       0x12 ./drivers/fsl_flexcomm.o
 *fill*         0x0000c696        0x2 ff
 .rodata.s_flexcommResets
                0x0000c698       0x24 ./drivers/fsl_flexcomm.o
 .rodata.FLEXCOMM_GetInstance.str1.4
                0x0000c6bc       0x41 ./drivers/fsl_flexcomm.o
 .rodata.FLEXCOMM0_DriverIRQHandler.str1.4
                0x0000c6bc       0x3c ./drivers/fsl_flexcomm.o
 .rodata.FLEXCOMM1_DriverIRQHandler.str1.4
                0x0000c6bc       0x3c ./drivers/fsl_flexcomm.o
 .rodata.FLEXCOMM2_DriverIRQHandler.str1.4
                0x0000c6bc       0x3c ./drivers/fsl_flexcomm.o
 .rodata.FLEXCOMM3_DriverIRQHandler.str1.4
                0x0000c6bc       0x3c ./drivers/fsl_flexcomm.o
 .rodata.FLEXCOMM4_DriverIRQHandler.str1.4
                0x0000c6bc       0x3c ./drivers/fsl_flexcomm.o
 .rodata.FLEXCOMM5_DriverIRQHandler.str1.4
                0x0000c6bc       0x3c ./drivers/fsl_flexcomm.o
 .rodata.FLEXCOMM6_DriverIRQHandler.str1.4
                0x0000c6bc       0x3c ./drivers/fsl_flexcomm.o
 .rodata.FLEXCOMM7_DriverIRQHandler.str1.4
                0x0000c6bc       0x3c ./drivers/fsl_flexcomm.o
 .rodata.FLEXCOMM8_DriverIRQHandler.str1.4
                0x0000c6bc       0x3c ./drivers/fsl_flexcomm.o
 .rodata.I2C_MasterSetTimeoutValue.str1.4
                0x0000c6bc       0x3a ./drivers/fsl_i2c.o
 .rodata.I2C_MasterWriteBlocking.str1.4
                0x0000c6bc       0x1f ./drivers/fsl_i2c.o
 .rodata.I2C_MasterReadBlocking.str1.4
                0x0000c6bc       0x1f ./drivers/fsl_i2c.o
 .rodata.I2C_MasterTransferBlocking.str1.4
                0x0000c6bc       0x1d ./drivers/fsl_i2c.o
 .rodata.I2S_Config.str1.4
                0x0000c6bc       0x1f ./drivers/fsl_i2s.o
 .rodata.DMA_EnableChannelInterrupts.str1.4
                0x0000c6bc       0x85 ./drivers/fsl_i2s_dma.o
 .rodata.DMA_DisableChannelInterrupts.str1.4
                0x0000c6bc       0x85 ./drivers/fsl_i2s_dma.o
 .rodata.DMA_EnableChannelPeriphRq.str1.4
                0x0000c6bc       0x85 ./drivers/fsl_i2s_dma.o
 .rodata.s_I2sBaseAddrs
                0x0000c6bc       0x20 ./drivers/fsl_i2s_dma.o
 .rodata.I2S_EnqueueUserBuffer.str1.4
                0x0000c6dc       0xbf ./drivers/fsl_i2s_dma.o
 .rodata.I2S_GetInstance.str1.4
                0x0000c6dc       0x1a ./drivers/fsl_i2s_dma.o
 .rodata.I2S_TxTransferCreateHandleDMA.str1.4
                0x0000c6dc       0x4a ./drivers/fsl_i2s_dma.o
 .rodata.I2S_TransferAbortDMA.str1.4
                0x0000c6dc       0x52 ./drivers/fsl_i2s_dma.o
 .rodata.I2S_GetTransferBytes.str1.4
                0x0000c6dc       0x25 ./drivers/fsl_i2s_dma.o
 .rodata.RESET_SetPeripheralReset.str1.4
                0x0000c6dc       0x1e ./drivers/fsl_reset.o
 .rodata.RESET_ClearPeripheralReset.str1.4
                0x0000c6dc       0x1e ./drivers/fsl_reset.o
 .rodata.SYSCTL_GetInstance.str1.4
                0x0000c6dc       0x36 ./drivers/fsl_sysctl.o
 .rodata.USART_Init.str1.4
                0x0000c6dc       0x4f ./drivers/fsl_usart.o
 .rodata.USART_GetDefaultConfig.str1.4
                0x0000c6dc       0x21 ./drivers/fsl_usart.o
 .rodata.USART_SetBaudRate.str1.4
                0x0000c6dc       0x53 ./drivers/fsl_usart.o
 .rodata.USART_WriteBlocking.str1.4
                0x0000c6dc       0x36 ./drivers/fsl_usart.o
 .rodata.USART_ReadBlocking.str1.4
                0x0000c6dc       0x36 ./drivers/fsl_usart.o
 .rodata.s_UsartAdapterBase
                0x0000c6dc       0x20 ./component/uart/fsl_adapter_usart.o
 .rodata.HAL_UartInitCommon.str1.4
                0x0000c6fc       0xeb ./component/uart/fsl_adapter_usart.o
 .rodata.HAL_UartReceiveBlocking.str1.4
                0x0000c6fc       0x65 ./component/uart/fsl_adapter_usart.o
 .rodata.HAL_UartSendBlocking.str1.4
                0x0000c6fc       0x65 ./component/uart/fsl_adapter_usart.o
 .rodata.s_i2cBases
                0x0000c6fc       0x20 ./component/i2c/fsl_adapter_flexcomm_i2c.o
 .rodata.HAL_I2cMasterInit.str1.4
                0x0000c71c       0x56 ./component/i2c/fsl_adapter_flexcomm_i2c.o
 .rodata.HAL_I2cMasterTransferBlocking.str1.4
                0x0000c71c       0x4e ./component/i2c/fsl_adapter_flexcomm_i2c.o
 .rodata.s_wm8904_capability
                0x0000c71c       0x10 ./codec/port/wm8904/fsl_codec_wm8904_adapter.o
 .rodata.HAL_CODEC_WM8904_Init.str1.4
                0x0000c72c       0x45 ./codec/port/wm8904/fsl_codec_wm8904_adapter.o
 .rodata.HAL_CODEC_WM8904_SetVolume.str1.4
                0x0000c72c       0x72 ./codec/port/wm8904/fsl_codec_wm8904_adapter.o
 .rodata.CODEC_Init.str1.4
                0x0000c72c       0x3d ./codec/fsl_codec_common.o
 .rodata.CODEC_SetVolume.str1.4
                0x0000c72c       0xc1 ./codec/fsl_codec_common.o
 .rodata.WM8904_WriteRegister.str1.4
                0x0000c72c       0x62 ./codec/fsl_wm8904.o
 .rodata.WM8904_ReadRegister.str1.4
                0x0000c72c       0x62 ./codec/fsl_wm8904.o
 .rodata.WM8904_Init.str1.4
                0x0000c72c       0x4c ./codec/fsl_wm8904.o
 .rodata.WM8904_SetFLLConfig.str1.4
                0x0000c72c       0x46 ./codec/fsl_wm8904.o
 .rodata.WM8904_CheckAudioFormat.str1.4
                0x0000c72c       0x38 ./codec/fsl_wm8904.o
 .rodata.WM8904_SetChannelVolume.str1.4
                0x0000c72c       0x46 ./codec/fsl_wm8904.o
 .rodata.__num_Ciob_streams
                0x0000c72c        0x4 C:/nxp/MCUXpressoIDE_11.10.0_3148/ide/plugins/com.nxp.mcuxpresso.tools.win32_11.10.0.202311280810/tools/bin/../lib/gcc/arm-none-eabi/13.2.1/../../../../arm-none-eabi/lib/thumb/v8-m.main+fp/hard\libcr_nohost_nf.a(__ciob.o)
                0x0000c72c                __num_Ciob_streams
 .rodata._initio.str1.1
                0x0000c730        0x4 C:/nxp/MCUXpressoIDE_11.10.0_3148/ide/plugins/com.nxp.mcuxpresso.tools.win32_11.10.0.202311280810/tools/bin/../lib/gcc/arm-none-eabi/13.2.1/../../../../arm-none-eabi/lib/thumb/v8-m.main+fp/hard\libcr_c.a(initio.o)
                0x0000c7f0                        . = ALIGN (0x4)

.glue_7         0x0000c734        0x0
 .glue_7        0x0000c734        0x0 linker stubs

.glue_7t        0x0000c734        0x0
 .glue_7t       0x0000c734        0x0 linker stubs

.vfp11_veneer   0x0000c734        0x0
 .vfp11_veneer  0x0000c734        0x0 linker stubs

.v4_bx          0x0000c734        0x0
 .v4_bx         0x0000c734        0x0 linker stubs

.iplt           0x0000c734        0x0
 .iplt          0x0000c734        0x0 ./utilities/fsl_assert.o

.rel.dyn        0x0000c734        0x0
 .rel.iplt      0x0000c734        0x0 ./utilities/fsl_assert.o

.ARM.extab
 *(SORT_BY_ALIGNMENT(.ARM.extab*) SORT_BY_ALIGNMENT(.gnu.linkonce.armextab.*))

.ARM.exidx      0x0000c734        0x0
                0x0000c734                        __exidx_start = .
 *(SORT_BY_ALIGNMENT(.ARM.exidx*) SORT_BY_ALIGNMENT(.gnu.linkonce.armexidx.*))
                0x0000c734                        __exidx_end = .
                0x0000c734                        _etext = .

.m_usb_data
 *(SORT_BY_ALIGNMENT(m_usb_global))

.data_RAM2      0x04000000        0x0 load address 0x0000c734
 FILL mask 0xff
                [!provide]                        PROVIDE (__start_data_RAM2 = .)
                [!provide]                        PROVIDE (__start_data_SRAMX = .)
 *(SORT_BY_ALIGNMENT(.ramfunc.$RAM2))
 *(SORT_BY_ALIGNMENT(.ramfunc.$SRAMX))
 *(SORT_BY_ALIGNMENT(.data.$RAM2))
 *(SORT_BY_ALIGNMENT(.data.$SRAMX))
 *(SORT_BY_ALIGNMENT(.data.$RAM2.*))
 *(SORT_BY_ALIGNMENT(.data.$SRAMX.*))
                0x04000000                        . = ALIGN (0x4)
                [!provide]                        PROVIDE (__end_data_RAM2 = .)
                [!provide]                        PROVIDE (__end_data_SRAMX = .)

.data_RAM3      0x40100000        0x0 load address 0x0000c734
 FILL mask 0xff
                [!provide]                        PROVIDE (__start_data_RAM3 = .)
                [!provide]                        PROVIDE (__start_data_USB_RAM = .)
 *(SORT_BY_ALIGNMENT(.ramfunc.$RAM3))
 *(SORT_BY_ALIGNMENT(.ramfunc.$USB_RAM))
 *(SORT_BY_ALIGNMENT(.data.$RAM3))
 *(SORT_BY_ALIGNMENT(.data.$USB_RAM))
 *(SORT_BY_ALIGNMENT(.data.$RAM3.*))
 *(SORT_BY_ALIGNMENT(.data.$USB_RAM.*))
                0x40100000                        . = ALIGN (0x4)
                [!provide]                        PROVIDE (__end_data_RAM3 = .)
                [!provide]                        PROVIDE (__end_data_USB_RAM = .)

.data_RAM4      0x20040000        0x0 load address 0x0000c734
 FILL mask 0xff
                [!provide]                        PROVIDE (__start_data_RAM4 = .)
                [!provide]                        PROVIDE (__start_data_SRAM4 = .)
 *(SORT_BY_ALIGNMENT(.ramfunc.$RAM4))
 *(SORT_BY_ALIGNMENT(.ramfunc.$SRAM4))
 *(SORT_BY_ALIGNMENT(.data.$RAM4))
 *(SORT_BY_ALIGNMENT(.data.$SRAM4))
 *(SORT_BY_ALIGNMENT(.data.$RAM4.*))
 *(SORT_BY_ALIGNMENT(.data.$SRAM4.*))
                0x20040000                        . = ALIGN (0x4)
                [!provide]                        PROVIDE (__end_data_RAM4 = .)
                [!provide]                        PROVIDE (__end_data_SRAM4 = .)

.uninit_RESERVED
                0x20000000        0x0
                0x20000000                        _start_uninit_RESERVED = .
 *(SORT_BY_ALIGNMENT(.bss.$RESERVED*))
                0x20000000                        . = ALIGN (0x4)
                0x20000000                        _end_uninit_RESERVED = .

.data           0x20000000       0x8c load address 0x0000c734
 FILL mask 0xff
                0x20000000                        _data = .
                [!provide]                        PROVIDE (__start_data_RAM = .)
                [!provide]                        PROVIDE (__start_data_SRAM = .)
 *(SORT_BY_ALIGNMENT(vtable))
 *(SORT_BY_ALIGNMENT(.ramfunc*))
 *(SORT_BY_ALIGNMENT(CodeQuickAccess))
 *(SORT_BY_ALIGNMENT(DataQuickAccess))
 *(SORT_BY_ALIGNMENT(RamFunction))
 *(SORT_BY_ALIGNMENT(.data*))
 .data.node_entry_point_table
                0x20000000       0x50 ./source/stream_platform/lpc55s69evk/platform_lpc55s69evk.o
                0x20000000                node_entry_point_table
 .data.wm8904Config
                0x20000050       0x24 ./source/i2s_dma_record_playback.o
                0x20000050                wm8904Config
 .data.boardCodecConfig
                0x20000074        0x8 ./source/i2s_dma_record_playback.o
                0x20000074                boardCodecConfig
 .data.s_Ext_Clk_Freq
                0x2000007c        0x4 ./drivers/fsl_clock.o
 .data.s_dma_descriptor_table
                0x20000080        0x8 ./drivers/fsl_dma.o
 .data.SystemCoreClock
                0x20000088        0x4 ./device/system_LPC55S69_cm33_core0.o
                0x20000088                SystemCoreClock
                0x2000008c                        . = ALIGN (0x4)
                0x2000008c                        _edata = .
                [!provide]                        PROVIDE (__end_data_RAM = .)
                [!provide]                        PROVIDE (__end_data_SRAM = .)

.igot.plt       0x2000008c        0x0 load address 0x0000c7c0
 .igot.plt      0x2000008c        0x0 ./utilities/fsl_assert.o

.bss_RAM2       0x04000000        0x0
                [!provide]                        PROVIDE (__start_bss_RAM2 = .)
                [!provide]                        PROVIDE (__start_bss_SRAMX = .)
 *(SORT_BY_ALIGNMENT(.bss.$RAM2))
 *(SORT_BY_ALIGNMENT(.bss.$SRAMX))
 *(SORT_BY_ALIGNMENT(.bss.$RAM2.*))
 *(SORT_BY_ALIGNMENT(.bss.$SRAMX.*))
                0x04000000                        . = ALIGN ((. != 0x0)?0x4:0x1)
                [!provide]                        PROVIDE (__end_bss_RAM2 = .)
                [!provide]                        PROVIDE (__end_bss_SRAMX = .)

.bss_RAM3       0x40100000        0x0
                [!provide]                        PROVIDE (__start_bss_RAM3 = .)
                [!provide]                        PROVIDE (__start_bss_USB_RAM = .)
 *(SORT_BY_ALIGNMENT(.bss.$RAM3))
 *(SORT_BY_ALIGNMENT(.bss.$USB_RAM))
 *(SORT_BY_ALIGNMENT(.bss.$RAM3.*))
 *(SORT_BY_ALIGNMENT(.bss.$USB_RAM.*))
                0x40100000                        . = ALIGN ((. != 0x0)?0x4:0x1)
                [!provide]                        PROVIDE (__end_bss_RAM3 = .)
                [!provide]                        PROVIDE (__end_bss_USB_RAM = .)

.bss_RAM4       0x20040000        0x0
                [!provide]                        PROVIDE (__start_bss_RAM4 = .)
                [!provide]                        PROVIDE (__start_bss_SRAM4 = .)
 *(SORT_BY_ALIGNMENT(.bss.$RAM4))
 *(SORT_BY_ALIGNMENT(.bss.$SRAM4))
 *(SORT_BY_ALIGNMENT(.bss.$RAM4.*))
 *(SORT_BY_ALIGNMENT(.bss.$SRAM4.*))
                0x20040000                        . = ALIGN ((. != 0x0)?0x4:0x1)
                [!provide]                        PROVIDE (__end_bss_RAM4 = .)
                [!provide]                        PROVIDE (__end_bss_SRAM4 = .)

.bss            0x20000200     0x7a48
                0x20000200                        _bss = .
                [!provide]                        PROVIDE (__start_bss_RAM = .)
                [!provide]                        PROVIDE (__start_bss_SRAM = .)
 *(SORT_BY_ALIGNMENT(.bss*))
 .bss.s_dma_descriptor_table0
                0x20000200      0x170 ./drivers/fsl_dma.o
 *fill*         0x20000370       0x90 
 .bss.s_dma_descriptor_table1
                0x20000400      0x170 ./drivers/fsl_dma.o
 .bss.s_DmaDescriptors
                0x20000570      0x100 ./drivers/fsl_i2s_dma.o
 .bss.s_debugConsole
                0x20000670       0x14 ./utilities/fsl_debug_console.o
 .bss.DEBUG_CNT.0
                0x20000684        0x4 ./source/stream_src/stream_scheduler.o
 .bss.instance  0x20000688       0x60 ./source/stream_platform/lpc55s69evk/main_call.o
                0x20000688                instance
 .bss.MEXT      0x200006e8     0x6000 ./source/stream_platform/lpc55s69evk/platform_lpc55s69evk.o
 .bss.BACKUPMEM1
                0x200066e8       0x80 ./source/stream_platform/lpc55s69evk/platform_lpc55s69evk.o
 .bss.TCM2      0x20006768       0x80 ./source/stream_platform/lpc55s69evk/platform_lpc55s69evk.o
 .bss.FLASH3    0x200067e8       0x80 ./source/stream_platform/lpc55s69evk/platform_lpc55s69evk.o
 .bss.platform_io_al_idx_to_graph
                0x20006868        0xa ./source/stream_platform/lpc55s69evk/platform_lpc55s69evk.o
                0x20006868                platform_io_al_idx_to_graph
 *fill*         0x20006872        0x2 
 .bss.platform_io_callback_parameter
                0x20006874        0x4 ./source/stream_platform/lpc55s69evk/platform_lpc55s69evk.o
                0x20006874                platform_io_callback_parameter
 .bss.RX_Buffer
                0x20006878      0x780 ./source/i2s_dma_record_playback.o
 .bss.TX_Buffer
                0x20006ff8      0x780 ./source/i2s_dma_record_playback.o
 .bss.s_DmaTxHandle
                0x20007778       0x10 ./source/i2s_dma_record_playback.o
 .bss.s_DmaRxHandle
                0x20007788       0x10 ./source/i2s_dma_record_playback.o
 .bss.s_TxConfig
                0x20007798       0x12 ./source/i2s_dma_record_playback.o
 *fill*         0x200077aa        0x2 
 .bss.s_RxConfig
                0x200077ac       0x12 ./source/i2s_dma_record_playback.o
 *fill*         0x200077be        0x2 
 .bss.s_TxHandle
                0x200077c0       0x40 ./source/i2s_dma_record_playback.o
 .bss.s_RxHandle
                0x20007800       0x40 ./source/i2s_dma_record_playback.o
 .bss.s_TxTransfer
                0x20007840        0x8 ./source/i2s_dma_record_playback.o
 .bss.s_RxTransfer
                0x20007848        0x8 ./source/i2s_dma_record_playback.o
 .bss.codecHandle
                0x20007850       0x74 ./source/i2s_dma_record_playback.o
                0x20007850                codecHandle
 .bss.s_Pll0_Freq
                0x200078c4        0x4 ./drivers/fsl_clock.o
 .bss.s_DMAHandle
                0x200078c8       0xb8 ./drivers/fsl_dma.o
 .bss.s_flexcommIrqHandler
                0x20007980       0x24 ./drivers/fsl_flexcomm.o
 .bss.s_flexcommHandle
                0x200079a4       0x24 ./drivers/fsl_flexcomm.o
 .bss.s_DummyBufferTx
                0x200079c8        0x4 ./drivers/fsl_i2s_dma.o
 .bss.s_DummyBufferRx
                0x200079cc        0x4 ./drivers/fsl_i2s_dma.o
 .bss.s_DmaPrivateHandle
                0x200079d0      0x1c0 ./drivers/fsl_i2s_dma.o
 .bss.errno     0x20007b90        0x4 C:/nxp/MCUXpressoIDE_11.10.0_3148/ide/plugins/com.nxp.mcuxpresso.tools.win32_11.10.0.202311280810/tools/bin/../lib/gcc/arm-none-eabi/13.2.1/../../../../arm-none-eabi/lib/thumb/v8-m.main+fp/hard\libcr_c.a(errno.o)
                0x20007b90                errno
 .bss.__Ciob    0x20007b94       0xb4 C:/nxp/MCUXpressoIDE_11.10.0_3148/ide/plugins/com.nxp.mcuxpresso.tools.win32_11.10.0.202311280810/tools/bin/../lib/gcc/arm-none-eabi/13.2.1/../../../../arm-none-eabi/lib/thumb/v8-m.main+fp/hard\libcr_nohost_nf.a(__ciob.o)
                0x20007b94                __Ciob
 *(SORT_BY_ALIGNMENT(COMMON))
                0x20007c48                        . = ALIGN (0x4)
                0x20007c48                        _ebss = .
                [!provide]                        PROVIDE (__end_bss_RAM = .)
                [!provide]                        PROVIDE (__end_bss_SRAM = .)
                [!provide]                        PROVIDE (end = .)

.noinit_RAM2    0x04000000        0x0
                [!provide]                        PROVIDE (__start_noinit_RAM2 = .)
                [!provide]                        PROVIDE (__start_noinit_SRAMX = .)
 *(SORT_BY_ALIGNMENT(.noinit.$RAM2))
 *(SORT_BY_ALIGNMENT(.noinit.$SRAMX))
 *(SORT_BY_ALIGNMENT(.noinit.$RAM2.*))
 *(SORT_BY_ALIGNMENT(.noinit.$SRAMX.*))
                0x04000000                        . = ALIGN (0x4)
                [!provide]                        PROVIDE (__end_noinit_RAM2 = .)
                [!provide]                        PROVIDE (__end_noinit_SRAMX = .)

.noinit_RAM3    0x40100000        0x0
                [!provide]                        PROVIDE (__start_noinit_RAM3 = .)
                [!provide]                        PROVIDE (__start_noinit_USB_RAM = .)
 *(SORT_BY_ALIGNMENT(.noinit.$RAM3))
 *(SORT_BY_ALIGNMENT(.noinit.$USB_RAM))
 *(SORT_BY_ALIGNMENT(.noinit.$RAM3.*))
 *(SORT_BY_ALIGNMENT(.noinit.$USB_RAM.*))
                0x40100000                        . = ALIGN (0x4)
                [!provide]                        PROVIDE (__end_noinit_RAM3 = .)
                [!provide]                        PROVIDE (__end_noinit_USB_RAM = .)

.noinit_RAM4    0x20040000        0x0
                [!provide]                        PROVIDE (__start_noinit_RAM4 = .)
                [!provide]                        PROVIDE (__start_noinit_SRAM4 = .)
 *(SORT_BY_ALIGNMENT(.noinit.$RAM4))
 *(SORT_BY_ALIGNMENT(.noinit.$SRAM4))
 *(SORT_BY_ALIGNMENT(.noinit.$RAM4.*))
 *(SORT_BY_ALIGNMENT(.noinit.$SRAM4.*))
                0x20040000                        . = ALIGN (0x4)
                [!provide]                        PROVIDE (__end_noinit_RAM4 = .)
                [!provide]                        PROVIDE (__end_noinit_SRAM4 = .)

.noinit         0x20007c48        0x0